Archive member included to satisfy reference by file (symbol)

c:/program files (x86)/stm32cubeide_1.7.0/stm32cubeide/plugins/com.st.stm32cube.ide.mcu.externaltools.gnu-tools-for-stm32.9-2020-q2-update.win32_2.0.0.202105311346/tools/bin/../lib/gcc/arm-none-eabi/9.3.1/../../../../arm-none-eabi/lib/thumb/v7-m/nofp\libc_nano.a(lib_a-errno.o)
                              ./Core/Src/syscalls.o (__errno)
c:/program files (x86)/stm32cubeide_1.7.0/stm32cubeide/plugins/com.st.stm32cube.ide.mcu.externaltools.gnu-tools-for-stm32.9-2020-q2-update.win32_2.0.0.202105311346/tools/bin/../lib/gcc/arm-none-eabi/9.3.1/../../../../arm-none-eabi/lib/thumb/v7-m/nofp\libc_nano.a(lib_a-exit.o)
                              c:/program files (x86)/stm32cubeide_1.7.0/stm32cubeide/plugins/com.st.stm32cube.ide.mcu.externaltools.gnu-tools-for-stm32.9-2020-q2-update.win32_2.0.0.202105311346/tools/bin/../lib/gcc/arm-none-eabi/9.3.1/../../../../arm-none-eabi/lib/thumb/v7-m/nofp/crt0.o (exit)
c:/program files (x86)/stm32cubeide_1.7.0/stm32cubeide/plugins/com.st.stm32cube.ide.mcu.externaltools.gnu-tools-for-stm32.9-2020-q2-update.win32_2.0.0.202105311346/tools/bin/../lib/gcc/arm-none-eabi/9.3.1/../../../../arm-none-eabi/lib/thumb/v7-m/nofp\libc_nano.a(lib_a-findfp.o)
                              ./Middlewares/Third_Party/FreeRTOS/Source/tasks.o (__sf_fake_stderr)
c:/program files (x86)/stm32cubeide_1.7.0/stm32cubeide/plugins/com.st.stm32cube.ide.mcu.externaltools.gnu-tools-for-stm32.9-2020-q2-update.win32_2.0.0.202105311346/tools/bin/../lib/gcc/arm-none-eabi/9.3.1/../../../../arm-none-eabi/lib/thumb/v7-m/nofp\libc_nano.a(lib_a-fwalk.o)
                              c:/program files (x86)/stm32cubeide_1.7.0/stm32cubeide/plugins/com.st.stm32cube.ide.mcu.externaltools.gnu-tools-for-stm32.9-2020-q2-update.win32_2.0.0.202105311346/tools/bin/../lib/gcc/arm-none-eabi/9.3.1/../../../../arm-none-eabi/lib/thumb/v7-m/nofp\libc_nano.a(lib_a-findfp.o) (_fwalk)
c:/program files (x86)/stm32cubeide_1.7.0/stm32cubeide/plugins/com.st.stm32cube.ide.mcu.externaltools.gnu-tools-for-stm32.9-2020-q2-update.win32_2.0.0.202105311346/tools/bin/../lib/gcc/arm-none-eabi/9.3.1/../../../../arm-none-eabi/lib/thumb/v7-m/nofp\libc_nano.a(lib_a-impure.o)
                              c:/program files (x86)/stm32cubeide_1.7.0/stm32cubeide/plugins/com.st.stm32cube.ide.mcu.externaltools.gnu-tools-for-stm32.9-2020-q2-update.win32_2.0.0.202105311346/tools/bin/../lib/gcc/arm-none-eabi/9.3.1/../../../../arm-none-eabi/lib/thumb/v7-m/nofp\libc_nano.a(lib_a-exit.o) (_global_impure_ptr)
c:/program files (x86)/stm32cubeide_1.7.0/stm32cubeide/plugins/com.st.stm32cube.ide.mcu.externaltools.gnu-tools-for-stm32.9-2020-q2-update.win32_2.0.0.202105311346/tools/bin/../lib/gcc/arm-none-eabi/9.3.1/../../../../arm-none-eabi/lib/thumb/v7-m/nofp\libc_nano.a(lib_a-init.o)
                              c:/program files (x86)/stm32cubeide_1.7.0/stm32cubeide/plugins/com.st.stm32cube.ide.mcu.externaltools.gnu-tools-for-stm32.9-2020-q2-update.win32_2.0.0.202105311346/tools/bin/../lib/gcc/arm-none-eabi/9.3.1/../../../../arm-none-eabi/lib/thumb/v7-m/nofp/crt0.o (__libc_init_array)
c:/program files (x86)/stm32cubeide_1.7.0/stm32cubeide/plugins/com.st.stm32cube.ide.mcu.externaltools.gnu-tools-for-stm32.9-2020-q2-update.win32_2.0.0.202105311346/tools/bin/../lib/gcc/arm-none-eabi/9.3.1/../../../../arm-none-eabi/lib/thumb/v7-m/nofp\libc_nano.a(lib_a-lock.o)
                              c:/program files (x86)/stm32cubeide_1.7.0/stm32cubeide/plugins/com.st.stm32cube.ide.mcu.externaltools.gnu-tools-for-stm32.9-2020-q2-update.win32_2.0.0.202105311346/tools/bin/../lib/gcc/arm-none-eabi/9.3.1/../../../../arm-none-eabi/lib/thumb/v7-m/nofp\libc_nano.a(lib_a-findfp.o) (__retarget_lock_init_recursive)
c:/program files (x86)/stm32cubeide_1.7.0/stm32cubeide/plugins/com.st.stm32cube.ide.mcu.externaltools.gnu-tools-for-stm32.9-2020-q2-update.win32_2.0.0.202105311346/tools/bin/../lib/gcc/arm-none-eabi/9.3.1/../../../../arm-none-eabi/lib/thumb/v7-m/nofp\libc_nano.a(lib_a-memcpy-stub.o)
                              ./Middlewares/Third_Party/FreeRTOS/Source/queue.o (memcpy)
c:/program files (x86)/stm32cubeide_1.7.0/stm32cubeide/plugins/com.st.stm32cube.ide.mcu.externaltools.gnu-tools-for-stm32.9-2020-q2-update.win32_2.0.0.202105311346/tools/bin/../lib/gcc/arm-none-eabi/9.3.1/../../../../arm-none-eabi/lib/thumb/v7-m/nofp\libc_nano.a(lib_a-memset.o)
                              c:/program files (x86)/stm32cubeide_1.7.0/stm32cubeide/plugins/com.st.stm32cube.ide.mcu.externaltools.gnu-tools-for-stm32.9-2020-q2-update.win32_2.0.0.202105311346/tools/bin/../lib/gcc/arm-none-eabi/9.3.1/../../../../arm-none-eabi/lib/thumb/v7-m/nofp/crt0.o (memset)
c:/program files (x86)/stm32cubeide_1.7.0/stm32cubeide/plugins/com.st.stm32cube.ide.mcu.externaltools.gnu-tools-for-stm32.9-2020-q2-update.win32_2.0.0.202105311346/tools/bin/../lib/gcc/arm-none-eabi/9.3.1/../../../../arm-none-eabi/lib/thumb/v7-m/nofp\libc_nano.a(lib_a-nano-mallocr.o)
[...]
Memory Configuration

Name             Origin             Length             Attributes
RAM              0x0000000020000000 0x0000000000005000 xrw
FLASH            0x0000000008000000 0x0000000000020000 xr
*default*        0x0000000000000000 0xffffffffffffffff

Linker script and memory map

LOAD c:/program files (x86)/stm32cubeide_1.7.0/stm32cubeide/plugins/com.st.stm32cube.ide.mcu.externaltools.gnu-tools-for-stm32.9-2020-q2-update.win32_2.0.0.202105311346/tools/bin/../lib/gcc/arm-none-eabi/9.3.1/thumb/v7-m/nofp/crti.o
LOAD c:/program files (x86)/stm32cubeide_1.7.0/stm32cubeide/plugins/com.st.stm32cube.ide.mcu.externaltools.gnu-tools-for-stm32.9-2020-q2-update.win32_2.0.0.202105311346/tools/bin/../lib/gcc/arm-none-eabi/9.3.1/thumb/v7-m/nofp/crtbegin.o
LOAD c:/program files (x86)/stm32cubeide_1.7.0/stm32cubeide/plugins/com.st.stm32cube.ide.mcu.externaltools.gnu-tools-for-stm32.9-2020-q2-update.win32_2.0.0.202105311346/tools/bin/../lib/gcc/arm-none-eabi/9.3.1/../../../../arm-none-eabi/lib/thumb/v7-m/nofp/crt0.o
LOAD ./Core/Src/Task_Source/Collector_Math_Task.o
LOAD ./Core/Src/freertos.o
LOAD ./Core/Src/main.o
LOAD ./Core/Src/stm32f1xx_hal_msp.o
LOAD ./Core/Src/stm32f1xx_hal_timebase_tim.o
LOAD ./Core/Src/stm32f1xx_it.o
LOAD ./Core/Src/syscalls.o
LOAD ./Core/Src/sysmem.o
LOAD ./Core/Src/system_stm32f1xx.o
LOAD ./Core/Startup/startup_stm32f103rbtx.o
LOAD ./Drivers/STM32F1xx_HAL_Driver/Src/stm32f1xx_hal.o
LOAD ./Drivers/STM32F1xx_HAL_Driver/Src/stm32f1xx_hal_cortex.o
LOAD ./Drivers/STM32F1xx_HAL_Driver/Src/stm32f1xx_hal_dma.o
LOAD ./Drivers/STM32F1xx_HAL_Driver/Src/stm32f1xx_hal_exti.o
LOAD ./Drivers/STM32F1xx_HAL_Driver/Src/stm32f1xx_hal_flash.o
LOAD ./Drivers/STM32F1xx_HAL_Driver/Src/stm32f1xx_hal_flash_ex.o
LOAD ./Drivers/STM32F1xx_HAL_Driver/Src/stm32f1xx_hal_gpio.o
LOAD ./Drivers/STM32F1xx_HAL_Driver/Src/stm32f1xx_hal_gpio_ex.o
LOAD ./Drivers/STM32F1xx_HAL_Driver/Src/stm32f1xx_hal_pwr.o
LOAD ./Drivers/STM32F1xx_HAL_Driver/Src/stm32f1xx_hal_rcc.o
LOAD ./Drivers/STM32F1xx_HAL_Driver/Src/stm32f1xx_hal_rcc_ex.o
LOAD ./Drivers/STM32F1xx_HAL_Driver/Src/stm32f1xx_hal_spi.o
LOAD ./Drivers/STM32F1xx_HAL_Driver/Src/stm32f1xx_hal_tim.o
LOAD ./Drivers/STM32F1xx_HAL_Driver/Src/stm32f1xx_hal_tim_ex.o
LOAD ./Drivers/STM32F1xx_HAL_Driver/Src/stm32f1xx_hal_uart.o
LOAD ./Library_FREERTOS_HAL/Source/adxl345.o
LOAD ./Library_FREERTOS_HAL/Source/adxl345_rtos.o
LOAD ./Library_FREERTOS_HAL/Source/cobs.o
LOAD ./Library_FREERTOS_HAL/Source/exti_freertos.o
LOAD ./Library_FREERTOS_HAL/Source/gpio_freertos.o
LOAD ./Library_FREERTOS_HAL/Source/spi_freertos.o
LOAD ./Library_FREERTOS_HAL/Source/uart_cobs_service.o
LOAD ./Library_FREERTOS_HAL/Source/uart_freertos.o
LOAD ./Library_math/Source/Compl_FREERTOS.o
LOAD ./Library_math/Source/FFT_FREERTOS.o
LOAD ./Middlewares/Third_Party/FreeRTOS/Source/CMSIS_RTOS/cmsis_os.o
LOAD ./Middlewares/Third_Party/FreeRTOS/Source/croutine.o
LOAD ./Middlewares/Third_Party/FreeRTOS/Source/event_groups.o
LOAD ./Middlewares/Third_Party/FreeRTOS/Source/list.o
LOAD ./Middlewares/Third_Party/FreeRTOS/Source/queue.o
LOAD ./Middlewares/Third_Party/FreeRTOS/Source/stream_buffer.o
LOAD ./Middlewares/Third_Party/FreeRTOS/Source/tasks.o
LOAD ./Middlewares/Third_Party/FreeRTOS/Source/timers.o
LOAD ./Middlewares/Third_Party/FreeRTOS/Source/portable/GCC/ARM_CM3/port.o
LOAD ./Middlewares/Third_Party/FreeRTOS/Source/portable/MemMang/heap_4.o
START GROUP
LOAD c:/program files (x86)/stm32cubeide_1.7.0/stm32cubeide/plugins/com.st.stm32cube.ide.mcu.externaltools.gnu-tools-for-stm32.9-2020-q2-update.win32_2.0.0.202105311346/tools/bin/../lib/gcc/arm-none-eabi/9.3.1/../../../../arm-none-eabi/lib/thumb/v7-m/nofp\libc_nano.a
LOAD c:/program files (x86)/stm32cubeide_1.7.0/stm32cubeide/plugins/com.st.stm32cube.ide.mcu.externaltools.gnu-tools-for-stm32.9-2020-q2-update.win32_2.0.0.202105311346/tools/bin/../lib/gcc/arm-none-eabi/9.3.1/../../../../arm-none-eabi/lib/thumb/v7-m/nofp\libm.a
END GROUP
START GROUP
LOAD c:/program files (x86)/stm32cubeide_1.7.0/stm32cubeide/plugins/com.st.stm32cube.ide.mcu.externaltools.gnu-tools-for-stm32.9-2020-q2-update.win32_2.0.0.202105311346/tools/bin/../lib/gcc/arm-none-eabi/9.3.1/thumb/v7-m/nofp\libgcc.a
LOAD c:/program files (x86)/stm32cubeide_1.7.0/stm32cubeide/plugins/com.st.stm32cube.ide.mcu.externaltools.gnu-tools-for-stm32.9-2020-q2-update.win32_2.0.0.202105311346/tools/bin/../lib/gcc/arm-none-eabi/9.3.1/../../../../arm-none-eabi/lib/thumb/v7-m/nofp\libc_nano.a
END GROUP
START GROUP
LOAD c:/program files (x86)/stm32cubeide_1.7.0/stm32cubeide/plugins/com.st.stm32cube.ide.mcu.externaltools.gnu-tools-for-stm32.9-2020-q2-update.win32_2.0.0.202105311346/tools/bin/../lib/gcc/arm-none-eabi/9.3.1/thumb/v7-m/nofp\libgcc.a
LOAD c:/program files (x86)/stm32cubeide_1.7.0/stm32cubeide/plugins/com.st.stm32cube.ide.mcu.externaltools.gnu-tools-for-stm32.9-2020-q2-update.win32_2.0.0.202105311346/tools/bin/../lib/gcc/arm-none-eabi/9.3.1/../../../../arm-none-eabi/lib/thumb/v7-m/nofp\libc_nano.a
LOAD c:/program files (x86)/stm32cubeide_1.7.0/stm32cubeide/plugins/com.st.stm32cube.ide.mcu.externaltools.gnu-tools-for-stm32.9-2020-q2-update.win32_2.0.0.202105311346/tools/bin/../lib/gcc/arm-none-eabi/9.3.1/../../../../arm-none-eabi/lib/thumb/v7-m/nofp\libnosys.a
END GROUP
START GROUP
LOAD c:/program files (x86)/stm32cubeide_1.7.0/stm32cubeide/plugins/com.st.stm32cube.ide.mcu.externaltools.gnu-tools-for-stm32.9-2020-q2-update.win32_2.0.0.202105311346/tools/bin/../lib/gcc/arm-none-eabi/9.3.1/thumb/v7-m/nofp\libgcc.a
LOAD c:/program files (x86)/stm32cubeide_1.7.0/stm32cubeide/plugins/com.st.stm32cube.ide.mcu.externaltools.gnu-tools-for-stm32.9-2020-q2-update.win32_2.0.0.202105311346/tools/bin/../lib/gcc/arm-none-eabi/9.3.1/../../../../arm-none-eabi/lib/thumb/v7-m/nofp\libc_nano.a
LOAD c:/program files (x86)/stm32cubeide_1.7.0/stm32cubeide/plugins/com.st.stm32cube.ide.mcu.externaltools.gnu-tools-for-stm32.9-2020-q2-update.win32_2.0.0.202105311346/tools/bin/../lib/gcc/arm-none-eabi/9.3.1/../../../../arm-none-eabi/lib/thumb/v7-m/nofp\libnosys.a
END GROUP
LOAD c:/program files (x86)/stm32cubeide_1.7.0/stm32cubeide/plugins/com.st.stm32cube.ide.mcu.externaltools.gnu-tools-for-stm32.9-2020-q2-update.win32_2.0.0.202105311346/tools/bin/../lib/gcc/arm-none-eabi/9.3.1/thumb/v7-m/nofp/crtend.o
LOAD c:/program files (x86)/stm32cubeide_1.7.0/stm32cubeide/plugins/com.st.stm32cube.ide.mcu.externaltools.gnu-tools-for-stm32.9-2020-q2-update.win32_2.0.0.202105311346/tools/bin/../lib/gcc/arm-none-eabi/9.3.1/thumb/v7-m/nofp/crtn.o
                0x0000000020005000                _estack = (ORIGIN (RAM) + LENGTH (RAM))
                0x0000000000000200                _Min_Heap_Size = 0x200
                0x0000000000000400                _Min_Stack_Size = 0x400

.isr_vector     0x0000000008000000      0x10c
                0x0000000008000000                . = ALIGN (0x4)
 *(.isr_vector)
 .isr_vector    0x0000000008000000      0x10c ./Core/Startup/startup_stm32f103rbtx.o
                0x0000000008000000                g_pfnVectors
                0x000000000800010c                . = ALIGN (0x4)

.text           0x0000000008000110     0xd9d4
                0x0000000008000110                . = ALIGN (0x4)
 *(.text)
 .text          0x0000000008000110       0x40 c:/program files (x86)/stm32cubeide_1.7.0/stm32cubeide/plugins/com.st.stm32cube.ide.mcu.externaltools.gnu-tools-for-stm32.9-2020-q2-update.win32_2.0.0.202105311346/tools/bin/../lib/gcc/arm-none-eabi/9.3.1/thumb/v7-m/nofp/crtbegin.o
 .text          0x0000000008000150      0x378 c:/program files (x86)/stm32cubeide_1.7.0/stm32cubeide/plugins/com.st.stm32cube.ide.mcu.externaltools.gnu-tools-for-stm32.9-2020-q2-update.win32_2.0.0.202105311346/tools/bin/../lib/gcc/arm-none-eabi/9.3.1/thumb/v7-m/nofp\libgcc.a(_arm_addsubdf3.o)
                0x0000000008000150                __aeabi_drsub
                0x0000000008000158                __aeabi_dsub
                0x0000000008000158                __subdf3
                0x000000000800015c                __aeabi_dadd
                0x000000000800015c                __adddf3
                0x00000000080003d4                __floatunsidf
                0x00000000080003d4                __aeabi_ui2d
                0x00000000080003f4                __floatsidf
                0x00000000080003f4                __aeabi_i2d
                0x0000000008000418                __aeabi_f2d
                0x0000000008000418                __extendsfdf2
                0x000000000800045c                __floatundidf
                0x000000000800045c                __aeabi_ul2d
                0x000000000800046c                __floatdidf
                0x000000000800046c                __aeabi_l2d
 .text          0x00000000080004c8      0x424 c:/program files (x86)/stm32cubeide_1.7.0/stm32cubeide/plugins/com.st.stm32cube.ide.mcu.externaltools.gnu-tools-for-stm32.9-2020-q2-update.win32_2.0.0.202105311346/tools/bin/../lib/gcc/arm-none-eabi/9.3.1/thumb/v7-m/nofp\libgcc.a(_arm_muldivdf3.o)
                0x00000000080004c8                __aeabi_dmul
                0x00000000080004c8                __muldf3
                0x000000000800071c                __divdf3
                0x000000000800071c                __aeabi_ddiv
 .text          0x00000000080008ec      0x110 c:/program files (x86)/stm32cubeide_1.7.0/stm32cubeide/plugins/com.st.stm32cube.ide.mcu.externaltools.gnu-tools-for-stm32.9-2020-q2-update.win32_2.0.0.202105311346/tools/bin/../lib/gcc/arm-none-eabi/9.3.1/thumb/v7-m/nofp\libgcc.a(_arm_cmpdf2.o)
                0x00000000080008ec                __gtdf2
                0x00000000080008ec                __gedf2
                0x00000000080008f4                __ltdf2
                0x00000000080008f4                __ledf2
                0x00000000080008fc                __nedf2
                0x00000000080008fc                __eqdf2
                0x00000000080008fc                __cmpdf2
                0x0000000008000978                __aeabi_cdrcmple
                0x0000000008000988                __aeabi_cdcmpeq
                0x0000000008000988                __aeabi_cdcmple
                0x0000000008000998                __aeabi_dcmpeq
                0x00000000080009ac                __aeabi_dcmplt
                0x00000000080009c0                __aeabi_dcmple
                0x00000000080009d4                __aeabi_dcmpge
                0x00000000080009e8                __aeabi_dcmpgt
 .text          0x00000000080009fc       0x2c c:/program files (x86)/stm32cubeide_1.7.0/stm32cubeide/plugins/com.st.stm32cube.ide.mcu.externaltools.gnu-tools-for-stm32.9-2020-q2-update.win32_2.0.0.202105311346/tools/bin/../lib/gcc/arm-none-eabi/9.3.1/thumb/v7-m/nofp\libgcc.a(_arm_unorddf2.o)
                0x00000000080009fc                __unorddf2
                0x00000000080009fc                __aeabi_dcmpun
 .text          0x0000000008000a28       0x40 c:/program files (x86)/stm32cubeide_1.7.0/stm32cubeide/plugins/com.st.stm32cube.ide.mcu.externaltools.gnu-tools-for-stm32.9-2020-q2-update.win32_2.0.0.202105311346/tools/bin/../lib/gcc/arm-none-eabi/9.3.1/thumb/v7-m/nofp\libgcc.a(_arm_fixunsdfsi.o)
                0x0000000008000a28                __aeabi_d2uiz
                0x0000000008000a28                __fixunsdfsi
 .text          0x0000000008000a68       0xa0 c:/program files (x86)/stm32cubeide_1.7.0/stm32cubeide/plugins/com.st.stm32cube.ide.mcu.externaltools.gnu-tools-for-stm32.9-2020-q2-update.win32_2.0.0.202105311346/tools/bin/../lib/gcc/arm-none-eabi/9.3.1/thumb/v7-m/nofp\libgcc.a(_arm_truncdfsf2.o)
                0x0000000008000a68                __truncdfsf2
                0x0000000008000a68                __aeabi_d2f
 .text          0x0000000008000b08      0x21c c:/program files (x86)/stm32cubeide_1.7.0/stm32cubeide/plugins/com.st.stm32cube.ide.mcu.externaltools.gnu-tools-for-stm32.9-2020-q2-update.win32_2.0.0.202105311346/tools/bin/../lib/gcc/arm-none-eabi/9.3.1/thumb/v7-m/nofp\libgcc.a(_arm_addsubsf3.o)
                0x0000000008000b08                __aeabi_frsub
                0x0000000008000b10                __subsf3
                0x0000000008000b10                __aeabi_fsub
                0x0000000008000b14                __aeabi_fadd
                0x0000000008000b14                __addsf3
                0x0000000008000c74                __aeabi_ui2f
                0x0000000008000c74                __floatunsisf
                0x0000000008000c7c                __aeabi_i2f
                0x0000000008000c7c                __floatsisf
                0x0000000008000c98                __aeabi_ul2f
                0x0000000008000c98                __floatundisf
                0x0000000008000ca8                __aeabi_l2f
                0x0000000008000ca8                __floatdisf
 .text          0x0000000008000d24      0x2a0 c:/program files (x86)/stm32cubeide_1.7.0/stm32cubeide/plugins/com.st.stm32cube.ide.mcu.externaltools.gnu-tools-for-stm32.9-2020-q2-update.win32_2.0.0.202105311346/tools/bin/../lib/gcc/arm-none-eabi/9.3.1/thumb/v7-m/nofp\libgcc.a(_arm_muldivsf3.o)
                0x0000000008000d24                __mulsf3
                0x0000000008000d24                __aeabi_fmul
                0x0000000008000e8c                __aeabi_fdiv
                0x0000000008000e8c                __divsf3
 .text          0x0000000008000fc4       0xec c:/program files (x86)/stm32cubeide_1.7.0/stm32cubeide/plugins/com.st.stm32cube.ide.mcu.externaltools.gnu-tools-for-stm32.9-2020-q2-update.win32_2.0.0.202105311346/tools/bin/../lib/gcc/arm-none-eabi/9.3.1/thumb/v7-m/nofp\libgcc.a(_arm_cmpsf2.o)
                0x0000000008000fc4                __gesf2
                0x0000000008000fc4                __gtsf2
                0x0000000008000fcc                __lesf2
                0x0000000008000fcc                __ltsf2
                0x0000000008000fd4                __nesf2
                0x0000000008000fd4                __eqsf2
                0x0000000008000fd4                __cmpsf2
                0x0000000008001034                __aeabi_cfrcmple
                0x000000000800103c                __aeabi_cfcmpeq
                0x000000000800103c                __aeabi_cfcmple
                0x000000000800104c                __aeabi_fcmpeq
                0x0000000008001060                __aeabi_fcmplt
                0x0000000008001074                __aeabi_fcmple
                0x0000000008001088                __aeabi_fcmpge
                0x000000000800109c                __aeabi_fcmpgt
 *(.text*)
 .text.Data_Collector_Task
                0x00000000080010b0      0x624 ./Core/Src/Task_Source/Collector_Math_Task.o
                0x00000000080010b0                Data_Collector_Task
 .text.Furie_Transform_Task
                0x00000000080016d4      0x21e ./Core/Src/Task_Source/Collector_Math_Task.o
                0x00000000080016d4                Furie_Transform_Task
 *fill*         0x00000000080018f2        0x2 
 .text.Data_Collector_create
                0x00000000080018f4       0x60 ./Core/Src/Task_Source/Collector_Math_Task.o
                0x00000000080018f4                Data_Collector_create
 .text.Furie_Transform_create
                0x0000000008001954       0x60 ./Core/Src/Task_Source/Collector_Math_Task.o
                0x0000000008001954                Furie_Transform_create
 .text.Data_Collector_free
                0x00000000080019b4       0x40 ./Core/Src/Task_Source/Collector_Math_Task.o
                0x00000000080019b4                Data_Collector_free
 .text.Furie_Transform_free
                0x00000000080019f4       0x24 ./Core/Src/Task_Source/Collector_Math_Task.o
                0x00000000080019f4                Furie_Transform_free
 .text.vApplicationMallocFailedHook
                0x0000000008001a18       0x70 ./Core/Src/Task_Source/Collector_Math_Task.o
                0x0000000008001a18                vApplicationMallocFailedHook
 .text.Create_Mutex_Malloc_Failed
                0x0000000008001a88       0x2c ./Core/Src/Task_Source/Collector_Math_Task.o
                0x0000000008001a88                Create_Mutex_Malloc_Failed
 .text.Read_Mutex_Malloc_Failed
                0x0000000008001ab4       0x1c ./Core/Src/Task_Source/Collector_Math_Task.o
                0x0000000008001ab4                Read_Mutex_Malloc_Failed
 .text.Free_RTOS_Buffer
                0x0000000008001ad0       0x1c ./Core/Src/Task_Source/Collector_Math_Task.o
                0x0000000008001ad0                Free_RTOS_Buffer
 .text.vApplicationGetIdleTaskMemory
                0x0000000008001aec       0x30 ./Core/Src/freertos.o
                0x0000000008001aec                vApplicationGetIdleTaskMemory
 .text.main     0x0000000008001b1c       0x50 ./Core/Src/main.o
                0x0000000008001b1c                main
 .text.SystemClock_Config
                0x0000000008001b6c       0x8a ./Core/Src/main.o
                0x0000000008001b6c                SystemClock_Config
 *fill*         0x0000000008001bf6        0x2 
 .text.MX_SPI2_Init
                0x0000000008001bf8       0x6c ./Core/Src/main.o
 .text.MX_USART2_UART_Init
                0x0000000008001c64       0x54 ./Core/Src/main.o
 .text.MX_DMA_Init
                0x0000000008001cb8       0x4c ./Core/Src/main.o
 .text.MX_GPIO_Init
                0x0000000008001d04      0x120 ./Core/Src/main.o
 .text.Settings_Controll_Task
                0x0000000008001e24      0x46c ./Core/Src/main.o
                0x0000000008001e24                Settings_Controll_Task
 .text.HAL_TIM_PeriodElapsedCallback
                0x0000000008002290       0x24 ./Core/Src/main.o
                0x0000000008002290                HAL_TIM_PeriodElapsedCallback
 .text.Error_Handler
                0x00000000080022b4        0xa ./Core/Src/main.o
                0x00000000080022b4                Error_Handler
 *fill*         0x00000000080022be        0x2 
 .text.HAL_MspInit
                0x00000000080022c0       0x70 ./Core/Src/stm32f1xx_hal_msp.o
                0x00000000080022c0                HAL_MspInit
 .text.HAL_SPI_MspInit
                0x0000000008002330      0x154 ./Core/Src/stm32f1xx_hal_msp.o
                0x0000000008002330                HAL_SPI_MspInit
 .text.HAL_UART_MspInit
                0x0000000008002484       0x8c ./Core/Src/stm32f1xx_hal_msp.o
                0x0000000008002484                HAL_UART_MspInit
 .text.HAL_InitTick
                0x0000000008002510       0xb0 ./Core/Src/stm32f1xx_hal_timebase_tim.o
                0x0000000008002510                HAL_InitTick
 .text.NMI_Handler
                0x00000000080025c0        0x6 ./Core/Src/stm32f1xx_it.o
                0x00000000080025c0                NMI_Handler
 .text.HardFault_Handler
                0x00000000080025c6        0x6 ./Core/Src/stm32f1xx_it.o
                0x00000000080025c6                HardFault_Handler
 .text.MemManage_Handler
                0x00000000080025cc        0x6 ./Core/Src/stm32f1xx_it.o
                0x00000000080025cc                MemManage_Handler
 .text.BusFault_Handler
                0x00000000080025d2        0x6 ./Core/Src/stm32f1xx_it.o
                0x00000000080025d2                BusFault_Handler
 .text.UsageFault_Handler
                0x00000000080025d8        0x6 ./Core/Src/stm32f1xx_it.o
                0x00000000080025d8                UsageFault_Handler
 .text.DebugMon_Handler
                0x00000000080025de        0xc ./Core/Src/stm32f1xx_it.o
                0x00000000080025de                DebugMon_Handler
 *fill*         0x00000000080025ea        0x2 
 .text.DMA1_Channel4_IRQHandler
                0x00000000080025ec       0x14 ./Core/Src/stm32f1xx_it.o
                0x00000000080025ec                DMA1_Channel4_IRQHandler
 .text.DMA1_Channel5_IRQHandler
                0x0000000008002600       0x14 ./Core/Src/stm32f1xx_it.o
                0x0000000008002600                DMA1_Channel5_IRQHandler
 .text.TIM4_IRQHandler
                0x0000000008002614       0x14 ./Core/Src/stm32f1xx_it.o
                0x0000000008002614                TIM4_IRQHandler
 .text.SPI2_IRQHandler
                0x0000000008002628       0x14 ./Core/Src/stm32f1xx_it.o
                0x0000000008002628                SPI2_IRQHandler
 .text.USART2_IRQHandler
                0x000000000800263c       0x14 ./Core/Src/stm32f1xx_it.o
                0x000000000800263c                USART2_IRQHandler
 .text.EXTI15_10_IRQHandler
                0x0000000008002650       0x18 ./Core/Src/stm32f1xx_it.o
                0x0000000008002650                EXTI15_10_IRQHandler
 .text.SystemInit
                0x0000000008002668        0xc ./Core/Src/system_stm32f1xx.o
                0x0000000008002668                SystemInit
 .text.Reset_Handler
                0x0000000008002674       0x48 ./Core/Startup/startup_stm32f103rbtx.o
                0x0000000008002674                Reset_Handler
 .text.Default_Handler
                0x00000000080026bc        0x2 ./Core/Startup/startup_stm32f103rbtx.o
                0x00000000080026bc                RTC_Alarm_IRQHandler
                0x00000000080026bc                EXTI2_IRQHandler
                0x00000000080026bc                TIM1_CC_IRQHandler
                0x00000000080026bc                PVD_IRQHandler
                0x00000000080026bc                EXTI3_IRQHandler
                0x00000000080026bc                EXTI0_IRQHandler
                0x00000000080026bc                I2C2_EV_IRQHandler
                0x00000000080026bc                ADC1_2_IRQHandler
                0x00000000080026bc                SPI1_IRQHandler
                0x00000000080026bc                TAMPER_IRQHandler
                0x00000000080026bc                USART3_IRQHandler
                0x00000000080026bc                RTC_IRQHandler
                0x00000000080026bc                DMA1_Channel7_IRQHandler
                0x00000000080026bc                CAN1_RX1_IRQHandler
                0x00000000080026bc                I2C1_EV_IRQHandler
                0x00000000080026bc                DMA1_Channel6_IRQHandler
                0x00000000080026bc                TIM3_IRQHandler
                0x00000000080026bc                RCC_IRQHandler
                0x00000000080026bc                TIM1_TRG_COM_IRQHandler
                0x00000000080026bc                DMA1_Channel1_IRQHandler
                0x00000000080026bc                Default_Handler
                0x00000000080026bc                EXTI9_5_IRQHandler
                0x00000000080026bc                EXTI4_IRQHandler
                0x00000000080026bc                USB_LP_CAN1_RX0_IRQHandler
                0x00000000080026bc                USB_HP_CAN1_TX_IRQHandler
                0x00000000080026bc                DMA1_Channel3_IRQHandler
                0x00000000080026bc                TIM1_UP_IRQHandler
                0x00000000080026bc                WWDG_IRQHandler
                0x00000000080026bc                TIM2_IRQHandler
                0x00000000080026bc                TIM1_BRK_IRQHandler
                0x00000000080026bc                EXTI1_IRQHandler
                0x00000000080026bc                I2C2_ER_IRQHandler
                0x00000000080026bc                DMA1_Channel2_IRQHandler
                0x00000000080026bc                CAN1_SCE_IRQHandler
                0x00000000080026bc                FLASH_IRQHandler
                0x00000000080026bc                USART1_IRQHandler
                0x00000000080026bc                I2C1_ER_IRQHandler
                0x00000000080026bc                USBWakeUp_IRQHandler
 *fill*         0x00000000080026be        0x2 
 .text.HAL_Init
                0x00000000080026c0       0x2c ./Drivers/STM32F1xx_HAL_Driver/Src/stm32f1xx_hal.o
                0x00000000080026c0                HAL_Init
 .text.HAL_IncTick
                0x00000000080026ec       0x24 ./Drivers/STM32F1xx_HAL_Driver/Src/stm32f1xx_hal.o
                0x00000000080026ec                HAL_IncTick
 .text.HAL_GetTick
                0x0000000008002710       0x14 ./Drivers/STM32F1xx_HAL_Driver/Src/stm32f1xx_hal.o
                0x0000000008002710                HAL_GetTick
 .text.__NVIC_SetPriorityGrouping
                0x0000000008002724       0x48 ./Drivers/STM32F1xx_HAL_Driver/Src/stm32f1xx_hal_cortex.o
 .text.__NVIC_GetPriorityGrouping
                0x000000000800276c       0x1c ./Drivers/STM32F1xx_HAL_Driver/Src/stm32f1xx_hal_cortex.o
 .text.__NVIC_EnableIRQ
                0x0000000008002788       0x38 ./Drivers/STM32F1xx_HAL_Driver/Src/stm32f1xx_hal_cortex.o
 .text.__NVIC_SetPriority
                0x00000000080027c0       0x54 ./Drivers/STM32F1xx_HAL_Driver/Src/stm32f1xx_hal_cortex.o
 .text.NVIC_EncodePriority
                0x0000000008002814       0x64 ./Drivers/STM32F1xx_HAL_Driver/Src/stm32f1xx_hal_cortex.o
 .text.HAL_NVIC_SetPriorityGrouping
                0x0000000008002878       0x16 ./Drivers/STM32F1xx_HAL_Driver/Src/stm32f1xx_hal_cortex.o
                0x0000000008002878                HAL_NVIC_SetPriorityGrouping
 .text.HAL_NVIC_SetPriority
                0x000000000800288e       0x38 ./Drivers/STM32F1xx_HAL_Driver/Src/stm32f1xx_hal_cortex.o
                0x000000000800288e                HAL_NVIC_SetPriority
 .text.HAL_NVIC_EnableIRQ
                0x00000000080028c6       0x1c ./Drivers/STM32F1xx_HAL_Driver/Src/stm32f1xx_hal_cortex.o
                0x00000000080028c6                HAL_NVIC_EnableIRQ
 *fill*         0x00000000080028e2        0x2 
 .text.HAL_DMA_Init
                0x00000000080028e4       0xb4 ./Drivers/STM32F1xx_HAL_Driver/Src/stm32f1xx_hal_dma.o
                0x00000000080028e4                HAL_DMA_Init
 .text.HAL_DMA_Start_IT
                0x0000000008002998       0xbe ./Drivers/STM32F1xx_HAL_Driver/Src/stm32f1xx_hal_dma.o
                0x0000000008002998                HAL_DMA_Start_IT
 .text.HAL_DMA_Abort
                0x0000000008002a56       0x74 ./Drivers/STM32F1xx_HAL_Driver/Src/stm32f1xx_hal_dma.o
                0x0000000008002a56                HAL_DMA_Abort
 *fill*         0x0000000008002aca        0x2 
 .text.HAL_DMA_Abort_IT
                0x0000000008002acc       0xec ./Drivers/STM32F1xx_HAL_Driver/Src/stm32f1xx_hal_dma.o
                0x0000000008002acc                HAL_DMA_Abort_IT
 .text.HAL_DMA_IRQHandler
                0x0000000008002bb8      0x20c ./Drivers/STM32F1xx_HAL_Driver/Src/stm32f1xx_hal_dma.o
                0x0000000008002bb8                HAL_DMA_IRQHandler
 .text.DMA_SetConfig
                0x0000000008002dc4       0x5a ./Drivers/STM32F1xx_HAL_Driver/Src/stm32f1xx_hal_dma.o
 *fill*         0x0000000008002e1e        0x2 
 .text.HAL_GPIO_Init
                0x0000000008002e20      0x308 ./Drivers/STM32F1xx_HAL_Driver/Src/stm32f1xx_hal_gpio.o
                0x0000000008002e20                HAL_GPIO_Init
 .text.HAL_GPIO_WritePin
                0x0000000008003128       0x30 ./Drivers/STM32F1xx_HAL_Driver/Src/stm32f1xx_hal_gpio.o
                0x0000000008003128                HAL_GPIO_WritePin
 .text.HAL_GPIO_EXTI_IRQHandler
                0x0000000008003158       0x30 ./Drivers/STM32F1xx_HAL_Driver/Src/stm32f1xx_hal_gpio.o
                0x0000000008003158                HAL_GPIO_EXTI_IRQHandler
 .text.HAL_RCC_OscConfig
                0x0000000008003188      0x500 ./Drivers/STM32F1xx_HAL_Driver/Src/stm32f1xx_hal_rcc.o
                0x0000000008003188                HAL_RCC_OscConfig
 .text.HAL_RCC_ClockConfig
                0x0000000008003688      0x1d4 ./Drivers/STM32F1xx_HAL_Driver/Src/stm32f1xx_hal_rcc.o
                0x0000000008003688                HAL_RCC_ClockConfig
 .text.HAL_RCC_GetSysClockFreq
                0x000000000800385c       0xc0 ./Drivers/STM32F1xx_HAL_Driver/Src/stm32f1xx_hal_rcc.o
                0x000000000800385c                HAL_RCC_GetSysClockFreq
 .text.HAL_RCC_GetHCLKFreq
                0x000000000800391c       0x14 ./Drivers/STM32F1xx_HAL_Driver/Src/stm32f1xx_hal_rcc.o
                0x000000000800391c                HAL_RCC_GetHCLKFreq
 .text.HAL_RCC_GetPCLK1Freq
                0x0000000008003930       0x28 ./Drivers/STM32F1xx_HAL_Driver/Src/stm32f1xx_hal_rcc.o
                0x0000000008003930                HAL_RCC_GetPCLK1Freq
 .text.HAL_RCC_GetPCLK2Freq
                0x0000000008003958       0x28 ./Drivers/STM32F1xx_HAL_Driver/Src/stm32f1xx_hal_rcc.o
                0x0000000008003958                HAL_RCC_GetPCLK2Freq
 .text.HAL_RCC_GetClockConfig
                0x0000000008003980       0x60 ./Drivers/STM32F1xx_HAL_Driver/Src/stm32f1xx_hal_rcc.o
                0x0000000008003980                HAL_RCC_GetClockConfig
 .text.RCC_Delay
                0x00000000080039e0       0x3c ./Drivers/STM32F1xx_HAL_Driver/Src/stm32f1xx_hal_rcc.o
 .text.HAL_SPI_Init
                0x0000000008003a1c      0x16c ./Drivers/STM32F1xx_HAL_Driver/Src/stm32f1xx_hal_spi.o
                0x0000000008003a1c                HAL_SPI_Init
 .text.HAL_SPI_Transmit
                0x0000000008003b88      0x278 ./Drivers/STM32F1xx_HAL_Driver/Src/stm32f1xx_hal_spi.o
                0x0000000008003b88                HAL_SPI_Transmit
 .text.HAL_SPI_Receive
                0x0000000008003e00      0x222 ./Drivers/STM32F1xx_HAL_Driver/Src/stm32f1xx_hal_spi.o
                0x0000000008003e00                HAL_SPI_Receive
 .text.HAL_SPI_TransmitReceive
                0x0000000008004022      0x344 ./Drivers/STM32F1xx_HAL_Driver/Src/stm32f1xx_hal_spi.o
                0x0000000008004022                HAL_SPI_TransmitReceive
 *fill*         0x0000000008004366        0x2 
 .text.HAL_SPI_Transmit_DMA
                0x0000000008004368      0x16c ./Drivers/STM32F1xx_HAL_Driver/Src/stm32f1xx_hal_spi.o
                0x0000000008004368                HAL_SPI_Transmit_DMA
 .text.HAL_SPI_Receive_DMA
                0x00000000080044d4      0x190 ./Drivers/STM32F1xx_HAL_Driver/Src/stm32f1xx_hal_spi.o
                0x00000000080044d4                HAL_SPI_Receive_DMA
 .text.HAL_SPI_TransmitReceive_DMA
                0x0000000008004664      0x204 ./Drivers/STM32F1xx_HAL_Driver/Src/stm32f1xx_hal_spi.o
                0x0000000008004664                HAL_SPI_TransmitReceive_DMA
 .text.HAL_SPI_IRQHandler
                0x0000000008004868      0x1d0 ./Drivers/STM32F1xx_HAL_Driver/Src/stm32f1xx_hal_spi.o
                0x0000000008004868                HAL_SPI_IRQHandler
 .text.HAL_SPI_TxHalfCpltCallback
                0x0000000008004a38       0x12 ./Drivers/STM32F1xx_HAL_Driver/Src/stm32f1xx_hal_spi.o
                0x0000000008004a38                HAL_SPI_TxHalfCpltCallback
 .text.HAL_SPI_RxHalfCpltCallback
                0x0000000008004a4a       0x12 ./Drivers/STM32F1xx_HAL_Driver/Src/stm32f1xx_hal_spi.o
                0x0000000008004a4a                HAL_SPI_RxHalfCpltCallback
 .text.HAL_SPI_TxRxHalfCpltCallback
                0x0000000008004a5c       0x12 ./Drivers/STM32F1xx_HAL_Driver/Src/stm32f1xx_hal_spi.o
                0x0000000008004a5c                HAL_SPI_TxRxHalfCpltCallback
 .text.HAL_SPI_ErrorCallback
                0x0000000008004a6e       0x12 ./Drivers/STM32F1xx_HAL_Driver/Src/stm32f1xx_hal_spi.o
                0x0000000008004a6e                HAL_SPI_ErrorCallback
 .text.HAL_SPI_AbortCpltCallback
                0x0000000008004a80       0x12 ./Drivers/STM32F1xx_HAL_Driver/Src/stm32f1xx_hal_spi.o
                0x0000000008004a80                HAL_SPI_AbortCpltCallback
 .text.SPI_DMATransmitCplt
                0x0000000008004a92       0xaa ./Drivers/STM32F1xx_HAL_Driver/Src/stm32f1xx_hal_spi.o
 .text.SPI_DMAReceiveCplt
                0x0000000008004b3c       0xaa ./Drivers/STM32F1xx_HAL_Driver/Src/stm32f1xx_hal_spi.o
 .text.SPI_DMATransmitReceiveCplt
                0x0000000008004be6       0x92 ./Drivers/STM32F1xx_HAL_Driver/Src/stm32f1xx_hal_spi.o
 .text.SPI_DMAHalfTransmitCplt
                0x0000000008004c78       0x1e ./Drivers/STM32F1xx_HAL_Driver/Src/stm32f1xx_hal_spi.o
 .text.SPI_DMAHalfReceiveCplt
                0x0000000008004c96       0x1e ./Drivers/STM32F1xx_HAL_Driver/Src/stm32f1xx_hal_spi.o
 .text.SPI_DMAHalfTransmitReceiveCplt
                0x0000000008004cb4       0x1e ./Drivers/STM32F1xx_HAL_Driver/Src/stm32f1xx_hal_spi.o
 .text.SPI_DMAError
                0x0000000008004cd2       0x42 ./Drivers/STM32F1xx_HAL_Driver/Src/stm32f1xx_hal_spi.o
 .text.SPI_DMAAbortOnError
                0x0000000008004d14       0x2a ./Drivers/STM32F1xx_HAL_Driver/Src/stm32f1xx_hal_spi.o
 *fill*         0x0000000008004d3e        0x2 
 .text.SPI_WaitFlagStateUntilTimeout
                0x0000000008004d40      0x110 ./Drivers/STM32F1xx_HAL_Driver/Src/stm32f1xx_hal_spi.o
 .text.SPI_EndRxTransaction
                0x0000000008004e50       0xa4 ./Drivers/STM32F1xx_HAL_Driver/Src/stm32f1xx_hal_spi.o
 .text.SPI_EndRxTxTransaction
                0x0000000008004ef4       0x3c ./Drivers/STM32F1xx_HAL_Driver/Src/stm32f1xx_hal_spi.o
 .text.HAL_TIM_Base_Init
                0x0000000008004f30       0x9e ./Drivers/STM32F1xx_HAL_Driver/Src/stm32f1xx_hal_tim.o
                0x0000000008004f30                HAL_TIM_Base_Init
 .text.HAL_TIM_Base_MspInit
                0x0000000008004fce       0x12 ./Drivers/STM32F1xx_HAL_Driver/Src/stm32f1xx_hal_tim.o
                0x0000000008004fce                HAL_TIM_Base_MspInit
 .text.HAL_TIM_Base_Start_IT
                0x0000000008004fe0       0xa4 ./Drivers/STM32F1xx_HAL_Driver/Src/stm32f1xx_hal_tim.o
                0x0000000008004fe0                HAL_TIM_Base_Start_IT
 .text.HAL_TIM_IRQHandler
                0x0000000008005084      0x210 ./Drivers/STM32F1xx_HAL_Driver/Src/stm32f1xx_hal_tim.o
                0x0000000008005084                HAL_TIM_IRQHandler
 .text.HAL_TIM_OC_DelayElapsedCallback
                0x0000000008005294       0x12 ./Drivers/STM32F1xx_HAL_Driver/Src/stm32f1xx_hal_tim.o
                0x0000000008005294                HAL_TIM_OC_DelayElapsedCallback
 .text.HAL_TIM_IC_CaptureCallback
                0x00000000080052a6       0x12 ./Drivers/STM32F1xx_HAL_Driver/Src/stm32f1xx_hal_tim.o
                0x00000000080052a6                HAL_TIM_IC_CaptureCallback
 .text.HAL_TIM_PWM_PulseFinishedCallback
                0x00000000080052b8       0x12 ./Drivers/STM32F1xx_HAL_Driver/Src/stm32f1xx_hal_tim.o
                0x00000000080052b8                HAL_TIM_PWM_PulseFinishedCallback
 .text.HAL_TIM_TriggerCallback
                0x00000000080052ca       0x12 ./Drivers/STM32F1xx_HAL_Driver/Src/stm32f1xx_hal_tim.o
                0x00000000080052ca                HAL_TIM_TriggerCallback
 .text.TIM_Base_SetConfig
                0x00000000080052dc       0xc4 ./Drivers/STM32F1xx_HAL_Driver/Src/stm32f1xx_hal_tim.o
                0x00000000080052dc                TIM_Base_SetConfig
 .text.HAL_TIMEx_CommutCallback
                0x00000000080053a0       0x12 ./Drivers/STM32F1xx_HAL_Driver/Src/stm32f1xx_hal_tim_ex.o
                0x00000000080053a0                HAL_TIMEx_CommutCallback
 .text.HAL_TIMEx_BreakCallback
                0x00000000080053b2       0x12 ./Drivers/STM32F1xx_HAL_Driver/Src/stm32f1xx_hal_tim_ex.o
                0x00000000080053b2                HAL_TIMEx_BreakCallback
 .text.HAL_UART_Init
                0x00000000080053c4       0x9a ./Drivers/STM32F1xx_HAL_Driver/Src/stm32f1xx_hal_uart.o
                0x00000000080053c4                HAL_UART_Init
 .text.HAL_UART_Transmit
                0x000000000800545e      0x124 ./Drivers/STM32F1xx_HAL_Driver/Src/stm32f1xx_hal_uart.o
                0x000000000800545e                HAL_UART_Transmit
 .text.HAL_UART_Receive
                0x0000000008005582      0x144 ./Drivers/STM32F1xx_HAL_Driver/Src/stm32f1xx_hal_uart.o
                0x0000000008005582                HAL_UART_Receive
 .text.HAL_UART_Transmit_IT
                0x00000000080056c6       0x88 ./Drivers/STM32F1xx_HAL_Driver/Src/stm32f1xx_hal_uart.o
                0x00000000080056c6                HAL_UART_Transmit_IT
 .text.HAL_UART_Receive_IT
                0x000000000800574e       0x60 ./Drivers/STM32F1xx_HAL_Driver/Src/stm32f1xx_hal_uart.o
                0x000000000800574e                HAL_UART_Receive_IT
 *fill*         0x00000000080057ae        0x2 
 .text.HAL_UART_Transmit_DMA
                0x00000000080057b0       0xd8 ./Drivers/STM32F1xx_HAL_Driver/Src/stm32f1xx_hal_uart.o
                0x00000000080057b0                HAL_UART_Transmit_DMA
 .text.HAL_UART_Receive_DMA
                0x0000000008005888       0x60 ./Drivers/STM32F1xx_HAL_Driver/Src/stm32f1xx_hal_uart.o
                0x0000000008005888                HAL_UART_Receive_DMA
 .text.HAL_UART_AbortReceive_IT
                0x00000000080058e8       0xd4 ./Drivers/STM32F1xx_HAL_Driver/Src/stm32f1xx_hal_uart.o
                0x00000000080058e8                HAL_UART_AbortReceive_IT
 .text.HAL_UART_IRQHandler
                0x00000000080059bc      0x354 ./Drivers/STM32F1xx_HAL_Driver/Src/stm32f1xx_hal_uart.o
                0x00000000080059bc                HAL_UART_IRQHandler
 .text.HAL_UART_TxHalfCpltCallback
                0x0000000008005d10       0x12 ./Drivers/STM32F1xx_HAL_Driver/Src/stm32f1xx_hal_uart.o
                0x0000000008005d10                HAL_UART_TxHalfCpltCallback
 .text.HAL_UART_RxHalfCpltCallback
                0x0000000008005d22       0x12 ./Drivers/STM32F1xx_HAL_Driver/Src/stm32f1xx_hal_uart.o
                0x0000000008005d22                HAL_UART_RxHalfCpltCallback
 .text.HAL_UART_ErrorCallback
                0x0000000008005d34       0x12 ./Drivers/STM32F1xx_HAL_Driver/Src/stm32f1xx_hal_uart.o
                0x0000000008005d34                HAL_UART_ErrorCallback
 .text.HAL_UART_AbortReceiveCpltCallback
                0x0000000008005d46       0x12 ./Drivers/STM32F1xx_HAL_Driver/Src/stm32f1xx_hal_uart.o
                0x0000000008005d46                HAL_UART_AbortReceiveCpltCallback
 .text.HAL_UARTEx_RxEventCallback
                0x0000000008005d58       0x16 ./Drivers/STM32F1xx_HAL_Driver/Src/stm32f1xx_hal_uart.o
                0x0000000008005d58                HAL_UARTEx_RxEventCallback
 .text.UART_DMATransmitCplt
                0x0000000008005d6e       0x52 ./Drivers/STM32F1xx_HAL_Driver/Src/stm32f1xx_hal_uart.o
 .text.UART_DMATxHalfCplt
                0x0000000008005dc0       0x1c ./Drivers/STM32F1xx_HAL_Driver/Src/stm32f1xx_hal_uart.o
 .text.UART_DMAReceiveCplt
                0x0000000008005ddc       0x96 ./Drivers/STM32F1xx_HAL_Driver/Src/stm32f1xx_hal_uart.o
 .text.UART_DMARxHalfCplt
                0x0000000008005e72       0x36 ./Drivers/STM32F1xx_HAL_Driver/Src/stm32f1xx_hal_uart.o
 .text.UART_DMAError
                0x0000000008005ea8       0x94 ./Drivers/STM32F1xx_HAL_Driver/Src/stm32f1xx_hal_uart.o
 .text.UART_WaitOnFlagUntilTimeout
                0x0000000008005f3c       0x94 ./Drivers/STM32F1xx_HAL_Driver/Src/stm32f1xx_hal_uart.o
 .text.UART_Start_Receive_IT
                0x0000000008005fd0       0x72 ./Drivers/STM32F1xx_HAL_Driver/Src/stm32f1xx_hal_uart.o
                0x0000000008005fd0                UART_Start_Receive_IT
 *fill*         0x0000000008006042        0x2 
 .text.UART_Start_Receive_DMA
                0x0000000008006044       0xc8 ./Drivers/STM32F1xx_HAL_Driver/Src/stm32f1xx_hal_uart.o
                0x0000000008006044                UART_Start_Receive_DMA
 .text.UART_EndTxTransfer
                0x000000000800610c       0x2a ./Drivers/STM32F1xx_HAL_Driver/Src/stm32f1xx_hal_uart.o
 .text.UART_EndRxTransfer
                0x0000000008006136       0x58 ./Drivers/STM32F1xx_HAL_Driver/Src/stm32f1xx_hal_uart.o
 .text.UART_DMAAbortOnError
                0x000000000800618e       0x28 ./Drivers/STM32F1xx_HAL_Driver/Src/stm32f1xx_hal_uart.o
 .text.UART_DMARxOnlyAbortCallback
                0x00000000080061b6       0x30 ./Drivers/STM32F1xx_HAL_Driver/Src/stm32f1xx_hal_uart.o
 .text.UART_Transmit_IT
                0x00000000080061e6       0x9e ./Drivers/STM32F1xx_HAL_Driver/Src/stm32f1xx_hal_uart.o
 .text.UART_EndTransmit_IT
                0x0000000008006284       0x30 ./Drivers/STM32F1xx_HAL_Driver/Src/stm32f1xx_hal_uart.o
 .text.UART_Receive_IT
                0x00000000080062b4      0x152 ./Drivers/STM32F1xx_HAL_Driver/Src/stm32f1xx_hal_uart.o
 *fill*         0x0000000008006406        0x2 
 .text.UART_SetConfig
                0x0000000008006408      0x11c ./Drivers/STM32F1xx_HAL_Driver/Src/stm32f1xx_hal_uart.o
 *fill*         0x0000000008006524        0x4 
 .text.adxl345_convert_float_mpss
                0x0000000008006528       0x60 ./Library_FREERTOS_HAL/Source/adxl345.o
                0x0000000008006528                adxl345_convert_float_mpss
 .text.adxl345_init
                0x0000000008006588      0x188 ./Library_FREERTOS_HAL/Source/adxl345.o
                0x0000000008006588                adxl345_init
 .text.adxl345_start
                0x0000000008006710       0x4e ./Library_FREERTOS_HAL/Source/adxl345.o
                0x0000000008006710                adxl345_start
 .text.adxl345_stop
                0x000000000800675e       0x4e ./Library_FREERTOS_HAL/Source/adxl345.o
                0x000000000800675e                adxl345_stop
 .text.adxl345_get_data
                0x00000000080067ac       0x20 ./Library_FREERTOS_HAL/Source/adxl345.o
                0x00000000080067ac                adxl345_get_data
 .text.adxl345_fifo_flush
                0x00000000080067cc       0x40 ./Library_FREERTOS_HAL/Source/adxl345.o
                0x00000000080067cc                adxl345_fifo_flush
 .text.adxl345_get_int_src
                0x000000000800680c       0x20 ./Library_FREERTOS_HAL/Source/adxl345.o
                0x000000000800680c                adxl345_get_int_src
 .text.adxl345_write_spi
                0x000000000800682c       0x4c ./Library_FREERTOS_HAL/Source/adxl345.o
                0x000000000800682c                adxl345_write_spi
 .text.adxl345_read_spi
                0x0000000008006878       0x42 ./Library_FREERTOS_HAL/Source/adxl345.o
                0x0000000008006878                adxl345_read_spi
 .text.adxl345_write_spi_dma
                0x00000000080068ba       0x4c ./Library_FREERTOS_HAL/Source/adxl345.o
                0x00000000080068ba                adxl345_write_spi_dma
 .text.adxl345_read_spi_dma
                0x0000000008006906       0x42 ./Library_FREERTOS_HAL/Source/adxl345.o
                0x0000000008006906                adxl345_read_spi_dma
 .text.adxl345_spi_check_config
                0x0000000008006948       0x66 ./Library_FREERTOS_HAL/Source/adxl345.o
                0x0000000008006948                adxl345_spi_check_config
 *fill*         0x00000000080069ae        0x2 
 .text.adxl345_task
                0x00000000080069b0      0x304 ./Library_FREERTOS_HAL/Source/adxl345_rtos.o
                0x00000000080069b0                adxl345_task
 .text.adxl345_task_create
                0x0000000008006cb4       0x90 ./Library_FREERTOS_HAL/Source/adxl345_rtos.o
                0x0000000008006cb4                adxl345_task_create
 .text.adxl345_resume
                0x0000000008006d44       0x1c ./Library_FREERTOS_HAL/Source/adxl345_rtos.o
                0x0000000008006d44                adxl345_resume
 .text.adxl345_int1
                0x0000000008006d60       0x2c ./Library_FREERTOS_HAL/Source/adxl345_rtos.o
 .text.adxl345_int2
                0x0000000008006d8c       0x2c ./Library_FREERTOS_HAL/Source/adxl345_rtos.o
 .text.adxl345_task_free
                0x0000000008006db8       0x3c ./Library_FREERTOS_HAL/Source/adxl345_rtos.o
                0x0000000008006db8                adxl345_task_free
 .text.cobs_encode
                0x0000000008006df4       0xa0 ./Library_FREERTOS_HAL/Source/cobs.o
                0x0000000008006df4                cobs_encode
 .text.cobs_decode
                0x0000000008006e94       0x98 ./Library_FREERTOS_HAL/Source/cobs.o
                0x0000000008006e94                cobs_decode
 .text.exti_freertos_register
                0x0000000008006f2c       0x3a ./Library_FREERTOS_HAL/Source/exti_freertos.o
                0x0000000008006f2c                exti_freertos_register
 *fill*         0x0000000008006f66        0x2 
 .text.HAL_GPIO_EXTI_Callback
                0x0000000008006f68       0x50 ./Library_FREERTOS_HAL/Source/exti_freertos.o
                0x0000000008006f68                HAL_GPIO_EXTI_Callback
 .text.exti_freertos_list_append
                0x0000000008006fb8       0x60 ./Library_FREERTOS_HAL/Source/exti_freertos.o
 .text.exti_freertos_find_item
                0x0000000008007018       0x3c ./Library_FREERTOS_HAL/Source/exti_freertos.o
                0x0000000008007018                exti_freertos_find_item
 .text.spi_rtos_list_append
                0x0000000008007054       0x74 ./Library_FREERTOS_HAL/Source/spi_freertos.o
 .text.spi_rtos_list_find_item
                0x00000000080070c8       0x3c ./Library_FREERTOS_HAL/Source/spi_freertos.o
 .text.spi_freertos_init
                0x0000000008007104       0x58 ./Library_FREERTOS_HAL/Source/spi_freertos.o
                0x0000000008007104                spi_freertos_init
 .text.spi_freertos_set_check_config_callback
                0x000000000800715c       0x1a ./Library_FREERTOS_HAL/Source/spi_freertos.o
                0x000000000800715c                spi_freertos_set_check_config_callback
 .text.spi_freertos_write
                0x0000000008007176       0xf8 ./Library_FREERTOS_HAL/Source/spi_freertos.o
                0x0000000008007176                spi_freertos_write
 .text.spi_freertos_read
                0x000000000800726e       0xf8 ./Library_FREERTOS_HAL/Source/spi_freertos.o
                0x000000000800726e                spi_freertos_read
 .text.spi_freertos_write_dma
                0x0000000008007366      0x114 ./Library_FREERTOS_HAL/Source/spi_freertos.o
                0x0000000008007366                spi_freertos_write_dma
 .text.spi_freertos_read_dma
                0x000000000800747a      0x114 ./Library_FREERTOS_HAL/Source/spi_freertos.o
                0x000000000800747a                spi_freertos_read_dma
 .text.spi_freertos_nss_high
                0x000000000800758e       0x2a ./Library_FREERTOS_HAL/Source/spi_freertos.o
                0x000000000800758e                spi_freertos_nss_high
 .text.spi_freertos_nss_low
                0x00000000080075b8       0x2a ./Library_FREERTOS_HAL/Source/spi_freertos.o
                0x00000000080075b8                spi_freertos_nss_low
 *fill*         0x00000000080075e2        0x2 
 .text.HAL_SPI_RxCpltCallback
                0x00000000080075e4       0x50 ./Library_FREERTOS_HAL/Source/spi_freertos.o
                0x00000000080075e4                HAL_SPI_RxCpltCallback
 .text.HAL_SPI_TxCpltCallback
                0x0000000008007634       0x50 ./Library_FREERTOS_HAL/Source/spi_freertos.o
                0x0000000008007634                HAL_SPI_TxCpltCallback
 .text.HAL_SPI_TxRxCpltCallback
                0x0000000008007684       0x50 ./Library_FREERTOS_HAL/Source/spi_freertos.o
                0x0000000008007684                HAL_SPI_TxRxCpltCallback
 .text.uart_cobs_send
                0x00000000080076d4       0x4a ./Library_FREERTOS_HAL/Source/uart_cobs_service.o
                0x00000000080076d4                uart_cobs_send
 *fill*         0x000000000800771e        0x2 
 .text.uart_cobs_service_rx_task
                0x0000000008007720      0x204 ./Library_FREERTOS_HAL/Source/uart_cobs_service.o
                0x0000000008007720                uart_cobs_service_rx_task
 .text.uart_cobs_service_tx_task
                0x0000000008007924      0x134 ./Library_FREERTOS_HAL/Source/uart_cobs_service.o
                0x0000000008007924                uart_cobs_service_tx_task
 .text.uart_cobs_service_rx_create
                0x0000000008007a58       0x68 ./Library_FREERTOS_HAL/Source/uart_cobs_service.o
                0x0000000008007a58                uart_cobs_service_rx_create
 .text.uart_cobs_service_tx_create
                0x0000000008007ac0       0x68 ./Library_FREERTOS_HAL/Source/uart_cobs_service.o
                0x0000000008007ac0                uart_cobs_service_tx_create
 .text.uart_cobs_service_tx_free
                0x0000000008007b28       0x3c ./Library_FREERTOS_HAL/Source/uart_cobs_service.o
                0x0000000008007b28                uart_cobs_service_tx_free
 .text.uart_rtos_list_append
                0x0000000008007b64       0x74 ./Library_FREERTOS_HAL/Source/uart_freertos.o
 .text.uart_rtos_list_find_item
                0x0000000008007bd8       0x3c ./Library_FREERTOS_HAL/Source/uart_freertos.o
 .text.uart_freertos_init
                0x0000000008007c14       0x64 ./Library_FREERTOS_HAL/Source/uart_freertos.o
                0x0000000008007c14                uart_freertos_init
 .text.parse_hal_status
                0x0000000008007c78       0x36 ./Library_FREERTOS_HAL/Source/uart_freertos.o
 .text.uart_freertos_tx
                0x0000000008007cae       0x58 ./Library_FREERTOS_HAL/Source/uart_freertos.o
                0x0000000008007cae                uart_freertos_tx
 .text.uart_freertos_rx
                0x0000000008007d06       0xae ./Library_FREERTOS_HAL/Source/uart_freertos.o
                0x0000000008007d06                uart_freertos_rx
 .text.uart_freertos_tx_it
                0x0000000008007db4       0x88 ./Library_FREERTOS_HAL/Source/uart_freertos.o
                0x0000000008007db4                uart_freertos_tx_it
 .text.uart_freertos_rx_it
                0x0000000008007e3c       0xde ./Library_FREERTOS_HAL/Source/uart_freertos.o
                0x0000000008007e3c                uart_freertos_rx_it
 .text.uart_freertos_tx_dma
                0x0000000008007f1a       0x88 ./Library_FREERTOS_HAL/Source/uart_freertos.o
                0x0000000008007f1a                uart_freertos_tx_dma
 .text.uart_freertos_rx_dma_idle
                0x0000000008007fa2      0x168 ./Library_FREERTOS_HAL/Source/uart_freertos.o
                0x0000000008007fa2                uart_freertos_rx_dma_idle
 *fill*         0x000000000800810a        0x2 
 .text.HAL_UART_RxCpltCallback
                0x000000000800810c       0x50 ./Library_FREERTOS_HAL/Source/uart_freertos.o
                0x000000000800810c                HAL_UART_RxCpltCallback
 .text.HAL_UART_TxCpltCallback
                0x000000000800815c       0x50 ./Library_FREERTOS_HAL/Source/uart_freertos.o
                0x000000000800815c                HAL_UART_TxCpltCallback
 .text.Compl_Sum
                0x00000000080081ac       0x58 ./Library_math/Source/Compl_FREERTOS.o
                0x00000000080081ac                Compl_Sum
 .text.Compl_Product
                0x0000000008008204       0x94 ./Library_math/Source/Compl_FREERTOS.o
                0x0000000008008204                Compl_Product
 .text.fCompl_Product
                0x0000000008008298       0x58 ./Library_math/Source/Compl_FREERTOS.o
                0x0000000008008298                fCompl_Product
 .text.Compl_Pairing
                0x00000000080082f0       0x1e ./Library_math/Source/Compl_FREERTOS.o
                0x00000000080082f0                Compl_Pairing
 *fill*         0x000000000800830e        0x2 
 .text.Compl_Sin
                0x0000000008008310      0x130 ./Library_math/Source/Compl_FREERTOS.o
                0x0000000008008310                Compl_Sin
 .text.Compl_Cos
                0x0000000008008440      0x128 ./Library_math/Source/Compl_FREERTOS.o
                0x0000000008008440                Compl_Cos
 .text.Compl_Abs
                0x0000000008008568       0x66 ./Library_math/Source/Compl_FREERTOS.o
                0x0000000008008568                Compl_Abs
 *fill*         0x00000000080085ce        0x2 
 .text.fact     0x00000000080085d0       0x60 ./Library_math/Source/Compl_FREERTOS.o
                0x00000000080085d0                fact
 .text.BinaryPower
                0x0000000008008630       0x68 ./Library_math/Source/Compl_FREERTOS.o
                0x0000000008008630                BinaryPower
 .text.FastFurieTransform
                0x0000000008008698      0x548 ./Library_math/Source/FFT_FREERTOS.o
                0x0000000008008698                FastFurieTransform
 .text.SignalFastFurieTransform
                0x0000000008008be0      0x6c8 ./Library_math/Source/FFT_FREERTOS.o
                0x0000000008008be0                SignalFastFurieTransform
 .text.SignalFastFurieTransformFREERTOS
                0x00000000080092a8      0x6d0 ./Library_math/Source/FFT_FREERTOS.o
                0x00000000080092a8                SignalFastFurieTransformFREERTOS
 .text.InvertFastFurieTransform
                0x0000000008009978       0xa8 ./Library_math/Source/FFT_FREERTOS.o
                0x0000000008009978                InvertFastFurieTransform
 .text.Hilbert  0x0000000008009a20       0xd4 ./Library_math/Source/FFT_FREERTOS.o
                0x0000000008009a20                Hilbert
 .text.Envelope
                0x0000000008009af4       0x70 ./Library_math/Source/FFT_FREERTOS.o
                0x0000000008009af4                Envelope
 .text.makeFreeRtosPriority
                0x0000000008009b64       0x2e ./Middlewares/Third_Party/FreeRTOS/Source/CMSIS_RTOS/cmsis_os.o
 .text.osKernelStart
                0x0000000008009b92        0xe ./Middlewares/Third_Party/FreeRTOS/Source/CMSIS_RTOS/cmsis_os.o
                0x0000000008009b92                osKernelStart
 .text.osThreadCreate
                0x0000000008009ba0       0x98 ./Middlewares/Third_Party/FreeRTOS/Source/CMSIS_RTOS/cmsis_os.o
                0x0000000008009ba0                osThreadCreate
 .text.osThreadTerminate
                0x0000000008009c38       0x18 ./Middlewares/Third_Party/FreeRTOS/Source/CMSIS_RTOS/cmsis_os.o
                0x0000000008009c38                osThreadTerminate
 .text.osDelay  0x0000000008009c50       0x28 ./Middlewares/Third_Party/FreeRTOS/Source/CMSIS_RTOS/cmsis_os.o
                0x0000000008009c50                osDelay
 .text.vListInitialise
                0x0000000008009c78       0x3e ./Middlewares/Third_Party/FreeRTOS/Source/list.o
                0x0000000008009c78                vListInitialise
 .text.vListInitialiseItem
                0x0000000008009cb6       0x18 ./Middlewares/Third_Party/FreeRTOS/Source/list.o
                0x0000000008009cb6                vListInitialiseItem
 .text.vListInsertEnd
                0x0000000008009cce       0x46 ./Middlewares/Third_Party/FreeRTOS/Source/list.o
                0x0000000008009cce                vListInsertEnd
 .text.vListInsert
                0x0000000008009d14       0x70 ./Middlewares/Third_Party/FreeRTOS/Source/list.o
                0x0000000008009d14                vListInsert
 .text.uxListRemove
                0x0000000008009d84       0x52 ./Middlewares/Third_Party/FreeRTOS/Source/list.o
                0x0000000008009d84                uxListRemove
 *fill*         0x0000000008009dd6        0x2 
 .text.xQueueGenericReset
                0x0000000008009dd8       0xd0 ./Middlewares/Third_Party/FreeRTOS/Source/queue.o
                0x0000000008009dd8                xQueueGenericReset
 .text.xQueueGenericCreate
                0x0000000008009ea8       0x7c ./Middlewares/Third_Party/FreeRTOS/Source/queue.o
                0x0000000008009ea8                xQueueGenericCreate
 .text.prvInitialiseNewQueue
                0x0000000008009f24       0x3e ./Middlewares/Third_Party/FreeRTOS/Source/queue.o
 .text.prvInitialiseMutex
                0x0000000008009f62       0x34 ./Middlewares/Third_Party/FreeRTOS/Source/queue.o
 .text.xQueueCreateMutex
                0x0000000008009f96       0x30 ./Middlewares/Third_Party/FreeRTOS/Source/queue.o
                0x0000000008009f96                xQueueCreateMutex
 *fill*         0x0000000008009fc6        0x2 
 .text.xQueueGenericSend
                0x0000000008009fc8      0x1fc ./Middlewares/Third_Party/FreeRTOS/Source/queue.o
                0x0000000008009fc8                xQueueGenericSend
 .text.xQueueGiveFromISR
                0x000000000800a1c4      0x11a ./Middlewares/Third_Party/FreeRTOS/Source/queue.o
                0x000000000800a1c4                xQueueGiveFromISR
 *fill*         0x000000000800a2de        0x2 
 .text.xQueueReceive
                0x000000000800a2e0      0x1c0 ./Middlewares/Third_Party/FreeRTOS/Source/queue.o
                0x000000000800a2e0                xQueueReceive
 .text.xQueueSemaphoreTake
                0x000000000800a4a0      0x218 ./Middlewares/Third_Party/FreeRTOS/Source/queue.o
                0x000000000800a4a0                xQueueSemaphoreTake
 .text.vQueueDelete
                0x000000000800a6b8       0x46 ./Middlewares/Third_Party/FreeRTOS/Source/queue.o
                0x000000000800a6b8                vQueueDelete
 .text.prvGetDisinheritPriorityAfterTimeout
                0x000000000800a6fe       0x2e ./Middlewares/Third_Party/FreeRTOS/Source/queue.o
 .text.prvCopyDataToQueue
                0x000000000800a72c       0xd4 ./Middlewares/Third_Party/FreeRTOS/Source/queue.o
 .text.prvCopyDataFromQueue
                0x000000000800a800       0x4c ./Middlewares/Third_Party/FreeRTOS/Source/queue.o
 .text.prvUnlockQueue
                0x000000000800a84c       0xa4 ./Middlewares/Third_Party/FreeRTOS/Source/queue.o
 .text.prvIsQueueEmpty
                0x000000000800a8f0       0x2c ./Middlewares/Third_Party/FreeRTOS/Source/queue.o
 .text.prvIsQueueFull
                0x000000000800a91c       0x30 ./Middlewares/Third_Party/FreeRTOS/Source/queue.o
 .text.vQueueUnregisterQueue
                0x000000000800a94c       0x54 ./Middlewares/Third_Party/FreeRTOS/Source/queue.o
                0x000000000800a94c                vQueueUnregisterQueue
 .text.xTaskCreateStatic
                0x000000000800a9a0       0xb8 ./Middlewares/Third_Party/FreeRTOS/Source/tasks.o
                0x000000000800a9a0                xTaskCreateStatic
 .text.xTaskCreate
                0x000000000800aa58       0x8a ./Middlewares/Third_Party/FreeRTOS/Source/tasks.o
                0x000000000800aa58                xTaskCreate
 *fill*         0x000000000800aae2        0x2 
 .text.prvInitialiseNewTask
                0x000000000800aae4      0x12c ./Middlewares/Third_Party/FreeRTOS/Source/tasks.o
 .text.prvAddNewTaskToReadyList
                0x000000000800ac10       0xd4 ./Middlewares/Third_Party/FreeRTOS/Source/tasks.o
 .text.vTaskDelete
                0x000000000800ace4      0x120 ./Middlewares/Third_Party/FreeRTOS/Source/tasks.o
                0x000000000800ace4                vTaskDelete
 .text.vTaskDelay
                0x000000000800ae04       0x68 ./Middlewares/Third_Party/FreeRTOS/Source/tasks.o
                0x000000000800ae04                vTaskDelay
 .text.vTaskStartScheduler
                0x000000000800ae6c       0xd4 ./Middlewares/Third_Party/FreeRTOS/Source/tasks.o
                0x000000000800ae6c                vTaskStartScheduler
 .text.vTaskSuspendAll
                0x000000000800af40       0x1c ./Middlewares/Third_Party/FreeRTOS/Source/tasks.o
                0x000000000800af40                vTaskSuspendAll
 .text.xTaskResumeAll
                0x000000000800af5c      0x138 ./Middlewares/Third_Party/FreeRTOS/Source/tasks.o
                0x000000000800af5c                xTaskResumeAll
 .text.xTaskIncrementTick
                0x000000000800b094      0x17c ./Middlewares/Third_Party/FreeRTOS/Source/tasks.o
                0x000000000800b094                xTaskIncrementTick
 .text.vTaskSwitchContext
                0x000000000800b210       0xc4 ./Middlewares/Third_Party/FreeRTOS/Source/tasks.o
                0x000000000800b210                vTaskSwitchContext
 .text.vTaskPlaceOnEventList
                0x000000000800b2d4       0x48 ./Middlewares/Third_Party/FreeRTOS/Source/tasks.o
                0x000000000800b2d4                vTaskPlaceOnEventList
 .text.xTaskRemoveFromEventList
                0x000000000800b31c       0xc4 ./Middlewares/Third_Party/FreeRTOS/Source/tasks.o
                0x000000000800b31c                xTaskRemoveFromEventList
 .text.vTaskInternalSetTimeOutState
                0x000000000800b3e0       0x2c ./Middlewares/Third_Party/FreeRTOS/Source/tasks.o
                0x000000000800b3e0                vTaskInternalSetTimeOutState
 .text.xTaskCheckForTimeOut
                0x000000000800b40c       0xc4 ./Middlewares/Third_Party/FreeRTOS/Source/tasks.o
                0x000000000800b40c                xTaskCheckForTimeOut
 .text.vTaskMissedYield
                0x000000000800b4d0       0x18 ./Middlewares/Third_Party/FreeRTOS/Source/tasks.o
                0x000000000800b4d0                vTaskMissedYield
 .text.prvIdleTask
                0x000000000800b4e8       0x30 ./Middlewares/Third_Party/FreeRTOS/Source/tasks.o
 .text.prvInitialiseTaskLists
                0x000000000800b518       0x80 ./Middlewares/Third_Party/FreeRTOS/Source/tasks.o
 .text.prvCheckTasksWaitingTermination
                0x000000000800b598       0x5c ./Middlewares/Third_Party/FreeRTOS/Source/tasks.o
 .text.prvDeleteTCB
                0x000000000800b5f4       0x68 ./Middlewares/Third_Party/FreeRTOS/Source/tasks.o
 .text.prvResetNextTaskUnblockTime
                0x000000000800b65c       0x48 ./Middlewares/Third_Party/FreeRTOS/Source/tasks.o
 .text.xTaskGetSchedulerState
                0x000000000800b6a4       0x3c ./Middlewares/Third_Party/FreeRTOS/Source/tasks.o
                0x000000000800b6a4                xTaskGetSchedulerState
 .text.xTaskPriorityInherit
                0x000000000800b6e0      0x10c ./Middlewares/Third_Party/FreeRTOS/Source/tasks.o
                0x000000000800b6e0                xTaskPriorityInherit
 .text.xTaskPriorityDisinherit
                0x000000000800b7ec      0x10c ./Middlewares/Third_Party/FreeRTOS/Source/tasks.o
                0x000000000800b7ec                xTaskPriorityDisinherit
 .text.vTaskPriorityDisinheritAfterTimeout
                0x000000000800b8f8      0x140 ./Middlewares/Third_Party/FreeRTOS/Source/tasks.o
                0x000000000800b8f8                vTaskPriorityDisinheritAfterTimeout
 .text.pvTaskIncrementMutexHeldCount
                0x000000000800ba38       0x28 ./Middlewares/Third_Party/FreeRTOS/Source/tasks.o
                0x000000000800ba38                pvTaskIncrementMutexHeldCount
 .text.xTaskNotifyWait
                0x000000000800ba60       0xc0 ./Middlewares/Third_Party/FreeRTOS/Source/tasks.o
                0x000000000800ba60                xTaskNotifyWait
 .text.xTaskGenericNotify
                0x000000000800bb20      0x154 ./Middlewares/Third_Party/FreeRTOS/Source/tasks.o
                0x000000000800bb20                xTaskGenericNotify
 .text.xTaskGenericNotifyFromISR
                0x000000000800bc74      0x1a0 ./Middlewares/Third_Party/FreeRTOS/Source/tasks.o
                0x000000000800bc74                xTaskGenericNotifyFromISR
 .text.prvAddCurrentTaskToDelayedList
                0x000000000800be14       0xcc ./Middlewares/Third_Party/FreeRTOS/Source/tasks.o
 .text.pxPortInitialiseStack
                0x000000000800bee0       0x58 ./Middlewares/Third_Party/FreeRTOS/Source/portable/GCC/ARM_CM3/port.o
                0x000000000800bee0                pxPortInitialiseStack
 .text.prvTaskExitError
                0x000000000800bf38       0x58 ./Middlewares/Third_Party/FreeRTOS/Source/portable/GCC/ARM_CM3/port.o
 .text.SVC_Handler
                0x000000000800bf90       0x28 ./Middlewares/Third_Party/FreeRTOS/Source/portable/GCC/ARM_CM3/port.o
                0x000000000800bf90                SVC_Handler
 .text.prvPortStartFirstTask
                0x000000000800bfb8       0x20 ./Middlewares/Third_Party/FreeRTOS/Source/portable/GCC/ARM_CM3/port.o
 .text.xPortStartScheduler
                0x000000000800bfd8       0xe4 ./Middlewares/Third_Party/FreeRTOS/Source/portable/GCC/ARM_CM3/port.o
                0x000000000800bfd8                xPortStartScheduler
 .text.vPortEnterCritical
                0x000000000800c0bc       0x60 ./Middlewares/Third_Party/FreeRTOS/Source/portable/GCC/ARM_CM3/port.o
                0x000000000800c0bc                vPortEnterCritical
 .text.vPortExitCritical
                0x000000000800c11c       0x50 ./Middlewares/Third_Party/FreeRTOS/Source/portable/GCC/ARM_CM3/port.o
                0x000000000800c11c                vPortExitCritical
 *fill*         0x000000000800c16c        0x4 
 .text.PendSV_Handler
                0x000000000800c170       0x48 ./Middlewares/Third_Party/FreeRTOS/Source/portable/GCC/ARM_CM3/port.o
                0x000000000800c170                PendSV_Handler
 .text.SysTick_Handler
                0x000000000800c1b8       0x44 ./Middlewares/Third_Party/FreeRTOS/Source/portable/GCC/ARM_CM3/port.o
                0x000000000800c1b8                SysTick_Handler
 .text.vPortSetupTimerInterrupt
                0x000000000800c1fc       0x44 ./Middlewares/Third_Party/FreeRTOS/Source/portable/GCC/ARM_CM3/port.o
                0x000000000800c1fc                vPortSetupTimerInterrupt
 .text.vPortValidateInterruptPriority
                0x000000000800c240       0x7c ./Middlewares/Third_Party/FreeRTOS/Source/portable/GCC/ARM_CM3/port.o
                0x000000000800c240                vPortValidateInterruptPriority
 .text.pvPortMalloc
                0x000000000800c2bc      0x194 ./Middlewares/Third_Party/FreeRTOS/Source/portable/MemMang/heap_4.o
                0x000000000800c2bc                pvPortMalloc
 .text.vPortFree
                0x000000000800c450       0xb4 ./Middlewares/Third_Party/FreeRTOS/Source/portable/MemMang/heap_4.o
                0x000000000800c450                vPortFree
 .text.prvHeapInit
                0x000000000800c504       0xc4 ./Middlewares/Third_Party/FreeRTOS/Source/portable/MemMang/heap_4.o
 .text.prvInsertBlockIntoFreeList
                0x000000000800c5c8       0xb0 ./Middlewares/Third_Party/FreeRTOS/Source/portable/MemMang/heap_4.o
 .text.__errno  0x000000000800c678        0xc c:/program files (x86)/stm32cubeide_1.7.0/stm32cubeide/plugins/com.st.stm32cube.ide.mcu.externaltools.gnu-tools-for-stm32.9-2020-q2-update.win32_2.0.0.202105311346/tools/bin/../lib/gcc/arm-none-eabi/9.3.1/../../../../arm-none-eabi/lib/thumb/v7-m/nofp\libc_nano.a(lib_a-errno.o)
                0x000000000800c678                __errno
 .text.__libc_init_array
                0x000000000800c684       0x48 c:/program files (x86)/stm32cubeide_1.7.0/stm32cubeide/plugins/com.st.stm32cube.ide.mcu.externaltools.gnu-tools-for-stm32.9-2020-q2-update.win32_2.0.0.202105311346/tools/bin/../lib/gcc/arm-none-eabi/9.3.1/../../../../arm-none-eabi/lib/thumb/v7-m/nofp\libc_nano.a(lib_a-init.o)
                0x000000000800c684                __libc_init_array
 .text.__retarget_lock_acquire_recursive
                0x000000000800c6cc        0x2 c:/program files (x86)/stm32cubeide_1.7.0/stm32cubeide/plugins/com.st.stm32cube.ide.mcu.externaltools.gnu-tools-for-stm32.9-2020-q2-update.win32_2.0.0.202105311346/tools/bin/../lib/gcc/arm-none-eabi/9.3.1/../../../../arm-none-eabi/lib/thumb/v7-m/nofp\libc_nano.a(lib_a-lock.o)
                0x000000000800c6cc                __retarget_lock_acquire_recursive
 .text.__retarget_lock_release_recursive
                0x000000000800c6ce        0x2 c:/program files (x86)/stm32cubeide_1.7.0/stm32cubeide/plugins/com.st.stm32cube.ide.mcu.externaltools.gnu-tools-for-stm32.9-2020-q2-update.win32_2.0.0.202105311346/tools/bin/../lib/gcc/arm-none-eabi/9.3.1/../../../../arm-none-eabi/lib/thumb/v7-m/nofp\libc_nano.a(lib_a-lock.o)
                0x000000000800c6ce                __retarget_lock_release_recursive
 .text.memcpy   0x000000000800c6d0       0x1c c:/program files (x86)/stm32cubeide_1.7.0/stm32cubeide/plugins/com.st.stm32cube.ide.mcu.externaltools.gnu-tools-for-stm32.9-2020-q2-update.win32_2.0.0.202105311346/tools/bin/../lib/gcc/arm-none-eabi/9.3.1/../../../../arm-none-eabi/lib/thumb/v7-m/nofp\libc_nano.a(lib_a-memcpy-stub.o)
                0x000000000800c6d0                memcpy
 .text.memset   0x000000000800c6ec       0x10 c:/program files (x86)/stm32cubeide_1.7.0/stm32cubeide/plugins/com.st.stm32cube.ide.mcu.externaltools.gnu-tools-for-stm32.9-2020-q2-update.win32_2.0.0.202105311346/tools/bin/../lib/gcc/arm-none-eabi/9.3.1/../../../../arm-none-eabi/lib/thumb/v7-m/nofp\libc_nano.a(lib_a-memset.o)
                0x000000000800c6ec                memset
 .text.cleanup_glue
                0x000000000800c6fc       0x1a c:/program files (x86)/stm32cubeide_1.7.0/stm32cubeide/plugins/com.st.stm32cube.ide.mcu.externaltools.gnu-tools-for-stm32.9-2020-q2-update.win32_2.0.0.202105311346/tools/bin/../lib/gcc/arm-none-eabi/9.3.1/../../../../arm-none-eabi/lib/thumb/v7-m/nofp\libc_nano.a(lib_a-reent.o)
                0x000000000800c6fc                cleanup_glue
 *fill*         0x000000000800c716        0x2 
 .text._reclaim_reent
                0x000000000800c718       0xb8 c:/program files (x86)/stm32cubeide_1.7.0/stm32cubeide/plugins/com.st.stm32cube.ide.mcu.externaltools.gnu-tools-for-stm32.9-2020-q2-update.win32_2.0.0.202105311346/tools/bin/../lib/gcc/arm-none-eabi/9.3.1/../../../../arm-none-eabi/lib/thumb/v7-m/nofp\libc_nano.a(lib_a-reent.o)
                0x000000000800c718                _reclaim_reent
 .text.modff    0x000000000800c7d0       0x44 c:/program files (x86)/stm32cubeide_1.7.0/stm32cubeide/plugins/com.st.stm32cube.ide.mcu.externaltools.gnu-tools-for-stm32.9-2020-q2-update.win32_2.0.0.202105311346/tools/bin/../lib/gcc/arm-none-eabi/9.3.1/../../../../arm-none-eabi/lib/thumb/v7-m/nofp\libc_nano.a(lib_a-sf_modf.o)
                0x000000000800c7d0                modff
 .text.__malloc_lock
                0x000000000800c814        0xc c:/program files (x86)/stm32cubeide_1.7.0/stm32cubeide/plugins/com.st.stm32cube.ide.mcu.externaltools.gnu-tools-for-stm32.9-2020-q2-update.win32_2.0.0.202105311346/tools/bin/../lib/gcc/arm-none-eabi/9.3.1/../../../../arm-none-eabi/lib/thumb/v7-m/nofp\libc_nano.a(lib_a-mlock.o)
                0x000000000800c814                __malloc_lock
 .text.__malloc_unlock
                0x000000000800c820        0xc c:/program files (x86)/stm32cubeide_1.7.0/stm32cubeide/plugins/com.st.stm32cube.ide.mcu.externaltools.gnu-tools-for-stm32.9-2020-q2-update.win32_2.0.0.202105311346/tools/bin/../lib/gcc/arm-none-eabi/9.3.1/../../../../arm-none-eabi/lib/thumb/v7-m/nofp\libc_nano.a(lib_a-mlock.o)
                0x000000000800c820                __malloc_unlock
 .text._free_r  0x000000000800c82c       0x98 c:/program files (x86)/stm32cubeide_1.7.0/stm32cubeide/plugins/com.st.stm32cube.ide.mcu.externaltools.gnu-tools-for-stm32.9-2020-q2-update.win32_2.0.0.202105311346/tools/bin/../lib/gcc/arm-none-eabi/9.3.1/../../../../arm-none-eabi/lib/thumb/v7-m/nofp\libc_nano.a(lib_a-nano-freer.o)
                0x000000000800c82c                _free_r
 .text.fmod     0x000000000800c8c4       0x6c c:/program files (x86)/stm32cubeide_1.7.0/stm32cubeide/plugins/com.st.stm32cube.ide.mcu.externaltools.gnu-tools-for-stm32.9-2020-q2-update.win32_2.0.0.202105311346/tools/bin/../lib/gcc/arm-none-eabi/9.3.1/../../../../arm-none-eabi/lib/thumb/v7-m/nofp\libm.a(lib_a-w_fmod.o)
                0x000000000800c8c4                fmod
 .text.pow      0x000000000800c930      0x158 c:/program files (x86)/stm32cubeide_1.7.0/stm32cubeide/plugins/com.st.stm32cube.ide.mcu.externaltools.gnu-tools-for-stm32.9-2020-q2-update.win32_2.0.0.202105311346/tools/bin/../lib/gcc/arm-none-eabi/9.3.1/../../../../arm-none-eabi/lib/thumb/v7-m/nofp\libm.a(lib_a-w_pow.o)
                0x000000000800c930                pow
 .text.sqrt     0x000000000800ca88       0x58 c:/program files (x86)/stm32cubeide_1.7.0/stm32cubeide/plugins/com.st.stm32cube.ide.mcu.externaltools.gnu-tools-for-stm32.9-2020-q2-update.win32_2.0.0.202105311346/tools/bin/../lib/gcc/arm-none-eabi/9.3.1/../../../../arm-none-eabi/lib/thumb/v7-m/nofp\libm.a(lib_a-w_sqrt.o)
                0x000000000800ca88                sqrt
 .text.__ieee754_fmod
                0x000000000800cae0      0x224 c:/program files (x86)/stm32cubeide_1.7.0/stm32cubeide/plugins/com.st.stm32cube.ide.mcu.externaltools.gnu-tools-for-stm32.9-2020-q2-update.win32_2.0.0.202105311346/tools/bin/../lib/gcc/arm-none-eabi/9.3.1/../../../../arm-none-eabi/lib/thumb/v7-m/nofp\libm.a(lib_a-e_fmod.o)
                0x000000000800cae0                __ieee754_fmod
 *fill*         0x000000000800cd04        0x4 
 .text.__ieee754_pow
                0x000000000800cd08      0xa2c c:/program files (x86)/stm32cubeide_1.7.0/stm32cubeide/plugins/com.st.stm32cube.ide.mcu.externaltools.gnu-tools-for-stm32.9-2020-q2-update.win32_2.0.0.202105311346/tools/bin/../lib/gcc/arm-none-eabi/9.3.1/../../../../arm-none-eabi/lib/thumb/v7-m/nofp\libm.a(lib_a-e_pow.o)
                0x000000000800cd08                __ieee754_pow
 .text.__ieee754_sqrt
                0x000000000800d734      0x158 c:/program files (x86)/stm32cubeide_1.7.0/stm32cubeide/plugins/com.st.stm32cube.ide.mcu.externaltools.gnu-tools-for-stm32.9-2020-q2-update.win32_2.0.0.202105311346/tools/bin/../lib/gcc/arm-none-eabi/9.3.1/../../../../arm-none-eabi/lib/thumb/v7-m/nofp\libm.a(lib_a-e_sqrt.o)
                0x000000000800d734                __ieee754_sqrt
 .text.fabs     0x000000000800d88c        0x6 c:/program files (x86)/stm32cubeide_1.7.0/stm32cubeide/plugins/com.st.stm32cube.ide.mcu.externaltools.gnu-tools-for-stm32.9-2020-q2-update.win32_2.0.0.202105311346/tools/bin/../lib/gcc/arm-none-eabi/9.3.1/../../../../arm-none-eabi/lib/thumb/v7-m/nofp\libm.a(lib_a-s_fabs.o)
                0x000000000800d88c                fabs
 .text.finite   0x000000000800d892        0xc c:/program files (x86)/stm32cubeide_1.7.0/stm32cubeide/plugins/com.st.stm32cube.ide.mcu.externaltools.gnu-tools-for-stm32.9-2020-q2-update.win32_2.0.0.202105311346/tools/bin/../lib/gcc/arm-none-eabi/9.3.1/../../../../arm-none-eabi/lib/thumb/v7-m/nofp\libm.a(lib_a-s_finite.o)
                0x000000000800d892                finite
 *fill*         0x000000000800d89e        0x2 
 .text.nan      0x000000000800d8a0        0xc c:/program files (x86)/stm32cubeide_1.7.0/stm32cubeide/plugins/com.st.stm32cube.ide.mcu.externaltools.gnu-tools-for-stm32.9-2020-q2-update.win32_2.0.0.202105311346/tools/bin/../lib/gcc/arm-none-eabi/9.3.1/../../../../arm-none-eabi/lib/thumb/v7-m/nofp\libm.a(lib_a-s_nan.o)
                0x000000000800d8a0                nan
 .text.rint     0x000000000800d8ac      0x114 c:/program files (x86)/stm32cubeide_1.7.0/stm32cubeide/plugins/com.st.stm32cube.ide.mcu.externaltools.gnu-tools-for-stm32.9-2020-q2-update.win32_2.0.0.202105311346/tools/bin/../lib/gcc/arm-none-eabi/9.3.1/../../../../arm-none-eabi/lib/thumb/v7-m/nofp\libm.a(lib_a-s_rint.o)
                0x000000000800d8ac                rint
 .text.scalbn   0x000000000800d9c0      0x10c c:/program files (x86)/stm32cubeide_1.7.0/stm32cubeide/plugins/com.st.stm32cube.ide.mcu.externaltools.gnu-tools-for-stm32.9-2020-q2-update.win32_2.0.0.202105311346/tools/bin/../lib/gcc/arm-none-eabi/9.3.1/../../../../arm-none-eabi/lib/thumb/v7-m/nofp\libm.a(lib_a-s_scalbn.o)
                0x000000000800d9c0                scalbn
 *(.glue_7)
 .glue_7        0x000000000800dacc        0x0 linker stubs
 *(.glue_7t)
 .glue_7t       0x000000000800dacc        0x0 linker stubs
 *(.eh_frame)
 .eh_frame      0x000000000800dacc        0x0 c:/program files (x86)/stm32cubeide_1.7.0/stm32cubeide/plugins/com.st.stm32cube.ide.mcu.externaltools.gnu-tools-for-stm32.9-2020-q2-update.win32_2.0.0.202105311346/tools/bin/../lib/gcc/arm-none-eabi/9.3.1/thumb/v7-m/nofp/crtbegin.o
 *(.init)
 .init          0x000000000800dacc        0x4 c:/program files (x86)/stm32cubeide_1.7.0/stm32cubeide/plugins/com.st.stm32cube.ide.mcu.externaltools.gnu-tools-for-stm32.9-2020-q2-update.win32_2.0.0.202105311346/tools/bin/../lib/gcc/arm-none-eabi/9.3.1/thumb/v7-m/nofp/crti.o
                0x000000000800dacc                _init
 .init          0x000000000800dad0        0x8 c:/program files (x86)/stm32cubeide_1.7.0/stm32cubeide/plugins/com.st.stm32cube.ide.mcu.externaltools.gnu-tools-for-stm32.9-2020-q2-update.win32_2.0.0.202105311346/tools/bin/../lib/gcc/arm-none-eabi/9.3.1/thumb/v7-m/nofp/crtn.o
 *(.fini)
 .fini          0x000000000800dad8        0x4 c:/program files (x86)/stm32cubeide_1.7.0/stm32cubeide/plugins/com.st.stm32cube.ide.mcu.externaltools.gnu-tools-for-stm32.9-2020-q2-update.win32_2.0.0.202105311346/tools/bin/../lib/gcc/arm-none-eabi/9.3.1/thumb/v7-m/nofp/crti.o
                0x000000000800dad8                _fini
 .fini          0x000000000800dadc        0x8 c:/program files (x86)/stm32cubeide_1.7.0/stm32cubeide/plugins/com.st.stm32cube.ide.mcu.externaltools.gnu-tools-for-stm32.9-2020-q2-update.win32_2.0.0.202105311346/tools/bin/../lib/gcc/arm-none-eabi/9.3.1/thumb/v7-m/nofp/crtn.o
                0x000000000800dae4                . = ALIGN (0x4)
                0x000000000800dae4                _etext = .

.vfp11_veneer   0x000000000800dae4        0x0
 .vfp11_veneer  0x000000000800dae4        0x0 linker stubs

.v4_bx          0x000000000800dae4        0x0
 .v4_bx         0x000000000800dae4        0x0 linker stubs

.iplt           0x000000000800dae4        0x0
 .iplt          0x000000000800dae4        0x0 c:/program files (x86)/stm32cubeide_1.7.0/stm32cubeide/plugins/com.st.stm32cube.ide.mcu.externaltools.gnu-tools-for-stm32.9-2020-q2-update.win32_2.0.0.202105311346/tools/bin/../lib/gcc/arm-none-eabi/9.3.1/thumb/v7-m/nofp/crtbegin.o

.rodata         0x000000000800dae8      0x1a8
                0x000000000800dae8                . = ALIGN (0x4)
 *(.rodata)
 .rodata        0x000000000800dae8        0xe ./Core/Src/Task_Source/Collector_Math_Task.o
 *fill*         0x000000000800daf6        0x2 
 .rodata        0x000000000800daf8       0xac ./Core/Src/main.o
 .rodata        0x000000000800dba4       0x10 ./Drivers/STM32F1xx_HAL_Driver/Src/stm32f1xx_hal_rcc.o
 .rodata        0x000000000800dbb4        0x5 ./Middlewares/Third_Party/FreeRTOS/Source/tasks.o
 *(.rodata*)
 *fill*         0x000000000800dbb9        0x3 
 .rodata.AHBPrescTable
                0x000000000800dbbc       0x10 ./Core/Src/system_stm32f1xx.o
                0x000000000800dbbc                AHBPrescTable
 .rodata.APBPrescTable
                0x000000000800dbcc        0x8 ./Core/Src/system_stm32f1xx.o
                0x000000000800dbcc                APBPrescTable
 .rodata.__sf_fake_stderr
                0x000000000800dbd4       0x20 c:/program files (x86)/stm32cubeide_1.7.0/stm32cubeide/plugins/com.st.stm32cube.ide.mcu.externaltools.gnu-tools-for-stm32.9-2020-q2-update.win32_2.0.0.202105311346/tools/bin/../lib/gcc/arm-none-eabi/9.3.1/../../../../arm-none-eabi/lib/thumb/v7-m/nofp\libc_nano.a(lib_a-findfp.o)
                0x000000000800dbd4                __sf_fake_stderr
 .rodata.__sf_fake_stdin
                0x000000000800dbf4       0x20 c:/program files (x86)/stm32cubeide_1.7.0/stm32cubeide/plugins/com.st.stm32cube.ide.mcu.externaltools.gnu-tools-for-stm32.9-2020-q2-update.win32_2.0.0.202105311346/tools/bin/../lib/gcc/arm-none-eabi/9.3.1/../../../../arm-none-eabi/lib/thumb/v7-m/nofp\libc_nano.a(lib_a-findfp.o)
                0x000000000800dbf4                __sf_fake_stdin
 .rodata.__sf_fake_stdout
                0x000000000800dc14       0x20 c:/program files (x86)/stm32cubeide_1.7.0/stm32cubeide/plugins/com.st.stm32cube.ide.mcu.externaltools.gnu-tools-for-stm32.9-2020-q2-update.win32_2.0.0.202105311346/tools/bin/../lib/gcc/arm-none-eabi/9.3.1/../../../../arm-none-eabi/lib/thumb/v7-m/nofp\libc_nano.a(lib_a-findfp.o)
                0x000000000800dc14                __sf_fake_stdout
 *fill*         0x000000000800dc34        0x4 
 .rodata.Zero   0x000000000800dc38       0x10 c:/program files (x86)/stm32cubeide_1.7.0/stm32cubeide/plugins/com.st.stm32cube.ide.mcu.externaltools.gnu-tools-for-stm32.9-2020-q2-update.win32_2.0.0.202105311346/tools/bin/../lib/gcc/arm-none-eabi/9.3.1/../../../../arm-none-eabi/lib/thumb/v7-m/nofp\libm.a(lib_a-e_fmod.o)
 .rodata.__ieee754_pow.str1.1
                0x000000000800dc48        0x1 c:/program files (x86)/stm32cubeide_1.7.0/stm32cubeide/plugins/com.st.stm32cube.ide.mcu.externaltools.gnu-tools-for-stm32.9-2020-q2-update.win32_2.0.0.202105311346/tools/bin/../lib/gcc/arm-none-eabi/9.3.1/../../../../arm-none-eabi/lib/thumb/v7-m/nofp\libm.a(lib_a-e_pow.o)
 *fill*         0x000000000800dc49        0x7 
 .rodata.bp     0x000000000800dc50       0x10 c:/program files (x86)/stm32cubeide_1.7.0/stm32cubeide/plugins/com.st.stm32cube.ide.mcu.externaltools.gnu-tools-for-stm32.9-2020-q2-update.win32_2.0.0.202105311346/tools/bin/../lib/gcc/arm-none-eabi/9.3.1/../../../../arm-none-eabi/lib/thumb/v7-m/nofp\libm.a(lib_a-e_pow.o)
 .rodata.dp_h   0x000000000800dc60       0x10 c:/program files (x86)/stm32cubeide_1.7.0/stm32cubeide/plugins/com.st.stm32cube.ide.mcu.externaltools.gnu-tools-for-stm32.9-2020-q2-update.win32_2.0.0.202105311346/tools/bin/../lib/gcc/arm-none-eabi/9.3.1/../../../../arm-none-eabi/lib/thumb/v7-m/nofp\libm.a(lib_a-e_pow.o)
 .rodata.dp_l   0x000000000800dc70       0x10 c:/program files (x86)/stm32cubeide_1.7.0/stm32cubeide/plugins/com.st.stm32cube.ide.mcu.externaltools.gnu-tools-for-stm32.9-2020-q2-update.win32_2.0.0.202105311346/tools/bin/../lib/gcc/arm-none-eabi/9.3.1/../../../../arm-none-eabi/lib/thumb/v7-m/nofp\libm.a(lib_a-e_pow.o)
 .rodata.TWO52  0x000000000800dc80       0x10 c:/program files (x86)/stm32cubeide_1.7.0/stm32cubeide/plugins/com.st.stm32cube.ide.mcu.externaltools.gnu-tools-for-stm32.9-2020-q2-update.win32_2.0.0.202105311346/tools/bin/../lib/gcc/arm-none-eabi/9.3.1/../../../../arm-none-eabi/lib/thumb/v7-m/nofp\libm.a(lib_a-s_rint.o)
                0x000000000800dc90                . = ALIGN (0x4)

.rel.dyn        0x000000000800dc90        0x0
 .rel.iplt      0x000000000800dc90        0x0 c:/program files (x86)/stm32cubeide_1.7.0/stm32cubeide/plugins/com.st.stm32cube.ide.mcu.externaltools.gnu-tools-for-stm32.9-2020-q2-update.win32_2.0.0.202105311346/tools/bin/../lib/gcc/arm-none-eabi/9.3.1/thumb/v7-m/nofp/crtbegin.o

.ARM.extab      0x000000000800dc90        0x0
                0x000000000800dc90                . = ALIGN (0x4)
 *(.ARM.extab* .gnu.linkonce.armextab.*)
                0x000000000800dc90                . = ALIGN (0x4)

.ARM            0x000000000800dc90        0x0
                0x000000000800dc90                . = ALIGN (0x4)
                0x000000000800dc90                __exidx_start = .
 *(.ARM.exidx*)
                0x000000000800dc90                __exidx_end = .
                0x000000000800dc90                . = ALIGN (0x4)

.preinit_array  0x000000000800dc90        0x0
                0x000000000800dc90                . = ALIGN (0x4)
                0x000000000800dc90                PROVIDE (__preinit_array_start = .)
 *(.preinit_array*)
                0x000000000800dc90                PROVIDE (__preinit_array_end = .)
                0x000000000800dc90                . = ALIGN (0x4)

.init_array     0x000000000800dc90        0x4
                0x000000000800dc90                . = ALIGN (0x4)
                0x000000000800dc90                PROVIDE (__init_array_start = .)
 *(SORT_BY_NAME(.init_array.*))
 *(.init_array*)
 .init_array    0x000000000800dc90        0x4 c:/program files (x86)/stm32cubeide_1.7.0/stm32cubeide/plugins/com.st.stm32cube.ide.mcu.externaltools.gnu-tools-for-stm32.9-2020-q2-update.win32_2.0.0.202105311346/tools/bin/../lib/gcc/arm-none-eabi/9.3.1/thumb/v7-m/nofp/crtbegin.o
                0x000000000800dc94                PROVIDE (__init_array_end = .)
                0x000000000800dc94                . = ALIGN (0x4)

.fini_array     0x000000000800dc94        0x4
                0x000000000800dc94                . = ALIGN (0x4)
                [!provide]                        PROVIDE (__fini_array_start = .)
 *(SORT_BY_NAME(.fini_array.*))
 *(.fini_array*)
 .fini_array    0x000000000800dc94        0x4 c:/program files (x86)/stm32cubeide_1.7.0/stm32cubeide/plugins/com.st.stm32cube.ide.mcu.externaltools.gnu-tools-for-stm32.9-2020-q2-update.win32_2.0.0.202105311346/tools/bin/../lib/gcc/arm-none-eabi/9.3.1/thumb/v7-m/nofp/crtbegin.o
                [!provide]                        PROVIDE (__fini_array_end = .)
                0x000000000800dc98                . = ALIGN (0x4)
                0x000000000800dc98                _sidata = LOADADDR (.data)

.data           0x0000000020000000       0x78 load address 0x000000000800dc98
                0x0000000020000000                . = ALIGN (0x4)
                0x0000000020000000                _sdata = .
 *(.data)
 *(.data*)
 .data.SystemCoreClock
                0x0000000020000000        0x4 ./Core/Src/system_stm32f1xx.o
                0x0000000020000000                SystemCoreClock
 .data.uwTickPrio
                0x0000000020000004        0x4 ./Drivers/STM32F1xx_HAL_Driver/Src/stm32f1xx_hal.o
                0x0000000020000004                uwTickPrio
 .data.uwTickFreq
                0x0000000020000008        0x1 ./Drivers/STM32F1xx_HAL_Driver/Src/stm32f1xx_hal.o
                0x0000000020000008                uwTickFreq
 *fill*         0x0000000020000009        0x3 
 .data.uxCriticalNesting
                0x000000002000000c        0x4 ./Middlewares/Third_Party/FreeRTOS/Source/portable/GCC/ARM_CM3/port.o
 .data._impure_ptr
                0x0000000020000010        0x4 c:/program files (x86)/stm32cubeide_1.7.0/stm32cubeide/plugins/com.st.stm32cube.ide.mcu.externaltools.gnu-tools-for-stm32.9-2020-q2-update.win32_2.0.0.202105311346/tools/bin/../lib/gcc/arm-none-eabi/9.3.1/../../../../arm-none-eabi/lib/thumb/v7-m/nofp\libc_nano.a(lib_a-impure.o)
                0x0000000020000010                _impure_ptr
 .data.impure_data
                0x0000000020000014       0x60 c:/program files (x86)/stm32cubeide_1.7.0/stm32cubeide/plugins/com.st.stm32cube.ide.mcu.externaltools.gnu-tools-for-stm32.9-2020-q2-update.win32_2.0.0.202105311346/tools/bin/../lib/gcc/arm-none-eabi/9.3.1/../../../../arm-none-eabi/lib/thumb/v7-m/nofp\libc_nano.a(lib_a-impure.o)
 .data.__fdlib_version
                0x0000000020000074        0x1 c:/program files (x86)/stm32cubeide_1.7.0/stm32cubeide/plugins/com.st.stm32cube.ide.mcu.externaltools.gnu-tools-for-stm32.9-2020-q2-update.win32_2.0.0.202105311346/tools/bin/../lib/gcc/arm-none-eabi/9.3.1/../../../../arm-none-eabi/lib/thumb/v7-m/nofp\libm.a(lib_a-s_lib_ver.o)
                0x0000000020000074                __fdlib_version
 *(.RamFunc)
 *(.RamFunc*)
                0x0000000020000078                . = ALIGN (0x4)
 *fill*         0x0000000020000075        0x3 
                0x0000000020000078                _edata = .

.igot.plt       0x0000000020000078        0x0 load address 0x000000000800dd10
 .igot.plt      0x0000000020000078        0x0 c:/program files (x86)/stm32cubeide_1.7.0/stm32cubeide/plugins/com.st.stm32cube.ide.mcu.externaltools.gnu-tools-for-stm32.9-2020-q2-update.win32_2.0.0.202105311346/tools/bin/../lib/gcc/arm-none-eabi/9.3.1/thumb/v7-m/nofp/crtbegin.o
                0x0000000020000078                . = ALIGN (0x4)

.bss            0x0000000020000078     0x4468 load address 0x000000000800dd10
                0x0000000020000078                _sbss = .
                0x0000000020000078                __bss_start__ = _sbss
 *(.bss)
 .bss           0x0000000020000078       0x1c c:/program files (x86)/stm32cubeide_1.7.0/stm32cubeide/plugins/com.st.stm32cube.ide.mcu.externaltools.gnu-tools-for-stm32.9-2020-q2-update.win32_2.0.0.202105311346/tools/bin/../lib/gcc/arm-none-eabi/9.3.1/thumb/v7-m/nofp/crtbegin.o
 *(.bss*)
 .bss.First_Select_Axis_Data
                0x0000000020000094        0x4 ./Core/Src/Task_Source/Collector_Math_Task.o
                0x0000000020000094                First_Select_Axis_Data
 .bss.Second_Select_Axis_Data
                0x0000000020000098        0x4 ./Core/Src/Task_Source/Collector_Math_Task.o
                0x0000000020000098                Second_Select_Axis_Data
 .bss.Data_Collector_task_id
                0x000000002000009c        0x4 ./Core/Src/Task_Source/Collector_Math_Task.o
                0x000000002000009c                Data_Collector_task_id
 .bss.Furie_Transform_task_id
                0x00000000200000a0        0x4 ./Core/Src/Task_Source/Collector_Math_Task.o
                0x00000000200000a0                Furie_Transform_task_id
 .bss.Mutex_Failed_Memoru
                0x00000000200000a4        0x4 ./Core/Src/Task_Source/Collector_Math_Task.o
 .bss.COBS_UART_Transmit
                0x00000000200000a8        0x4 ./Core/Src/Task_Source/Collector_Math_Task.o
 .bss.xIdleTaskTCBBuffer
                0x00000000200000ac       0xb4 ./Core/Src/freertos.o
 .bss.xIdleStack
                0x0000000020000160      0x200 ./Core/Src/freertos.o
 .bss.adxl345_task_id
                0x0000000020000360        0x4 ./Library_FREERTOS_HAL/Source/adxl345_rtos.o
 .bss.htask     0x0000000020000364        0x4 ./Library_FREERTOS_HAL/Source/adxl345_rtos.o
 .bss.fifo_accelerometer_rx
                0x0000000020000368        0x4 ./Library_FREERTOS_HAL/Source/adxl345_rtos.o
 .bss.exti_freertos_list_begin
                0x000000002000036c        0x4 ./Library_FREERTOS_HAL/Source/exti_freertos.o
 .bss.spi_rtos_list_begin
                0x0000000020000370        0x4 ./Library_FREERTOS_HAL/Source/spi_freertos.o
 .bss.framebuffer_rx
                0x0000000020000374        0x4 ./Library_FREERTOS_HAL/Source/uart_cobs_service.o
 .bss.buf_rx    0x0000000020000378        0x4 ./Library_FREERTOS_HAL/Source/uart_cobs_service.o
 .bss.uart_cobs_service_rx_task_id
                0x000000002000037c        0x4 ./Library_FREERTOS_HAL/Source/uart_cobs_service.o
 .bss.buf_tx    0x0000000020000380        0x4 ./Library_FREERTOS_HAL/Source/uart_cobs_service.o
 .bss.uart_cobs_service_tx_task_id
                0x0000000020000384        0x4 ./Library_FREERTOS_HAL/Source/uart_cobs_service.o
 .bss.uart_rtos_list_begin
                0x0000000020000388        0x4 ./Library_FREERTOS_HAL/Source/uart_freertos.o
 .bss.pxCurrentTCB
                0x000000002000038c        0x4 ./Middlewares/Third_Party/FreeRTOS/Source/tasks.o
                0x000000002000038c                pxCurrentTCB
 .bss.pxReadyTasksLists
                0x0000000020000390       0x8c ./Middlewares/Third_Party/FreeRTOS/Source/tasks.o
 .bss.xDelayedTaskList1
                0x000000002000041c       0x14 ./Middlewares/Third_Party/FreeRTOS/Source/tasks.o
 .bss.xDelayedTaskList2
                0x0000000020000430       0x14 ./Middlewares/Third_Party/FreeRTOS/Source/tasks.o
 .bss.pxDelayedTaskList
                0x0000000020000444        0x4 ./Middlewares/Third_Party/FreeRTOS/Source/tasks.o
 .bss.pxOverflowDelayedTaskList
                0x0000000020000448        0x4 ./Middlewares/Third_Party/FreeRTOS/Source/tasks.o
 .bss.xPendingReadyList
                0x000000002000044c       0x14 ./Middlewares/Third_Party/FreeRTOS/Source/tasks.o
 .bss.xTasksWaitingTermination
                0x0000000020000460       0x14 ./Middlewares/Third_Party/FreeRTOS/Source/tasks.o
 .bss.uxDeletedTasksWaitingCleanUp
                0x0000000020000474        0x4 ./Middlewares/Third_Party/FreeRTOS/Source/tasks.o
 .bss.xSuspendedTaskList
                0x0000000020000478       0x14 ./Middlewares/Third_Party/FreeRTOS/Source/tasks.o
 .bss.uxCurrentNumberOfTasks
                0x000000002000048c        0x4 ./Middlewares/Third_Party/FreeRTOS/Source/tasks.o
 .bss.xTickCount
                0x0000000020000490        0x4 ./Middlewares/Third_Party/FreeRTOS/Source/tasks.o
 .bss.uxTopReadyPriority
                0x0000000020000494        0x4 ./Middlewares/Third_Party/FreeRTOS/Source/tasks.o
 .bss.xSchedulerRunning
                0x0000000020000498        0x4 ./Middlewares/Third_Party/FreeRTOS/Source/tasks.o
 .bss.uxPendedTicks
                0x000000002000049c        0x4 ./Middlewares/Third_Party/FreeRTOS/Source/tasks.o
 .bss.xYieldPending
                0x00000000200004a0        0x4 ./Middlewares/Third_Party/FreeRTOS/Source/tasks.o
 .bss.xNumOfOverflows
                0x00000000200004a4        0x4 ./Middlewares/Third_Party/FreeRTOS/Source/tasks.o
 .bss.uxTaskNumber
                0x00000000200004a8        0x4 ./Middlewares/Third_Party/FreeRTOS/Source/tasks.o
 .bss.xNextTaskUnblockTime
                0x00000000200004ac        0x4 ./Middlewares/Third_Party/FreeRTOS/Source/tasks.o
 .bss.xIdleTaskHandle
                0x00000000200004b0        0x4 ./Middlewares/Third_Party/FreeRTOS/Source/tasks.o
 .bss.uxSchedulerSuspended
                0x00000000200004b4        0x4 ./Middlewares/Third_Party/FreeRTOS/Source/tasks.o
 .bss.ucMaxSysCallPriority
                0x00000000200004b8        0x1 ./Middlewares/Third_Party/FreeRTOS/Source/portable/GCC/ARM_CM3/port.o
 *fill*         0x00000000200004b9        0x3 
 .bss.ulMaxPRIGROUPValue
                0x00000000200004bc        0x4 ./Middlewares/Third_Party/FreeRTOS/Source/portable/GCC/ARM_CM3/port.o
 .bss.ucHeap    0x00000000200004c0     0x3d54 ./Middlewares/Third_Party/FreeRTOS/Source/portable/MemMang/heap_4.o
 .bss.xStart    0x0000000020004214        0x8 ./Middlewares/Third_Party/FreeRTOS/Source/portable/MemMang/heap_4.o
 .bss.pxEnd     0x000000002000421c        0x4 ./Middlewares/Third_Party/FreeRTOS/Source/portable/MemMang/heap_4.o
 .bss.xFreeBytesRemaining
                0x0000000020004220        0x4 ./Middlewares/Third_Party/FreeRTOS/Source/portable/MemMang/heap_4.o
 .bss.xMinimumEverFreeBytesRemaining
                0x0000000020004224        0x4 ./Middlewares/Third_Party/FreeRTOS/Source/portable/MemMang/heap_4.o
 .bss.xBlockAllocatedBit
                0x0000000020004228        0x4 ./Middlewares/Third_Party/FreeRTOS/Source/portable/MemMang/heap_4.o
 .bss.__malloc_free_list
                0x000000002000422c        0x4 c:/program files (x86)/stm32cubeide_1.7.0/stm32cubeide/plugins/com.st.stm32cube.ide.mcu.externaltools.gnu-tools-for-stm32.9-2020-q2-update.win32_2.0.0.202105311346/tools/bin/../lib/gcc/arm-none-eabi/9.3.1/../../../../arm-none-eabi/lib/thumb/v7-m/nofp\libc_nano.a(lib_a-nano-mallocr.o)
                0x000000002000422c                __malloc_free_list
 *(COMMON)
 COMMON         0x0000000020004230      0x216 ./Core/Src/main.o
                0x0000000020004230                defaultTaskHandle
                0x0000000020004234                hspi2
                0x00000000200042b4                hdma_spi2_rx
                0x00000000200042f8                Setting_TypeDef
                0x0000000020004324                spi_rtos
                0x0000000020004334                hadxl_settings
                0x0000000020004368                hadxl_task