Archive member included to satisfy reference by file (symbol)

d:/program files/stm32cubeide_1.5.1/stm32cubeide/plugins/com.st.stm32cube.ide.mcu.externaltools.gnu-tools-for-stm32.9-2020-q2-update.win32_2.0.0.202105311346/tools/bin/../lib/gcc/arm-none-eabi/9.3.1/../../../../arm-none-eabi/lib/thumb/v7-m/nofp\libc_nano.a(lib_a-errno.o)
                              ./Core/Src/syscalls.o (__errno)
d:/program files/stm32cubeide_1.5.1/stm32cubeide/plugins/com.st.stm32cube.ide.mcu.externaltools.gnu-tools-for-stm32.9-2020-q2-update.win32_2.0.0.202105311346/tools/bin/../lib/gcc/arm-none-eabi/9.3.1/../../../../arm-none-eabi/lib/thumb/v7-m/nofp\libc_nano.a(lib_a-exit.o)
                              d:/program files/stm32cubeide_1.5.1/stm32cubeide/plugins/com.st.stm32cube.ide.mcu.externaltools.gnu-tools-for-stm32.9-2020-q2-update.win32_2.0.0.202105311346/tools/bin/../lib/gcc/arm-none-eabi/9.3.1/../../../../arm-none-eabi/lib/thumb/v7-m/nofp/crt0.o (exit)
d:/program files/stm32cubeide_1.5.1/stm32cubeide/plugins/com.st.stm32cube.ide.mcu.externaltools.gnu-tools-for-stm32.9-2020-q2-update.win32_2.0.0.202105311346/tools/bin/../lib/gcc/arm-none-eabi/9.3.1/../../../../arm-none-eabi/lib/thumb/v7-m/nofp\libc_nano.a(lib_a-findfp.o)
                              ./Middlewares/Third_Party/FreeRTOS/Source/tasks.o (__sf_fake_stderr)
d:/program files/stm32cubeide_1.5.1/stm32cubeide/plugins/com.st.stm32cube.ide.mcu.externaltools.gnu-tools-for-stm32.9-2020-q2-update.win32_2.0.0.202105311346/tools/bin/../lib/gcc/arm-none-eabi/9.3.1/../../../../arm-none-eabi/lib/thumb/v7-m/nofp\libc_nano.a(lib_a-fwalk.o)
                              d:/program files/stm32cubeide_1.5.1/stm32cubeide/plugins/com.st.stm32cube.ide.mcu.externaltools.gnu-tools-for-stm32.9-2020-q2-update.win32_2.0.0.202105311346/tools/bin/../lib/gcc/arm-none-eabi/9.3.1/../../../../arm-none-eabi/lib/thumb/v7-m/nofp\libc_nano.a(lib_a-findfp.o) (_fwalk)
d:/program files/stm32cubeide_1.5.1/stm32cubeide/plugins/com.st.stm32cube.ide.mcu.externaltools.gnu-tools-for-stm32.9-2020-q2-update.win32_2.0.0.202105311346/tools/bin/../lib/gcc/arm-none-eabi/9.3.1/../../../../arm-none-eabi/lib/thumb/v7-m/nofp\libc_nano.a(lib_a-impure.o)
                              d:/program files/stm32cubeide_1.5.1/stm32cubeide/plugins/com.st.stm32cube.ide.mcu.externaltools.gnu-tools-for-stm32.9-2020-q2-update.win32_2.0.0.202105311346/tools/bin/../lib/gcc/arm-none-eabi/9.3.1/../../../../arm-none-eabi/lib/thumb/v7-m/nofp\libc_nano.a(lib_a-exit.o) (_global_impure_ptr)
d:/program files/stm32cubeide_1.5.1/stm32cubeide/plugins/com.st.stm32cube.ide.mcu.externaltools.gnu-tools-for-stm32.9-2020-q2-update.win32_2.0.0.202105311346/tools/bin/../lib/gcc/arm-none-eabi/9.3.1/../../../../arm-none-eabi/lib/thumb/v7-m/nofp\libc_nano.a(lib_a-init.o)
                              d:/program files/stm32cubeide_1.5.1/stm32cubeide/plugins/com.st.stm32cube.ide.mcu.externaltools.gnu-tools-for-stm32.9-2020-q2-update.win32_2.0.0.202105311346/tools/bin/../lib/gcc/arm-none-eabi/9.3.1/../../../../arm-none-eabi/lib/thumb/v7-m/nofp/crt0.o (__libc_init_array)
d:/program files/stm32cubeide_1.5.1/stm32cubeide/plugins/com.st.stm32cube.ide.mcu.externaltools.gnu-tools-for-stm32.9-2020-q2-update.win32_2.0.0.202105311346/tools/bin/../lib/gcc/arm-none-eabi/9.3.1/../../../../arm-none-eabi/lib/thumb/v7-m/nofp\libc_nano.a(lib_a-lock.o)
                              d:/program files/stm32cubeide_1.5.1/stm32cubeide/plugins/com.st.stm32cube.ide.mcu.externaltools.gnu-tools-for-stm32.9-2020-q2-update.win32_2.0.0.202105311346/tools/bin/../lib/gcc/arm-none-eabi/9.3.1/../../../../arm-none-eabi/lib/thumb/v7-m/nofp\libc_nano.a(lib_a-findfp.o) (__retarget_lock_init_recursive)
d:/program files/stm32cubeide_1.5.1/stm32cubeide/plugins/com.st.stm32cube.ide.mcu.externaltools.gnu-tools-for-stm32.9-2020-q2-update.win32_2.0.0.202105311346/tools/bin/../lib/gcc/arm-none-eabi/9.3.1/../../../../arm-none-eabi/lib/thumb/v7-m/nofp\libc_nano.a(lib_a-memcpy-stub.o)
                              ./Middlewares/Third_Party/FreeRTOS/Source/queue.o (memcpy)
d:/program files/stm32cubeide_1.5.1/stm32cubeide/plugins/com.st.stm32cube.ide.mcu.externaltools.gnu-tools-for-stm32.9-2020-q2-update.win32_2.0.0.202105311346/tools/bin/../lib/gcc/arm-none-eabi/9.3.1/../../../../arm-none-eabi/lib/thumb/v7-m/nofp\libc_nano.a(lib_a-memset.o)
                              d:/program files/stm32cubeide_1.5.1/stm32cubeide/plugins/com.st.stm32cube.ide.mcu.externaltools.gnu-tools-for-stm32.9-2020-q2-update.win32_2.0.0.202105311346/tools/bin/../lib/gcc/arm-none-eabi/9.3.1/../../../../arm-none-eabi/lib/thumb/v7-m/nofp/crt0.o (memset)
d:/program files/stm32cubeide_1.5.1/stm32cubeide/plugins/com.st.stm32cube.ide.mcu.externaltools.gnu-tools-for-stm32.9-2020-q2-update.win32_2.0.0.202105311346/tools/bin/../lib/gcc/arm-none-eabi/9.3.1/../../../../arm-none-eabi/lib/thumb/v7-m/nofp\libc_nano.a(lib_a-nano-mallocr.o)
[...]
Memory Configuration

Name             Origin             Length             Attributes
RAM              0x0000000020000000 0x0000000000005000 xrw
FLASH            0x0000000008000000 0x0000000000020000 xr
*default*        0x0000000000000000 0xffffffffffffffff

Linker script and memory map

LOAD d:/program files/stm32cubeide_1.5.1/stm32cubeide/plugins/com.st.stm32cube.ide.mcu.externaltools.gnu-tools-for-stm32.9-2020-q2-update.win32_2.0.0.202105311346/tools/bin/../lib/gcc/arm-none-eabi/9.3.1/thumb/v7-m/nofp/crti.o
LOAD d:/program files/stm32cubeide_1.5.1/stm32cubeide/plugins/com.st.stm32cube.ide.mcu.externaltools.gnu-tools-for-stm32.9-2020-q2-update.win32_2.0.0.202105311346/tools/bin/../lib/gcc/arm-none-eabi/9.3.1/thumb/v7-m/nofp/crtbegin.o
LOAD d:/program files/stm32cubeide_1.5.1/stm32cubeide/plugins/com.st.stm32cube.ide.mcu.externaltools.gnu-tools-for-stm32.9-2020-q2-update.win32_2.0.0.202105311346/tools/bin/../lib/gcc/arm-none-eabi/9.3.1/../../../../arm-none-eabi/lib/thumb/v7-m/nofp/crt0.o
LOAD ./Core/Src/freertos.o
LOAD ./Core/Src/main.o
LOAD ./Core/Src/stm32f1xx_hal_msp.o
LOAD ./Core/Src/stm32f1xx_hal_timebase_tim.o
LOAD ./Core/Src/stm32f1xx_it.o
LOAD ./Core/Src/syscalls.o
LOAD ./Core/Src/sysmem.o
LOAD ./Core/Src/system_stm32f1xx.o
LOAD ./Core/Startup/startup_stm32f103rbtx.o
LOAD ./Drivers/STM32F1xx_HAL_Driver/Src/stm32f1xx_hal.o
LOAD ./Drivers/STM32F1xx_HAL_Driver/Src/stm32f1xx_hal_cortex.o
LOAD ./Drivers/STM32F1xx_HAL_Driver/Src/stm32f1xx_hal_dma.o
LOAD ./Drivers/STM32F1xx_HAL_Driver/Src/stm32f1xx_hal_exti.o
LOAD ./Drivers/STM32F1xx_HAL_Driver/Src/stm32f1xx_hal_flash.o
LOAD ./Drivers/STM32F1xx_HAL_Driver/Src/stm32f1xx_hal_flash_ex.o
LOAD ./Drivers/STM32F1xx_HAL_Driver/Src/stm32f1xx_hal_gpio.o
LOAD ./Drivers/STM32F1xx_HAL_Driver/Src/stm32f1xx_hal_gpio_ex.o
LOAD ./Drivers/STM32F1xx_HAL_Driver/Src/stm32f1xx_hal_pwr.o
LOAD ./Drivers/STM32F1xx_HAL_Driver/Src/stm32f1xx_hal_rcc.o
LOAD ./Drivers/STM32F1xx_HAL_Driver/Src/stm32f1xx_hal_rcc_ex.o
LOAD ./Drivers/STM32F1xx_HAL_Driver/Src/stm32f1xx_hal_spi.o
LOAD ./Drivers/STM32F1xx_HAL_Driver/Src/stm32f1xx_hal_tim.o
LOAD ./Drivers/STM32F1xx_HAL_Driver/Src/stm32f1xx_hal_tim_ex.o
LOAD ./Drivers/STM32F1xx_HAL_Driver/Src/stm32f1xx_hal_uart.o
LOAD ./Library_FREERTOS_HAL/Source/adxl345.o
LOAD ./Library_FREERTOS_HAL/Source/adxl345_rtos.o
LOAD ./Library_FREERTOS_HAL/Source/cobs.o
LOAD ./Library_FREERTOS_HAL/Source/exti_freertos.o
LOAD ./Library_FREERTOS_HAL/Source/gpio_freertos.o
LOAD ./Library_FREERTOS_HAL/Source/spi_freertos.o
LOAD ./Library_FREERTOS_HAL/Source/uart_cobs_service.o
LOAD ./Library_FREERTOS_HAL/Source/uart_freertos.o
LOAD ./Middlewares/Third_Party/FreeRTOS/Source/CMSIS_RTOS/cmsis_os.o
LOAD ./Middlewares/Third_Party/FreeRTOS/Source/croutine.o
LOAD ./Middlewares/Third_Party/FreeRTOS/Source/event_groups.o
LOAD ./Middlewares/Third_Party/FreeRTOS/Source/list.o
LOAD ./Middlewares/Third_Party/FreeRTOS/Source/queue.o
LOAD ./Middlewares/Third_Party/FreeRTOS/Source/stream_buffer.o
LOAD ./Middlewares/Third_Party/FreeRTOS/Source/tasks.o
LOAD ./Middlewares/Third_Party/FreeRTOS/Source/timers.o
LOAD ./Middlewares/Third_Party/FreeRTOS/Source/portable/GCC/ARM_CM3/port.o
LOAD ./Middlewares/Third_Party/FreeRTOS/Source/portable/MemMang/heap_4.o
START GROUP
LOAD d:/program files/stm32cubeide_1.5.1/stm32cubeide/plugins/com.st.stm32cube.ide.mcu.externaltools.gnu-tools-for-stm32.9-2020-q2-update.win32_2.0.0.202105311346/tools/bin/../lib/gcc/arm-none-eabi/9.3.1/../../../../arm-none-eabi/lib/thumb/v7-m/nofp\libc_nano.a
LOAD d:/program files/stm32cubeide_1.5.1/stm32cubeide/plugins/com.st.stm32cube.ide.mcu.externaltools.gnu-tools-for-stm32.9-2020-q2-update.win32_2.0.0.202105311346/tools/bin/../lib/gcc/arm-none-eabi/9.3.1/../../../../arm-none-eabi/lib/thumb/v7-m/nofp\libm.a
END GROUP
START GROUP
LOAD d:/program files/stm32cubeide_1.5.1/stm32cubeide/plugins/com.st.stm32cube.ide.mcu.externaltools.gnu-tools-for-stm32.9-2020-q2-update.win32_2.0.0.202105311346/tools/bin/../lib/gcc/arm-none-eabi/9.3.1/thumb/v7-m/nofp\libgcc.a
LOAD d:/program files/stm32cubeide_1.5.1/stm32cubeide/plugins/com.st.stm32cube.ide.mcu.externaltools.gnu-tools-for-stm32.9-2020-q2-update.win32_2.0.0.202105311346/tools/bin/../lib/gcc/arm-none-eabi/9.3.1/../../../../arm-none-eabi/lib/thumb/v7-m/nofp\libc_nano.a
END GROUP
START GROUP
LOAD d:/program files/stm32cubeide_1.5.1/stm32cubeide/plugins/com.st.stm32cube.ide.mcu.externaltools.gnu-tools-for-stm32.9-2020-q2-update.win32_2.0.0.202105311346/tools/bin/../lib/gcc/arm-none-eabi/9.3.1/thumb/v7-m/nofp\libgcc.a
LOAD d:/program files/stm32cubeide_1.5.1/stm32cubeide/plugins/com.st.stm32cube.ide.mcu.externaltools.gnu-tools-for-stm32.9-2020-q2-update.win32_2.0.0.202105311346/tools/bin/../lib/gcc/arm-none-eabi/9.3.1/../../../../arm-none-eabi/lib/thumb/v7-m/nofp\libc_nano.a
LOAD d:/program files/stm32cubeide_1.5.1/stm32cubeide/plugins/com.st.stm32cube.ide.mcu.externaltools.gnu-tools-for-stm32.9-2020-q2-update.win32_2.0.0.202105311346/tools/bin/../lib/gcc/arm-none-eabi/9.3.1/../../../../arm-none-eabi/lib/thumb/v7-m/nofp\libnosys.a
END GROUP
START GROUP
LOAD d:/program files/stm32cubeide_1.5.1/stm32cubeide/plugins/com.st.stm32cube.ide.mcu.externaltools.gnu-tools-for-stm32.9-2020-q2-update.win32_2.0.0.202105311346/tools/bin/../lib/gcc/arm-none-eabi/9.3.1/thumb/v7-m/nofp\libgcc.a
LOAD d:/program files/stm32cubeide_1.5.1/stm32cubeide/plugins/com.st.stm32cube.ide.mcu.externaltools.gnu-tools-for-stm32.9-2020-q2-update.win32_2.0.0.202105311346/tools/bin/../lib/gcc/arm-none-eabi/9.3.1/../../../../arm-none-eabi/lib/thumb/v7-m/nofp\libc_nano.a
LOAD d:/program files/stm32cubeide_1.5.1/stm32cubeide/plugins/com.st.stm32cube.ide.mcu.externaltools.gnu-tools-for-stm32.9-2020-q2-update.win32_2.0.0.202105311346/tools/bin/../lib/gcc/arm-none-eabi/9.3.1/../../../../arm-none-eabi/lib/thumb/v7-m/nofp\libnosys.a
END GROUP
LOAD d:/program files/stm32cubeide_1.5.1/stm32cubeide/plugins/com.st.stm32cube.ide.mcu.externaltools.gnu-tools-for-stm32.9-2020-q2-update.win32_2.0.0.202105311346/tools/bin/../lib/gcc/arm-none-eabi/9.3.1/thumb/v7-m/nofp/crtend.o
LOAD d:/program files/stm32cubeide_1.5.1/stm32cubeide/plugins/com.st.stm32cube.ide.mcu.externaltools.gnu-tools-for-stm32.9-2020-q2-update.win32_2.0.0.202105311346/tools/bin/../lib/gcc/arm-none-eabi/9.3.1/thumb/v7-m/nofp/crtn.o
                0x0000000020005000                _estack = (ORIGIN (RAM) + LENGTH (RAM))
                0x0000000000000200                _Min_Heap_Size = 0x200
                0x0000000000000400                _Min_Stack_Size = 0x400

.isr_vector     0x0000000008000000      0x10c
                0x0000000008000000                . = ALIGN (0x4)
 *(.isr_vector)
 .isr_vector    0x0000000008000000      0x10c ./Core/Startup/startup_stm32f103rbtx.o
                0x0000000008000000                g_pfnVectors
                0x000000000800010c                . = ALIGN (0x4)

.text           0x0000000008000110     0x7940
                0x0000000008000110                . = ALIGN (0x4)
 *(.text)
 .text          0x0000000008000110       0x40 d:/program files/stm32cubeide_1.5.1/stm32cubeide/plugins/com.st.stm32cube.ide.mcu.externaltools.gnu-tools-for-stm32.9-2020-q2-update.win32_2.0.0.202105311346/tools/bin/../lib/gcc/arm-none-eabi/9.3.1/thumb/v7-m/nofp/crtbegin.o
 *(.text*)
 .text.vApplicationGetIdleTaskMemory
                0x0000000008000150       0x30 ./Core/Src/freertos.o
                0x0000000008000150                vApplicationGetIdleTaskMemory
 .text.main     0x0000000008000180       0x54 ./Core/Src/main.o
                0x0000000008000180                main
 .text.SystemClock_Config
                0x00000000080001d4       0x8a ./Core/Src/main.o
                0x00000000080001d4                SystemClock_Config
 *fill*         0x000000000800025e        0x2 
 .text.MX_SPI2_Init
                0x0000000008000260       0x6c ./Core/Src/main.o
 .text.MX_USART2_UART_Init
                0x00000000080002cc       0x54 ./Core/Src/main.o
 .text.MX_DMA_Init
                0x0000000008000320       0x4c ./Core/Src/main.o
 .text.MX_GPIO_Init
                0x000000000800036c      0x120 ./Core/Src/main.o
 .text.ADXL345_Config
                0x000000000800048c      0x188 ./Core/Src/main.o
                0x000000000800048c                ADXL345_Config
 .text.ADXL345_Data_Collector_Task
                0x0000000008000614       0x40 ./Core/Src/main.o
                0x0000000008000614                ADXL345_Data_Collector_Task
 .text.HAL_TIM_PeriodElapsedCallback
                0x0000000008000654       0x24 ./Core/Src/main.o
                0x0000000008000654                HAL_TIM_PeriodElapsedCallback
 .text.Error_Handler
                0x0000000008000678        0xa ./Core/Src/main.o
                0x0000000008000678                Error_Handler
 *fill*         0x0000000008000682        0x2 
 .text.HAL_MspInit
                0x0000000008000684       0x70 ./Core/Src/stm32f1xx_hal_msp.o
                0x0000000008000684                HAL_MspInit
 .text.HAL_SPI_MspInit
                0x00000000080006f4      0x154 ./Core/Src/stm32f1xx_hal_msp.o
                0x00000000080006f4                HAL_SPI_MspInit
 .text.HAL_UART_MspInit
                0x0000000008000848       0x8c ./Core/Src/stm32f1xx_hal_msp.o
                0x0000000008000848                HAL_UART_MspInit
 .text.HAL_InitTick
                0x00000000080008d4       0xb0 ./Core/Src/stm32f1xx_hal_timebase_tim.o
                0x00000000080008d4                HAL_InitTick
 .text.NMI_Handler
                0x0000000008000984        0x6 ./Core/Src/stm32f1xx_it.o
                0x0000000008000984                NMI_Handler
 .text.HardFault_Handler
                0x000000000800098a        0x6 ./Core/Src/stm32f1xx_it.o
                0x000000000800098a                HardFault_Handler
 .text.MemManage_Handler
                0x0000000008000990        0x6 ./Core/Src/stm32f1xx_it.o
                0x0000000008000990                MemManage_Handler
 .text.BusFault_Handler
                0x0000000008000996        0x6 ./Core/Src/stm32f1xx_it.o
                0x0000000008000996                BusFault_Handler
 .text.UsageFault_Handler
                0x000000000800099c        0x6 ./Core/Src/stm32f1xx_it.o
                0x000000000800099c                UsageFault_Handler
 .text.DebugMon_Handler
                0x00000000080009a2        0xc ./Core/Src/stm32f1xx_it.o
                0x00000000080009a2                DebugMon_Handler
 *fill*         0x00000000080009ae        0x2 
 .text.DMA1_Channel4_IRQHandler
                0x00000000080009b0       0x14 ./Core/Src/stm32f1xx_it.o
                0x00000000080009b0                DMA1_Channel4_IRQHandler
 .text.DMA1_Channel5_IRQHandler
                0x00000000080009c4       0x14 ./Core/Src/stm32f1xx_it.o
                0x00000000080009c4                DMA1_Channel5_IRQHandler
 .text.TIM4_IRQHandler
                0x00000000080009d8       0x14 ./Core/Src/stm32f1xx_it.o
                0x00000000080009d8                TIM4_IRQHandler
 .text.SPI2_IRQHandler
                0x00000000080009ec       0x14 ./Core/Src/stm32f1xx_it.o
                0x00000000080009ec                SPI2_IRQHandler
 .text.USART2_IRQHandler
                0x0000000008000a00       0x14 ./Core/Src/stm32f1xx_it.o
                0x0000000008000a00                USART2_IRQHandler
 .text.EXTI15_10_IRQHandler
                0x0000000008000a14       0x18 ./Core/Src/stm32f1xx_it.o
                0x0000000008000a14                EXTI15_10_IRQHandler
 .text.SystemInit
                0x0000000008000a2c        0xc ./Core/Src/system_stm32f1xx.o
                0x0000000008000a2c                SystemInit
 .text.Reset_Handler
                0x0000000008000a38       0x48 ./Core/Startup/startup_stm32f103rbtx.o
                0x0000000008000a38                Reset_Handler
 .text.Default_Handler
                0x0000000008000a80        0x2 ./Core/Startup/startup_stm32f103rbtx.o
                0x0000000008000a80                RTC_Alarm_IRQHandler
                0x0000000008000a80                EXTI2_IRQHandler
                0x0000000008000a80                TIM1_CC_IRQHandler
                0x0000000008000a80                PVD_IRQHandler
                0x0000000008000a80                EXTI3_IRQHandler
                0x0000000008000a80                EXTI0_IRQHandler
                0x0000000008000a80                I2C2_EV_IRQHandler
                0x0000000008000a80                ADC1_2_IRQHandler
                0x0000000008000a80                SPI1_IRQHandler
                0x0000000008000a80                TAMPER_IRQHandler
                0x0000000008000a80                USART3_IRQHandler
                0x0000000008000a80                RTC_IRQHandler
                0x0000000008000a80                DMA1_Channel7_IRQHandler
                0x0000000008000a80                CAN1_RX1_IRQHandler
                0x0000000008000a80                I2C1_EV_IRQHandler
                0x0000000008000a80                DMA1_Channel6_IRQHandler
                0x0000000008000a80                TIM3_IRQHandler
                0x0000000008000a80                RCC_IRQHandler
                0x0000000008000a80                TIM1_TRG_COM_IRQHandler
                0x0000000008000a80                DMA1_Channel1_IRQHandler
                0x0000000008000a80                Default_Handler
                0x0000000008000a80                EXTI9_5_IRQHandler
                0x0000000008000a80                EXTI4_IRQHandler
                0x0000000008000a80                USB_LP_CAN1_RX0_IRQHandler
                0x0000000008000a80                USB_HP_CAN1_TX_IRQHandler
                0x0000000008000a80                DMA1_Channel3_IRQHandler
                0x0000000008000a80                TIM1_UP_IRQHandler
                0x0000000008000a80                WWDG_IRQHandler
                0x0000000008000a80                TIM2_IRQHandler
                0x0000000008000a80                TIM1_BRK_IRQHandler
                0x0000000008000a80                EXTI1_IRQHandler
                0x0000000008000a80                I2C2_ER_IRQHandler
                0x0000000008000a80                DMA1_Channel2_IRQHandler
                0x0000000008000a80                CAN1_SCE_IRQHandler
                0x0000000008000a80                FLASH_IRQHandler
                0x0000000008000a80                USART1_IRQHandler
                0x0000000008000a80                I2C1_ER_IRQHandler
                0x0000000008000a80                USBWakeUp_IRQHandler
 *fill*         0x0000000008000a82        0x2 
 .text.HAL_Init
                0x0000000008000a84       0x2c ./Drivers/STM32F1xx_HAL_Driver/Src/stm32f1xx_hal.o
                0x0000000008000a84                HAL_Init
 .text.HAL_IncTick
                0x0000000008000ab0       0x24 ./Drivers/STM32F1xx_HAL_Driver/Src/stm32f1xx_hal.o
                0x0000000008000ab0                HAL_IncTick
 .text.HAL_GetTick
                0x0000000008000ad4       0x14 ./Drivers/STM32F1xx_HAL_Driver/Src/stm32f1xx_hal.o
                0x0000000008000ad4                HAL_GetTick
 .text.__NVIC_SetPriorityGrouping
                0x0000000008000ae8       0x48 ./Drivers/STM32F1xx_HAL_Driver/Src/stm32f1xx_hal_cortex.o
 .text.__NVIC_GetPriorityGrouping
                0x0000000008000b30       0x1c ./Drivers/STM32F1xx_HAL_Driver/Src/stm32f1xx_hal_cortex.o
 .text.__NVIC_EnableIRQ
                0x0000000008000b4c       0x38 ./Drivers/STM32F1xx_HAL_Driver/Src/stm32f1xx_hal_cortex.o
 .text.__NVIC_SetPriority
                0x0000000008000b84       0x54 ./Drivers/STM32F1xx_HAL_Driver/Src/stm32f1xx_hal_cortex.o
 .text.NVIC_EncodePriority
                0x0000000008000bd8       0x64 ./Drivers/STM32F1xx_HAL_Driver/Src/stm32f1xx_hal_cortex.o
 .text.HAL_NVIC_SetPriorityGrouping
                0x0000000008000c3c       0x16 ./Drivers/STM32F1xx_HAL_Driver/Src/stm32f1xx_hal_cortex.o
                0x0000000008000c3c                HAL_NVIC_SetPriorityGrouping
 .text.HAL_NVIC_SetPriority
                0x0000000008000c52       0x38 ./Drivers/STM32F1xx_HAL_Driver/Src/stm32f1xx_hal_cortex.o
                0x0000000008000c52                HAL_NVIC_SetPriority
 .text.HAL_NVIC_EnableIRQ
                0x0000000008000c8a       0x1c ./Drivers/STM32F1xx_HAL_Driver/Src/stm32f1xx_hal_cortex.o
                0x0000000008000c8a                HAL_NVIC_EnableIRQ
 *fill*         0x0000000008000ca6        0x2 
 .text.HAL_DMA_Init
                0x0000000008000ca8       0xb4 ./Drivers/STM32F1xx_HAL_Driver/Src/stm32f1xx_hal_dma.o
                0x0000000008000ca8                HAL_DMA_Init
 .text.HAL_DMA_Start_IT
                0x0000000008000d5c       0xbe ./Drivers/STM32F1xx_HAL_Driver/Src/stm32f1xx_hal_dma.o
                0x0000000008000d5c                HAL_DMA_Start_IT
 .text.HAL_DMA_Abort
                0x0000000008000e1a       0x74 ./Drivers/STM32F1xx_HAL_Driver/Src/stm32f1xx_hal_dma.o
                0x0000000008000e1a                HAL_DMA_Abort
 *fill*         0x0000000008000e8e        0x2 
 .text.HAL_DMA_Abort_IT
                0x0000000008000e90       0xec ./Drivers/STM32F1xx_HAL_Driver/Src/stm32f1xx_hal_dma.o
                0x0000000008000e90                HAL_DMA_Abort_IT
 .text.HAL_DMA_IRQHandler
                0x0000000008000f7c      0x20c ./Drivers/STM32F1xx_HAL_Driver/Src/stm32f1xx_hal_dma.o
                0x0000000008000f7c                HAL_DMA_IRQHandler
 .text.DMA_SetConfig
                0x0000000008001188       0x5a ./Drivers/STM32F1xx_HAL_Driver/Src/stm32f1xx_hal_dma.o
 *fill*         0x00000000080011e2        0x2 
 .text.HAL_GPIO_Init
                0x00000000080011e4      0x308 ./Drivers/STM32F1xx_HAL_Driver/Src/stm32f1xx_hal_gpio.o
                0x00000000080011e4                HAL_GPIO_Init
 .text.HAL_GPIO_WritePin
                0x00000000080014ec       0x30 ./Drivers/STM32F1xx_HAL_Driver/Src/stm32f1xx_hal_gpio.o
                0x00000000080014ec                HAL_GPIO_WritePin
 .text.HAL_GPIO_EXTI_IRQHandler
                0x000000000800151c       0x30 ./Drivers/STM32F1xx_HAL_Driver/Src/stm32f1xx_hal_gpio.o
                0x000000000800151c                HAL_GPIO_EXTI_IRQHandler
 .text.HAL_RCC_OscConfig
                0x000000000800154c      0x500 ./Drivers/STM32F1xx_HAL_Driver/Src/stm32f1xx_hal_rcc.o
                0x000000000800154c                HAL_RCC_OscConfig
 .text.HAL_RCC_ClockConfig
                0x0000000008001a4c      0x1d4 ./Drivers/STM32F1xx_HAL_Driver/Src/stm32f1xx_hal_rcc.o
                0x0000000008001a4c                HAL_RCC_ClockConfig
 .text.HAL_RCC_GetSysClockFreq
                0x0000000008001c20       0xc0 ./Drivers/STM32F1xx_HAL_Driver/Src/stm32f1xx_hal_rcc.o
                0x0000000008001c20                HAL_RCC_GetSysClockFreq
 .text.HAL_RCC_GetHCLKFreq
                0x0000000008001ce0       0x14 ./Drivers/STM32F1xx_HAL_Driver/Src/stm32f1xx_hal_rcc.o
                0x0000000008001ce0                HAL_RCC_GetHCLKFreq
 .text.HAL_RCC_GetPCLK1Freq
                0x0000000008001cf4       0x28 ./Drivers/STM32F1xx_HAL_Driver/Src/stm32f1xx_hal_rcc.o
                0x0000000008001cf4                HAL_RCC_GetPCLK1Freq
 .text.HAL_RCC_GetPCLK2Freq
                0x0000000008001d1c       0x28 ./Drivers/STM32F1xx_HAL_Driver/Src/stm32f1xx_hal_rcc.o
                0x0000000008001d1c                HAL_RCC_GetPCLK2Freq
 .text.HAL_RCC_GetClockConfig
                0x0000000008001d44       0x60 ./Drivers/STM32F1xx_HAL_Driver/Src/stm32f1xx_hal_rcc.o
                0x0000000008001d44                HAL_RCC_GetClockConfig
 .text.RCC_Delay
                0x0000000008001da4       0x3c ./Drivers/STM32F1xx_HAL_Driver/Src/stm32f1xx_hal_rcc.o
 .text.HAL_SPI_Init
                0x0000000008001de0      0x16c ./Drivers/STM32F1xx_HAL_Driver/Src/stm32f1xx_hal_spi.o
                0x0000000008001de0                HAL_SPI_Init
 .text.HAL_SPI_Transmit
                0x0000000008001f4c      0x278 ./Drivers/STM32F1xx_HAL_Driver/Src/stm32f1xx_hal_spi.o
                0x0000000008001f4c                HAL_SPI_Transmit
 .text.HAL_SPI_Receive
                0x00000000080021c4      0x222 ./Drivers/STM32F1xx_HAL_Driver/Src/stm32f1xx_hal_spi.o
                0x00000000080021c4                HAL_SPI_Receive
 .text.HAL_SPI_TransmitReceive
                0x00000000080023e6      0x344 ./Drivers/STM32F1xx_HAL_Driver/Src/stm32f1xx_hal_spi.o
                0x00000000080023e6                HAL_SPI_TransmitReceive
 *fill*         0x000000000800272a        0x2 
 .text.HAL_SPI_Transmit_DMA
                0x000000000800272c      0x16c ./Drivers/STM32F1xx_HAL_Driver/Src/stm32f1xx_hal_spi.o
                0x000000000800272c                HAL_SPI_Transmit_DMA
 .text.HAL_SPI_Receive_DMA
                0x0000000008002898      0x190 ./Drivers/STM32F1xx_HAL_Driver/Src/stm32f1xx_hal_spi.o
                0x0000000008002898                HAL_SPI_Receive_DMA
 .text.HAL_SPI_TransmitReceive_DMA
                0x0000000008002a28      0x204 ./Drivers/STM32F1xx_HAL_Driver/Src/stm32f1xx_hal_spi.o
                0x0000000008002a28                HAL_SPI_TransmitReceive_DMA
 .text.HAL_SPI_IRQHandler
                0x0000000008002c2c      0x1d0 ./Drivers/STM32F1xx_HAL_Driver/Src/stm32f1xx_hal_spi.o
                0x0000000008002c2c                HAL_SPI_IRQHandler
 .text.HAL_SPI_TxHalfCpltCallback
                0x0000000008002dfc       0x12 ./Drivers/STM32F1xx_HAL_Driver/Src/stm32f1xx_hal_spi.o
                0x0000000008002dfc                HAL_SPI_TxHalfCpltCallback
 .text.HAL_SPI_RxHalfCpltCallback
                0x0000000008002e0e       0x12 ./Drivers/STM32F1xx_HAL_Driver/Src/stm32f1xx_hal_spi.o
                0x0000000008002e0e                HAL_SPI_RxHalfCpltCallback
 .text.HAL_SPI_TxRxHalfCpltCallback
                0x0000000008002e20       0x12 ./Drivers/STM32F1xx_HAL_Driver/Src/stm32f1xx_hal_spi.o
                0x0000000008002e20                HAL_SPI_TxRxHalfCpltCallback
 .text.HAL_SPI_ErrorCallback
                0x0000000008002e32       0x12 ./Drivers/STM32F1xx_HAL_Driver/Src/stm32f1xx_hal_spi.o
                0x0000000008002e32                HAL_SPI_ErrorCallback
 .text.HAL_SPI_AbortCpltCallback
                0x0000000008002e44       0x12 ./Drivers/STM32F1xx_HAL_Driver/Src/stm32f1xx_hal_spi.o
                0x0000000008002e44                HAL_SPI_AbortCpltCallback
 .text.SPI_DMATransmitCplt
                0x0000000008002e56       0xaa ./Drivers/STM32F1xx_HAL_Driver/Src/stm32f1xx_hal_spi.o
 .text.SPI_DMAReceiveCplt
                0x0000000008002f00       0xaa ./Drivers/STM32F1xx_HAL_Driver/Src/stm32f1xx_hal_spi.o
 .text.SPI_DMATransmitReceiveCplt
                0x0000000008002faa       0x92 ./Drivers/STM32F1xx_HAL_Driver/Src/stm32f1xx_hal_spi.o
 .text.SPI_DMAHalfTransmitCplt
                0x000000000800303c       0x1e ./Drivers/STM32F1xx_HAL_Driver/Src/stm32f1xx_hal_spi.o
 .text.SPI_DMAHalfReceiveCplt
                0x000000000800305a       0x1e ./Drivers/STM32F1xx_HAL_Driver/Src/stm32f1xx_hal_spi.o
 .text.SPI_DMAHalfTransmitReceiveCplt
                0x0000000008003078       0x1e ./Drivers/STM32F1xx_HAL_Driver/Src/stm32f1xx_hal_spi.o
 .text.SPI_DMAError
                0x0000000008003096       0x42 ./Drivers/STM32F1xx_HAL_Driver/Src/stm32f1xx_hal_spi.o
 .text.SPI_DMAAbortOnError
                0x00000000080030d8       0x2a ./Drivers/STM32F1xx_HAL_Driver/Src/stm32f1xx_hal_spi.o
 *fill*         0x0000000008003102        0x2 
 .text.SPI_WaitFlagStateUntilTimeout
                0x0000000008003104      0x110 ./Drivers/STM32F1xx_HAL_Driver/Src/stm32f1xx_hal_spi.o
 .text.SPI_EndRxTransaction
                0x0000000008003214       0xa4 ./Drivers/STM32F1xx_HAL_Driver/Src/stm32f1xx_hal_spi.o
 .text.SPI_EndRxTxTransaction
                0x00000000080032b8       0x3c ./Drivers/STM32F1xx_HAL_Driver/Src/stm32f1xx_hal_spi.o
 .text.HAL_TIM_Base_Init
                0x00000000080032f4       0x9e ./Drivers/STM32F1xx_HAL_Driver/Src/stm32f1xx_hal_tim.o
                0x00000000080032f4                HAL_TIM_Base_Init
 .text.HAL_TIM_Base_MspInit
                0x0000000008003392       0x12 ./Drivers/STM32F1xx_HAL_Driver/Src/stm32f1xx_hal_tim.o
                0x0000000008003392                HAL_TIM_Base_MspInit
 .text.HAL_TIM_Base_Start_IT
                0x00000000080033a4       0xa4 ./Drivers/STM32F1xx_HAL_Driver/Src/stm32f1xx_hal_tim.o
                0x00000000080033a4                HAL_TIM_Base_Start_IT
 .text.HAL_TIM_IRQHandler
                0x0000000008003448      0x210 ./Drivers/STM32F1xx_HAL_Driver/Src/stm32f1xx_hal_tim.o
                0x0000000008003448                HAL_TIM_IRQHandler
 .text.HAL_TIM_OC_DelayElapsedCallback
                0x0000000008003658       0x12 ./Drivers/STM32F1xx_HAL_Driver/Src/stm32f1xx_hal_tim.o
                0x0000000008003658                HAL_TIM_OC_DelayElapsedCallback
 .text.HAL_TIM_IC_CaptureCallback
                0x000000000800366a       0x12 ./Drivers/STM32F1xx_HAL_Driver/Src/stm32f1xx_hal_tim.o
                0x000000000800366a                HAL_TIM_IC_CaptureCallback
 .text.HAL_TIM_PWM_PulseFinishedCallback
                0x000000000800367c       0x12 ./Drivers/STM32F1xx_HAL_Driver/Src/stm32f1xx_hal_tim.o
                0x000000000800367c                HAL_TIM_PWM_PulseFinishedCallback
 .text.HAL_TIM_TriggerCallback
                0x000000000800368e       0x12 ./Drivers/STM32F1xx_HAL_Driver/Src/stm32f1xx_hal_tim.o
                0x000000000800368e                HAL_TIM_TriggerCallback
 .text.TIM_Base_SetConfig
                0x00000000080036a0       0xc4 ./Drivers/STM32F1xx_HAL_Driver/Src/stm32f1xx_hal_tim.o
                0x00000000080036a0                TIM_Base_SetConfig
 .text.HAL_TIMEx_CommutCallback
                0x0000000008003764       0x12 ./Drivers/STM32F1xx_HAL_Driver/Src/stm32f1xx_hal_tim_ex.o
                0x0000000008003764                HAL_TIMEx_CommutCallback
 .text.HAL_TIMEx_BreakCallback
                0x0000000008003776       0x12 ./Drivers/STM32F1xx_HAL_Driver/Src/stm32f1xx_hal_tim_ex.o
                0x0000000008003776                HAL_TIMEx_BreakCallback
 .text.HAL_UART_Init
                0x0000000008003788       0x9a ./Drivers/STM32F1xx_HAL_Driver/Src/stm32f1xx_hal_uart.o
                0x0000000008003788                HAL_UART_Init
 *fill*         0x0000000008003822        0x2 
 .text.HAL_UART_IRQHandler
                0x0000000008003824      0x354 ./Drivers/STM32F1xx_HAL_Driver/Src/stm32f1xx_hal_uart.o
                0x0000000008003824                HAL_UART_IRQHandler
 .text.HAL_UART_ErrorCallback
                0x0000000008003b78       0x12 ./Drivers/STM32F1xx_HAL_Driver/Src/stm32f1xx_hal_uart.o
                0x0000000008003b78                HAL_UART_ErrorCallback
 .text.HAL_UARTEx_RxEventCallback
                0x0000000008003b8a       0x16 ./Drivers/STM32F1xx_HAL_Driver/Src/stm32f1xx_hal_uart.o
                0x0000000008003b8a                HAL_UARTEx_RxEventCallback
 .text.UART_EndRxTransfer
                0x0000000008003ba0       0x58 ./Drivers/STM32F1xx_HAL_Driver/Src/stm32f1xx_hal_uart.o
 .text.UART_DMAAbortOnError
                0x0000000008003bf8       0x28 ./Drivers/STM32F1xx_HAL_Driver/Src/stm32f1xx_hal_uart.o
 .text.UART_Transmit_IT
                0x0000000008003c20       0x9e ./Drivers/STM32F1xx_HAL_Driver/Src/stm32f1xx_hal_uart.o
 .text.UART_EndTransmit_IT
                0x0000000008003cbe       0x30 ./Drivers/STM32F1xx_HAL_Driver/Src/stm32f1xx_hal_uart.o
 .text.UART_Receive_IT
                0x0000000008003cee      0x152 ./Drivers/STM32F1xx_HAL_Driver/Src/stm32f1xx_hal_uart.o
 .text.UART_SetConfig
                0x0000000008003e40      0x11c ./Drivers/STM32F1xx_HAL_Driver/Src/stm32f1xx_hal_uart.o
 .text.adxl345_init
                0x0000000008003f5c      0x188 ./Library_FREERTOS_HAL/Source/adxl345.o
                0x0000000008003f5c                adxl345_init
 .text.adxl345_start
                0x00000000080040e4       0x4e ./Library_FREERTOS_HAL/Source/adxl345.o
                0x00000000080040e4                adxl345_start
 .text.adxl345_stop
                0x0000000008004132       0x4e ./Library_FREERTOS_HAL/Source/adxl345.o
                0x0000000008004132                adxl345_stop
 .text.adxl345_get_data
                0x0000000008004180       0x20 ./Library_FREERTOS_HAL/Source/adxl345.o
                0x0000000008004180                adxl345_get_data
 .text.adxl345_fifo_flush
                0x00000000080041a0       0x40 ./Library_FREERTOS_HAL/Source/adxl345.o
                0x00000000080041a0                adxl345_fifo_flush
 .text.adxl345_get_int_src
                0x00000000080041e0       0x20 ./Library_FREERTOS_HAL/Source/adxl345.o
                0x00000000080041e0                adxl345_get_int_src
 .text.adxl345_write_spi
                0x0000000008004200       0x4c ./Library_FREERTOS_HAL/Source/adxl345.o
                0x0000000008004200                adxl345_write_spi
 .text.adxl345_read_spi
                0x000000000800424c       0x42 ./Library_FREERTOS_HAL/Source/adxl345.o
                0x000000000800424c                adxl345_read_spi
 .text.adxl345_write_spi_dma
                0x000000000800428e       0x4c ./Library_FREERTOS_HAL/Source/adxl345.o
                0x000000000800428e                adxl345_write_spi_dma
 .text.adxl345_read_spi_dma
                0x00000000080042da       0x42 ./Library_FREERTOS_HAL/Source/adxl345.o
                0x00000000080042da                adxl345_read_spi_dma
 .text.adxl345_spi_check_config
                0x000000000800431c       0x66 ./Library_FREERTOS_HAL/Source/adxl345.o
                0x000000000800431c                adxl345_spi_check_config
 *fill*         0x0000000008004382        0x2 
 .text.adxl345_task
                0x0000000008004384      0x2d8 ./Library_FREERTOS_HAL/Source/adxl345_rtos.o
                0x0000000008004384                adxl345_task
 .text.adxl345_task_create
                0x000000000800465c       0x88 ./Library_FREERTOS_HAL/Source/adxl345_rtos.o
                0x000000000800465c                adxl345_task_create
 .text.adxl345_int2
                0x00000000080046e4       0x2c ./Library_FREERTOS_HAL/Source/adxl345_rtos.o
 .text.exti_freertos_register
                0x0000000008004710       0x3a ./Library_FREERTOS_HAL/Source/exti_freertos.o
                0x0000000008004710                exti_freertos_register
 *fill*         0x000000000800474a        0x2 
 .text.HAL_GPIO_EXTI_Callback
                0x000000000800474c       0x50 ./Library_FREERTOS_HAL/Source/exti_freertos.o
                0x000000000800474c                HAL_GPIO_EXTI_Callback
 .text.exti_freertos_list_append
                0x000000000800479c       0x60 ./Library_FREERTOS_HAL/Source/exti_freertos.o
 .text.exti_freertos_find_item
                0x00000000080047fc       0x3c ./Library_FREERTOS_HAL/Source/exti_freertos.o
                0x00000000080047fc                exti_freertos_find_item
 .text.spi_rtos_list_append
                0x0000000008004838       0x74 ./Library_FREERTOS_HAL/Source/spi_freertos.o
 .text.spi_rtos_list_find_item
                0x00000000080048ac       0x3c ./Library_FREERTOS_HAL/Source/spi_freertos.o
 .text.spi_freertos_init
                0x00000000080048e8       0x58 ./Library_FREERTOS_HAL/Source/spi_freertos.o
                0x00000000080048e8                spi_freertos_init
 .text.spi_freertos_set_check_config_callback
                0x0000000008004940       0x1a ./Library_FREERTOS_HAL/Source/spi_freertos.o
                0x0000000008004940                spi_freertos_set_check_config_callback
 .text.spi_freertos_write
                0x000000000800495a       0xf8 ./Library_FREERTOS_HAL/Source/spi_freertos.o
                0x000000000800495a                spi_freertos_write
 .text.spi_freertos_read
                0x0000000008004a52       0xf8 ./Library_FREERTOS_HAL/Source/spi_freertos.o
                0x0000000008004a52                spi_freertos_read
 .text.spi_freertos_write_dma
                0x0000000008004b4a      0x114 ./Library_FREERTOS_HAL/Source/spi_freertos.o
                0x0000000008004b4a                spi_freertos_write_dma
 .text.spi_freertos_read_dma
                0x0000000008004c5e      0x114 ./Library_FREERTOS_HAL/Source/spi_freertos.o
                0x0000000008004c5e                spi_freertos_read_dma
 .text.spi_freertos_nss_high
                0x0000000008004d72       0x2a ./Library_FREERTOS_HAL/Source/spi_freertos.o
                0x0000000008004d72                spi_freertos_nss_high
 .text.spi_freertos_nss_low
                0x0000000008004d9c       0x2a ./Library_FREERTOS_HAL/Source/spi_freertos.o
                0x0000000008004d9c                spi_freertos_nss_low
 *fill*         0x0000000008004dc6        0x2 
 .text.HAL_SPI_RxCpltCallback
                0x0000000008004dc8       0x50 ./Library_FREERTOS_HAL/Source/spi_freertos.o
                0x0000000008004dc8                HAL_SPI_RxCpltCallback
 .text.HAL_SPI_TxCpltCallback
                0x0000000008004e18       0x50 ./Library_FREERTOS_HAL/Source/spi_freertos.o
                0x0000000008004e18                HAL_SPI_TxCpltCallback
 .text.HAL_SPI_TxRxCpltCallback
                0x0000000008004e68       0x50 ./Library_FREERTOS_HAL/Source/spi_freertos.o
                0x0000000008004e68                HAL_SPI_TxRxCpltCallback
 .text.uart_rtos_list_find_item
                0x0000000008004eb8       0x3c ./Library_FREERTOS_HAL/Source/uart_freertos.o
 .text.HAL_UART_RxCpltCallback
                0x0000000008004ef4       0x50 ./Library_FREERTOS_HAL/Source/uart_freertos.o
                0x0000000008004ef4                HAL_UART_RxCpltCallback
 .text.HAL_UART_TxCpltCallback
                0x0000000008004f44       0x50 ./Library_FREERTOS_HAL/Source/uart_freertos.o
                0x0000000008004f44                HAL_UART_TxCpltCallback
 .text.makeFreeRtosPriority
                0x0000000008004f94       0x2e ./Middlewares/Third_Party/FreeRTOS/Source/CMSIS_RTOS/cmsis_os.o
 .text.osKernelStart
                0x0000000008004fc2        0xe ./Middlewares/Third_Party/FreeRTOS/Source/CMSIS_RTOS/cmsis_os.o
                0x0000000008004fc2                osKernelStart
 .text.osThreadCreate
                0x0000000008004fd0       0x98 ./Middlewares/Third_Party/FreeRTOS/Source/CMSIS_RTOS/cmsis_os.o
                0x0000000008004fd0                osThreadCreate
 .text.vListInitialise
                0x0000000008005068       0x3e ./Middlewares/Third_Party/FreeRTOS/Source/list.o
                0x0000000008005068                vListInitialise
 .text.vListInitialiseItem
                0x00000000080050a6       0x18 ./Middlewares/Third_Party/FreeRTOS/Source/list.o
                0x00000000080050a6                vListInitialiseItem
 .text.vListInsertEnd
                0x00000000080050be       0x46 ./Middlewares/Third_Party/FreeRTOS/Source/list.o
                0x00000000080050be                vListInsertEnd
 .text.vListInsert
                0x0000000008005104       0x70 ./Middlewares/Third_Party/FreeRTOS/Source/list.o
                0x0000000008005104                vListInsert
 .text.uxListRemove
                0x0000000008005174       0x52 ./Middlewares/Third_Party/FreeRTOS/Source/list.o
                0x0000000008005174                uxListRemove
 *fill*         0x00000000080051c6        0x2 
 .text.xQueueGenericReset
                0x00000000080051c8       0xd0 ./Middlewares/Third_Party/FreeRTOS/Source/queue.o
                0x00000000080051c8                xQueueGenericReset
 .text.xQueueGenericCreate
                0x0000000008005298       0x7c ./Middlewares/Third_Party/FreeRTOS/Source/queue.o
                0x0000000008005298                xQueueGenericCreate
 .text.prvInitialiseNewQueue
                0x0000000008005314       0x3e ./Middlewares/Third_Party/FreeRTOS/Source/queue.o
 .text.prvInitialiseMutex
                0x0000000008005352       0x34 ./Middlewares/Third_Party/FreeRTOS/Source/queue.o
 .text.xQueueCreateMutex
                0x0000000008005386       0x30 ./Middlewares/Third_Party/FreeRTOS/Source/queue.o
                0x0000000008005386                xQueueCreateMutex
 *fill*         0x00000000080053b6        0x2 
 .text.xQueueGenericSend
                0x00000000080053b8      0x1fc ./Middlewares/Third_Party/FreeRTOS/Source/queue.o
                0x00000000080053b8                xQueueGenericSend
 .text.xQueueGiveFromISR
                0x00000000080055b4      0x11a ./Middlewares/Third_Party/FreeRTOS/Source/queue.o
                0x00000000080055b4                xQueueGiveFromISR
 *fill*         0x00000000080056ce        0x2 
 .text.xQueueReceive
                0x00000000080056d0      0x1c0 ./Middlewares/Third_Party/FreeRTOS/Source/queue.o
                0x00000000080056d0                xQueueReceive
 .text.xQueueSemaphoreTake
                0x0000000008005890      0x218 ./Middlewares/Third_Party/FreeRTOS/Source/queue.o
                0x0000000008005890                xQueueSemaphoreTake
 .text.prvGetDisinheritPriorityAfterTimeout
                0x0000000008005aa8       0x2e ./Middlewares/Third_Party/FreeRTOS/Source/queue.o
 .text.prvCopyDataToQueue
                0x0000000008005ad6       0xd4 ./Middlewares/Third_Party/FreeRTOS/Source/queue.o
 .text.prvCopyDataFromQueue
                0x0000000008005baa       0x4c ./Middlewares/Third_Party/FreeRTOS/Source/queue.o
 .text.prvUnlockQueue
                0x0000000008005bf6       0xa4 ./Middlewares/Third_Party/FreeRTOS/Source/queue.o
 .text.prvIsQueueEmpty
                0x0000000008005c9a       0x2c ./Middlewares/Third_Party/FreeRTOS/Source/queue.o
 .text.prvIsQueueFull
                0x0000000008005cc6       0x30 ./Middlewares/Third_Party/FreeRTOS/Source/queue.o
 .text.xTaskCreateStatic
                0x0000000008005cf6       0xb8 ./Middlewares/Third_Party/FreeRTOS/Source/tasks.o
                0x0000000008005cf6                xTaskCreateStatic
 .text.xTaskCreate
                0x0000000008005dae       0x8a ./Middlewares/Third_Party/FreeRTOS/Source/tasks.o
                0x0000000008005dae                xTaskCreate
 .text.prvInitialiseNewTask
                0x0000000008005e38      0x12c ./Middlewares/Third_Party/FreeRTOS/Source/tasks.o
 .text.prvAddNewTaskToReadyList
                0x0000000008005f64       0xd4 ./Middlewares/Third_Party/FreeRTOS/Source/tasks.o
 .text.vTaskStartScheduler
                0x0000000008006038       0xd4 ./Middlewares/Third_Party/FreeRTOS/Source/tasks.o
                0x0000000008006038                vTaskStartScheduler
 .text.vTaskSuspendAll
                0x000000000800610c       0x1c ./Middlewares/Third_Party/FreeRTOS/Source/tasks.o
                0x000000000800610c                vTaskSuspendAll
 .text.xTaskResumeAll
                0x0000000008006128      0x138 ./Middlewares/Third_Party/FreeRTOS/Source/tasks.o
                0x0000000008006128                xTaskResumeAll
 .text.xTaskIncrementTick
                0x0000000008006260      0x17c ./Middlewares/Third_Party/FreeRTOS/Source/tasks.o
                0x0000000008006260                xTaskIncrementTick
 .text.vTaskSwitchContext
                0x00000000080063dc       0xc4 ./Middlewares/Third_Party/FreeRTOS/Source/tasks.o
                0x00000000080063dc                vTaskSwitchContext
 .text.vTaskPlaceOnEventList
                0x00000000080064a0       0x48 ./Middlewares/Third_Party/FreeRTOS/Source/tasks.o
                0x00000000080064a0                vTaskPlaceOnEventList
 .text.xTaskRemoveFromEventList
                0x00000000080064e8       0xc4 ./Middlewares/Third_Party/FreeRTOS/Source/tasks.o
                0x00000000080064e8                xTaskRemoveFromEventList
 .text.vTaskInternalSetTimeOutState
                0x00000000080065ac       0x2c ./Middlewares/Third_Party/FreeRTOS/Source/tasks.o
                0x00000000080065ac                vTaskInternalSetTimeOutState
 .text.xTaskCheckForTimeOut
                0x00000000080065d8       0xc4 ./Middlewares/Third_Party/FreeRTOS/Source/tasks.o
                0x00000000080065d8                xTaskCheckForTimeOut
 .text.vTaskMissedYield
                0x000000000800669c       0x18 ./Middlewares/Third_Party/FreeRTOS/Source/tasks.o
                0x000000000800669c                vTaskMissedYield
 .text.prvIdleTask
                0x00000000080066b4       0x30 ./Middlewares/Third_Party/FreeRTOS/Source/tasks.o
 .text.prvInitialiseTaskLists
                0x00000000080066e4       0x80 ./Middlewares/Third_Party/FreeRTOS/Source/tasks.o
 .text.prvCheckTasksWaitingTermination
                0x0000000008006764       0x5c ./Middlewares/Third_Party/FreeRTOS/Source/tasks.o
 .text.prvDeleteTCB
                0x00000000080067c0       0x68 ./Middlewares/Third_Party/FreeRTOS/Source/tasks.o
 .text.prvResetNextTaskUnblockTime
                0x0000000008006828       0x48 ./Middlewares/Third_Party/FreeRTOS/Source/tasks.o
 .text.xTaskGetSchedulerState
                0x0000000008006870       0x3c ./Middlewares/Third_Party/FreeRTOS/Source/tasks.o
                0x0000000008006870                xTaskGetSchedulerState
 .text.xTaskPriorityInherit
                0x00000000080068ac      0x10c ./Middlewares/Third_Party/FreeRTOS/Source/tasks.o
                0x00000000080068ac                xTaskPriorityInherit
 .text.xTaskPriorityDisinherit
                0x00000000080069b8      0x10c ./Middlewares/Third_Party/FreeRTOS/Source/tasks.o
                0x00000000080069b8                xTaskPriorityDisinherit
 .text.vTaskPriorityDisinheritAfterTimeout
                0x0000000008006ac4      0x140 ./Middlewares/Third_Party/FreeRTOS/Source/tasks.o
                0x0000000008006ac4                vTaskPriorityDisinheritAfterTimeout
 .text.pvTaskIncrementMutexHeldCount
                0x0000000008006c04       0x28 ./Middlewares/Third_Party/FreeRTOS/Source/tasks.o
                0x0000000008006c04                pvTaskIncrementMutexHeldCount
 .text.xTaskNotifyWait
                0x0000000008006c2c       0xc0 ./Middlewares/Third_Party/FreeRTOS/Source/tasks.o
                0x0000000008006c2c                xTaskNotifyWait
 .text.xTaskGenericNotify
                0x0000000008006cec      0x154 ./Middlewares/Third_Party/FreeRTOS/Source/tasks.o
                0x0000000008006cec                xTaskGenericNotify
 .text.xTaskGenericNotifyFromISR
                0x0000000008006e40      0x1a0 ./Middlewares/Third_Party/FreeRTOS/Source/tasks.o
                0x0000000008006e40                xTaskGenericNotifyFromISR
 .text.prvAddCurrentTaskToDelayedList
                0x0000000008006fe0       0xcc ./Middlewares/Third_Party/FreeRTOS/Source/tasks.o
 .text.pxPortInitialiseStack
                0x00000000080070ac       0x58 ./Middlewares/Third_Party/FreeRTOS/Source/portable/GCC/ARM_CM3/port.o
                0x00000000080070ac                pxPortInitialiseStack
 .text.prvTaskExitError
                0x0000000008007104       0x58 ./Middlewares/Third_Party/FreeRTOS/Source/portable/GCC/ARM_CM3/port.o
 *fill*         0x000000000800715c        0x4 
 .text.SVC_Handler
                0x0000000008007160       0x28 ./Middlewares/Third_Party/FreeRTOS/Source/portable/GCC/ARM_CM3/port.o
                0x0000000008007160                SVC_Handler
 .text.prvPortStartFirstTask
                0x0000000008007188       0x20 ./Middlewares/Third_Party/FreeRTOS/Source/portable/GCC/ARM_CM3/port.o
 .text.xPortStartScheduler
                0x00000000080071a8       0xe4 ./Middlewares/Third_Party/FreeRTOS/Source/portable/GCC/ARM_CM3/port.o
                0x00000000080071a8                xPortStartScheduler
 .text.vPortEnterCritical
                0x000000000800728c       0x60 ./Middlewares/Third_Party/FreeRTOS/Source/portable/GCC/ARM_CM3/port.o
                0x000000000800728c                vPortEnterCritical
 .text.vPortExitCritical
                0x00000000080072ec       0x50 ./Middlewares/Third_Party/FreeRTOS/Source/portable/GCC/ARM_CM3/port.o
                0x00000000080072ec                vPortExitCritical
 *fill*         0x000000000800733c        0x4 
 .text.PendSV_Handler
                0x0000000008007340       0x48 ./Middlewares/Third_Party/FreeRTOS/Source/portable/GCC/ARM_CM3/port.o
                0x0000000008007340                PendSV_Handler
 .text.SysTick_Handler
                0x0000000008007388       0x44 ./Middlewares/Third_Party/FreeRTOS/Source/portable/GCC/ARM_CM3/port.o
                0x0000000008007388                SysTick_Handler
 .text.vPortSetupTimerInterrupt
                0x00000000080073cc       0x44 ./Middlewares/Third_Party/FreeRTOS/Source/portable/GCC/ARM_CM3/port.o
                0x00000000080073cc                vPortSetupTimerInterrupt
 .text.vPortValidateInterruptPriority
                0x0000000008007410       0x7c ./Middlewares/Third_Party/FreeRTOS/Source/portable/GCC/ARM_CM3/port.o
                0x0000000008007410                vPortValidateInterruptPriority
 .text.pvPortMalloc
                0x000000000800748c      0x188 ./Middlewares/Third_Party/FreeRTOS/Source/portable/MemMang/heap_4.o
                0x000000000800748c                pvPortMalloc
 .text.vPortFree
                0x0000000008007614       0xb4 ./Middlewares/Third_Party/FreeRTOS/Source/portable/MemMang/heap_4.o
                0x0000000008007614                vPortFree
 .text.prvHeapInit
                0x00000000080076c8       0xc4 ./Middlewares/Third_Party/FreeRTOS/Source/portable/MemMang/heap_4.o
 .text.prvInsertBlockIntoFreeList
                0x000000000800778c       0xb0 ./Middlewares/Third_Party/FreeRTOS/Source/portable/MemMang/heap_4.o
 .text.__libc_init_array
                0x000000000800783c       0x48 d:/program files/stm32cubeide_1.5.1/stm32cubeide/plugins/com.st.stm32cube.ide.mcu.externaltools.gnu-tools-for-stm32.9-2020-q2-update.win32_2.0.0.202105311346/tools/bin/../lib/gcc/arm-none-eabi/9.3.1/../../../../arm-none-eabi/lib/thumb/v7-m/nofp\libc_nano.a(lib_a-init.o)
                0x000000000800783c                __libc_init_array
 .text.__retarget_lock_acquire_recursive
                0x0000000008007884        0x2 d:/program files/stm32cubeide_1.5.1/stm32cubeide/plugins/com.st.stm32cube.ide.mcu.externaltools.gnu-tools-for-stm32.9-2020-q2-update.win32_2.0.0.202105311346/tools/bin/../lib/gcc/arm-none-eabi/9.3.1/../../../../arm-none-eabi/lib/thumb/v7-m/nofp\libc_nano.a(lib_a-lock.o)
                0x0000000008007884                __retarget_lock_acquire_recursive
 .text.__retarget_lock_release_recursive
                0x0000000008007886        0x2 d:/program files/stm32cubeide_1.5.1/stm32cubeide/plugins/com.st.stm32cube.ide.mcu.externaltools.gnu-tools-for-stm32.9-2020-q2-update.win32_2.0.0.202105311346/tools/bin/../lib/gcc/arm-none-eabi/9.3.1/../../../../arm-none-eabi/lib/thumb/v7-m/nofp\libc_nano.a(lib_a-lock.o)
                0x0000000008007886                __retarget_lock_release_recursive
 .text.memcpy   0x0000000008007888       0x1c d:/program files/stm32cubeide_1.5.1/stm32cubeide/plugins/com.st.stm32cube.ide.mcu.externaltools.gnu-tools-for-stm32.9-2020-q2-update.win32_2.0.0.202105311346/tools/bin/../lib/gcc/arm-none-eabi/9.3.1/../../../../arm-none-eabi/lib/thumb/v7-m/nofp\libc_nano.a(lib_a-memcpy-stub.o)
                0x0000000008007888                memcpy
 .text.memset   0x00000000080078a4       0x10 d:/program files/stm32cubeide_1.5.1/stm32cubeide/plugins/com.st.stm32cube.ide.mcu.externaltools.gnu-tools-for-stm32.9-2020-q2-update.win32_2.0.0.202105311346/tools/bin/../lib/gcc/arm-none-eabi/9.3.1/../../../../arm-none-eabi/lib/thumb/v7-m/nofp\libc_nano.a(lib_a-memset.o)
                0x00000000080078a4                memset
 .text.cleanup_glue
                0x00000000080078b4       0x1a d:/program files/stm32cubeide_1.5.1/stm32cubeide/plugins/com.st.stm32cube.ide.mcu.externaltools.gnu-tools-for-stm32.9-2020-q2-update.win32_2.0.0.202105311346/tools/bin/../lib/gcc/arm-none-eabi/9.3.1/../../../../arm-none-eabi/lib/thumb/v7-m/nofp\libc_nano.a(lib_a-reent.o)
                0x00000000080078b4                cleanup_glue
 *fill*         0x00000000080078ce        0x2 
 .text._reclaim_reent
                0x00000000080078d0       0xb8 d:/program files/stm32cubeide_1.5.1/stm32cubeide/plugins/com.st.stm32cube.ide.mcu.externaltools.gnu-tools-for-stm32.9-2020-q2-update.win32_2.0.0.202105311346/tools/bin/../lib/gcc/arm-none-eabi/9.3.1/../../../../arm-none-eabi/lib/thumb/v7-m/nofp\libc_nano.a(lib_a-reent.o)
                0x00000000080078d0                _reclaim_reent
 .text.__malloc_lock
                0x0000000008007988        0xc d:/program files/stm32cubeide_1.5.1/stm32cubeide/plugins/com.st.stm32cube.ide.mcu.externaltools.gnu-tools-for-stm32.9-2020-q2-update.win32_2.0.0.202105311346/tools/bin/../lib/gcc/arm-none-eabi/9.3.1/../../../../arm-none-eabi/lib/thumb/v7-m/nofp\libc_nano.a(lib_a-mlock.o)
                0x0000000008007988                __malloc_lock
 .text.__malloc_unlock
                0x0000000008007994        0xc d:/program files/stm32cubeide_1.5.1/stm32cubeide/plugins/com.st.stm32cube.ide.mcu.externaltools.gnu-tools-for-stm32.9-2020-q2-update.win32_2.0.0.202105311346/tools/bin/../lib/gcc/arm-none-eabi/9.3.1/../../../../arm-none-eabi/lib/thumb/v7-m/nofp\libc_nano.a(lib_a-mlock.o)
                0x0000000008007994                __malloc_unlock
 .text._free_r  0x00000000080079a0       0x98 d:/program files/stm32cubeide_1.5.1/stm32cubeide/plugins/com.st.stm32cube.ide.mcu.externaltools.gnu-tools-for-stm32.9-2020-q2-update.win32_2.0.0.202105311346/tools/bin/../lib/gcc/arm-none-eabi/9.3.1/../../../../arm-none-eabi/lib/thumb/v7-m/nofp\libc_nano.a(lib_a-nano-freer.o)
                0x00000000080079a0                _free_r
 *(.glue_7)
 .glue_7        0x0000000008007a38        0x0 linker stubs
 *(.glue_7t)
 .glue_7t       0x0000000008007a38        0x0 linker stubs
 *(.eh_frame)
 .eh_frame      0x0000000008007a38        0x0 d:/program files/stm32cubeide_1.5.1/stm32cubeide/plugins/com.st.stm32cube.ide.mcu.externaltools.gnu-tools-for-stm32.9-2020-q2-update.win32_2.0.0.202105311346/tools/bin/../lib/gcc/arm-none-eabi/9.3.1/thumb/v7-m/nofp/crtbegin.o
 *(.init)
 .init          0x0000000008007a38        0x4 d:/program files/stm32cubeide_1.5.1/stm32cubeide/plugins/com.st.stm32cube.ide.mcu.externaltools.gnu-tools-for-stm32.9-2020-q2-update.win32_2.0.0.202105311346/tools/bin/../lib/gcc/arm-none-eabi/9.3.1/thumb/v7-m/nofp/crti.o
                0x0000000008007a38                _init
 .init          0x0000000008007a3c        0x8 d:/program files/stm32cubeide_1.5.1/stm32cubeide/plugins/com.st.stm32cube.ide.mcu.externaltools.gnu-tools-for-stm32.9-2020-q2-update.win32_2.0.0.202105311346/tools/bin/../lib/gcc/arm-none-eabi/9.3.1/thumb/v7-m/nofp/crtn.o
 *(.fini)
 .fini          0x0000000008007a44        0x4 d:/program files/stm32cubeide_1.5.1/stm32cubeide/plugins/com.st.stm32cube.ide.mcu.externaltools.gnu-tools-for-stm32.9-2020-q2-update.win32_2.0.0.202105311346/tools/bin/../lib/gcc/arm-none-eabi/9.3.1/thumb/v7-m/nofp/crti.o
                0x0000000008007a44                _fini
 .fini          0x0000000008007a48        0x8 d:/program files/stm32cubeide_1.5.1/stm32cubeide/plugins/com.st.stm32cube.ide.mcu.externaltools.gnu-tools-for-stm32.9-2020-q2-update.win32_2.0.0.202105311346/tools/bin/../lib/gcc/arm-none-eabi/9.3.1/thumb/v7-m/nofp/crtn.o
                0x0000000008007a50                . = ALIGN (0x4)
                0x0000000008007a50                _etext = .

.vfp11_veneer   0x0000000008007a50        0x0
 .vfp11_veneer  0x0000000008007a50        0x0 linker stubs

.v4_bx          0x0000000008007a50        0x0
 .v4_bx         0x0000000008007a50        0x0 linker stubs

.iplt           0x0000000008007a50        0x0
 .iplt          0x0000000008007a50        0x0 d:/program files/stm32cubeide_1.5.1/stm32cubeide/plugins/com.st.stm32cube.ide.mcu.externaltools.gnu-tools-for-stm32.9-2020-q2-update.win32_2.0.0.202105311346/tools/bin/../lib/gcc/arm-none-eabi/9.3.1/thumb/v7-m/nofp/crtbegin.o

.rodata         0x0000000008007a50       0xe8
                0x0000000008007a50                . = ALIGN (0x4)
 *(.rodata)
 .rodata        0x0000000008007a50       0x56 ./Core/Src/main.o
 *fill*         0x0000000008007aa6        0x2 
 .rodata        0x0000000008007aa8       0x10 ./Drivers/STM32F1xx_HAL_Driver/Src/stm32f1xx_hal_rcc.o
 .rodata        0x0000000008007ab8        0x5 ./Middlewares/Third_Party/FreeRTOS/Source/tasks.o
 *(.rodata*)
 *fill*         0x0000000008007abd        0x3 
 .rodata.AHBPrescTable
                0x0000000008007ac0       0x10 ./Core/Src/system_stm32f1xx.o
                0x0000000008007ac0                AHBPrescTable
 .rodata.APBPrescTable
                0x0000000008007ad0        0x8 ./Core/Src/system_stm32f1xx.o
                0x0000000008007ad0                APBPrescTable
 .rodata.__sf_fake_stderr
                0x0000000008007ad8       0x20 d:/program files/stm32cubeide_1.5.1/stm32cubeide/plugins/com.st.stm32cube.ide.mcu.externaltools.gnu-tools-for-stm32.9-2020-q2-update.win32_2.0.0.202105311346/tools/bin/../lib/gcc/arm-none-eabi/9.3.1/../../../../arm-none-eabi/lib/thumb/v7-m/nofp\libc_nano.a(lib_a-findfp.o)
                0x0000000008007ad8                __sf_fake_stderr
 .rodata.__sf_fake_stdin
                0x0000000008007af8       0x20 d:/program files/stm32cubeide_1.5.1/stm32cubeide/plugins/com.st.stm32cube.ide.mcu.externaltools.gnu-tools-for-stm32.9-2020-q2-update.win32_2.0.0.202105311346/tools/bin/../lib/gcc/arm-none-eabi/9.3.1/../../../../arm-none-eabi/lib/thumb/v7-m/nofp\libc_nano.a(lib_a-findfp.o)
                0x0000000008007af8                __sf_fake_stdin
 .rodata.__sf_fake_stdout
                0x0000000008007b18       0x20 d:/program files/stm32cubeide_1.5.1/stm32cubeide/plugins/com.st.stm32cube.ide.mcu.externaltools.gnu-tools-for-stm32.9-2020-q2-update.win32_2.0.0.202105311346/tools/bin/../lib/gcc/arm-none-eabi/9.3.1/../../../../arm-none-eabi/lib/thumb/v7-m/nofp\libc_nano.a(lib_a-findfp.o)
                0x0000000008007b18                __sf_fake_stdout
                0x0000000008007b38                . = ALIGN (0x4)

.rel.dyn        0x0000000008007b38        0x0
 .rel.iplt      0x0000000008007b38        0x0 d:/program files/stm32cubeide_1.5.1/stm32cubeide/plugins/com.st.stm32cube.ide.mcu.externaltools.gnu-tools-for-stm32.9-2020-q2-update.win32_2.0.0.202105311346/tools/bin/../lib/gcc/arm-none-eabi/9.3.1/thumb/v7-m/nofp/crtbegin.o

.ARM.extab      0x0000000008007b38        0x0
                0x0000000008007b38                . = ALIGN (0x4)
 *(.ARM.extab* .gnu.linkonce.armextab.*)
                0x0000000008007b38                . = ALIGN (0x4)

.ARM            0x0000000008007b38        0x0
                0x0000000008007b38                . = ALIGN (0x4)
                0x0000000008007b38                __exidx_start = .
 *(.ARM.exidx*)
                0x0000000008007b38                __exidx_end = .
                0x0000000008007b38                . = ALIGN (0x4)

.preinit_array  0x0000000008007b38        0x0
                0x0000000008007b38                . = ALIGN (0x4)
                0x0000000008007b38                PROVIDE (__preinit_array_start = .)
 *(.preinit_array*)
                0x0000000008007b38                PROVIDE (__preinit_array_end = .)
                0x0000000008007b38                . = ALIGN (0x4)

.init_array     0x0000000008007b38        0x4
                0x0000000008007b38                . = ALIGN (0x4)
                0x0000000008007b38                PROVIDE (__init_array_start = .)
 *(SORT_BY_NAME(.init_array.*))
 *(.init_array*)
 .init_array    0x0000000008007b38        0x4 d:/program files/stm32cubeide_1.5.1/stm32cubeide/plugins/com.st.stm32cube.ide.mcu.externaltools.gnu-tools-for-stm32.9-2020-q2-update.win32_2.0.0.202105311346/tools/bin/../lib/gcc/arm-none-eabi/9.3.1/thumb/v7-m/nofp/crtbegin.o
                0x0000000008007b3c                PROVIDE (__init_array_end = .)
                0x0000000008007b3c                . = ALIGN (0x4)

.fini_array     0x0000000008007b3c        0x4
                0x0000000008007b3c                . = ALIGN (0x4)
                [!provide]                        PROVIDE (__fini_array_start = .)
 *(SORT_BY_NAME(.fini_array.*))
 *(.fini_array*)
 .fini_array    0x0000000008007b3c        0x4 d:/program files/stm32cubeide_1.5.1/stm32cubeide/plugins/com.st.stm32cube.ide.mcu.externaltools.gnu-tools-for-stm32.9-2020-q2-update.win32_2.0.0.202105311346/tools/bin/../lib/gcc/arm-none-eabi/9.3.1/thumb/v7-m/nofp/crtbegin.o
                [!provide]                        PROVIDE (__fini_array_end = .)
                0x0000000008007b40                . = ALIGN (0x4)
                0x0000000008007b40                _sidata = LOADADDR (.data)

.data           0x0000000020000000       0x74 load address 0x0000000008007b40
                0x0000000020000000                . = ALIGN (0x4)
                0x0000000020000000                _sdata = .
 *(.data)
 *(.data*)
 .data.SystemCoreClock
                0x0000000020000000        0x4 ./Core/Src/system_stm32f1xx.o
                0x0000000020000000                SystemCoreClock
 .data.uwTickPrio
                0x0000000020000004        0x4 ./Drivers/STM32F1xx_HAL_Driver/Src/stm32f1xx_hal.o
                0x0000000020000004                uwTickPrio
 .data.uwTickFreq
                0x0000000020000008        0x1 ./Drivers/STM32F1xx_HAL_Driver/Src/stm32f1xx_hal.o
                0x0000000020000008                uwTickFreq
 *fill*         0x0000000020000009        0x3 
 .data.uxCriticalNesting
                0x000000002000000c        0x4 ./Middlewares/Third_Party/FreeRTOS/Source/portable/GCC/ARM_CM3/port.o
 .data._impure_ptr
                0x0000000020000010        0x4 d:/program files/stm32cubeide_1.5.1/stm32cubeide/plugins/com.st.stm32cube.ide.mcu.externaltools.gnu-tools-for-stm32.9-2020-q2-update.win32_2.0.0.202105311346/tools/bin/../lib/gcc/arm-none-eabi/9.3.1/../../../../arm-none-eabi/lib/thumb/v7-m/nofp\libc_nano.a(lib_a-impure.o)
                0x0000000020000010                _impure_ptr
 .data.impure_data
                0x0000000020000014       0x60 d:/program files/stm32cubeide_1.5.1/stm32cubeide/plugins/com.st.stm32cube.ide.mcu.externaltools.gnu-tools-for-stm32.9-2020-q2-update.win32_2.0.0.202105311346/tools/bin/../lib/gcc/arm-none-eabi/9.3.1/../../../../arm-none-eabi/lib/thumb/v7-m/nofp\libc_nano.a(lib_a-impure.o)
 *(.RamFunc)
 *(.RamFunc*)
                0x0000000020000074                . = ALIGN (0x4)
                0x0000000020000074                _edata = .

.igot.plt       0x0000000020000074        0x0 load address 0x0000000008007bb4
 .igot.plt      0x0000000020000074        0x0 d:/program files/stm32cubeide_1.5.1/stm32cubeide/plugins/com.st.stm32cube.ide.mcu.externaltools.gnu-tools-for-stm32.9-2020-q2-update.win32_2.0.0.202105311346/tools/bin/../lib/gcc/arm-none-eabi/9.3.1/thumb/v7-m/nofp/crtbegin.o
                0x0000000020000074                . = ALIGN (0x4)

.bss            0x0000000020000074     0x428c load address 0x0000000008007bb4
                0x0000000020000074                _sbss = .
                0x0000000020000074                __bss_start__ = _sbss
 *(.bss)
 .bss           0x0000000020000074       0x1c d:/program files/stm32cubeide_1.5.1/stm32cubeide/plugins/com.st.stm32cube.ide.mcu.externaltools.gnu-tools-for-stm32.9-2020-q2-update.win32_2.0.0.202105311346/tools/bin/../lib/gcc/arm-none-eabi/9.3.1/thumb/v7-m/nofp/crtbegin.o
 *(.bss*)
 .bss.xIdleTaskTCBBuffer
                0x0000000020000090       0xb4 ./Core/Src/freertos.o
 .bss.xIdleStack
                0x0000000020000144      0x200 ./Core/Src/freertos.o
 .bss.adxl345_task_id
                0x0000000020000344        0x4 ./Library_FREERTOS_HAL/Source/adxl345_rtos.o
 .bss.htask     0x0000000020000348        0x4 ./Library_FREERTOS_HAL/Source/adxl345_rtos.o
 .bss.exti_freertos_list_begin
                0x000000002000034c        0x4 ./Library_FREERTOS_HAL/Source/exti_freertos.o
 .bss.spi_rtos_list_begin
                0x0000000020000350        0x4 ./Library_FREERTOS_HAL/Source/spi_freertos.o
 .bss.uart_rtos_list_begin
                0x0000000020000354        0x4 ./Library_FREERTOS_HAL/Source/uart_freertos.o
 .bss.pxCurrentTCB
                0x0000000020000358        0x4 ./Middlewares/Third_Party/FreeRTOS/Source/tasks.o
                0x0000000020000358                pxCurrentTCB
 .bss.pxReadyTasksLists
                0x000000002000035c       0x8c ./Middlewares/Third_Party/FreeRTOS/Source/tasks.o
 .bss.xDelayedTaskList1
                0x00000000200003e8       0x14 ./Middlewares/Third_Party/FreeRTOS/Source/tasks.o
 .bss.xDelayedTaskList2
                0x00000000200003fc       0x14 ./Middlewares/Third_Party/FreeRTOS/Source/tasks.o
 .bss.pxDelayedTaskList
                0x0000000020000410        0x4 ./Middlewares/Third_Party/FreeRTOS/Source/tasks.o
 .bss.pxOverflowDelayedTaskList
                0x0000000020000414        0x4 ./Middlewares/Third_Party/FreeRTOS/Source/tasks.o
 .bss.xPendingReadyList
                0x0000000020000418       0x14 ./Middlewares/Third_Party/FreeRTOS/Source/tasks.o
 .bss.xTasksWaitingTermination
                0x000000002000042c       0x14 ./Middlewares/Third_Party/FreeRTOS/Source/tasks.o
 .bss.uxDeletedTasksWaitingCleanUp
                0x0000000020000440        0x4 ./Middlewares/Third_Party/FreeRTOS/Source/tasks.o
 .bss.xSuspendedTaskList
                0x0000000020000444       0x14 ./Middlewares/Third_Party/FreeRTOS/Source/tasks.o
 .bss.uxCurrentNumberOfTasks
                0x0000000020000458        0x4 ./Middlewares/Third_Party/FreeRTOS/Source/tasks.o
 .bss.xTickCount
                0x000000002000045c        0x4 ./Middlewares/Third_Party/FreeRTOS/Source/tasks.o
 .bss.uxTopReadyPriority
                0x0000000020000460        0x4 ./Middlewares/Third_Party/FreeRTOS/Source/tasks.o
 .bss.xSchedulerRunning
                0x0000000020000464        0x4 ./Middlewares/Third_Party/FreeRTOS/Source/tasks.o
 .bss.uxPendedTicks
                0x0000000020000468        0x4 ./Middlewares/Third_Party/FreeRTOS/Source/tasks.o
 .bss.xYieldPending
                0x000000002000046c        0x4 ./Middlewares/Third_Party/FreeRTOS/Source/tasks.o
 .bss.xNumOfOverflows
                0x0000000020000470        0x4 ./Middlewares/Third_Party/FreeRTOS/Source/tasks.o
 .bss.uxTaskNumber
                0x0000000020000474        0x4 ./Middlewares/Third_Party/FreeRTOS/Source/tasks.o
 .bss.xNextTaskUnblockTime
                0x0000000020000478        0x4 ./Middlewares/Third_Party/FreeRTOS/Source/tasks.o
 .bss.xIdleTaskHandle
                0x000000002000047c        0x4 ./Middlewares/Third_Party/FreeRTOS/Source/tasks.o
 .bss.uxSchedulerSuspended
                0x0000000020000480        0x4 ./Middlewares/Third_Party/FreeRTOS/Source/tasks.o
 .bss.ucMaxSysCallPriority
                0x0000000020000484        0x1 ./Middlewares/Third_Party/FreeRTOS/Source/portable/GCC/ARM_CM3/port.o
 *fill*         0x0000000020000485        0x3 
 .bss.ulMaxPRIGROUPValue
                0x0000000020000488        0x4 ./Middlewares/Third_Party/FreeRTOS/Source/portable/GCC/ARM_CM3/port.o
 .bss.ucHeap    0x000000002000048c     0x3c18 ./Middlewares/Third_Party/FreeRTOS/Source/portable/MemMang/heap_4.o
 .bss.xStart    0x00000000200040a4        0x8 ./Middlewares/Third_Party/FreeRTOS/Source/portable/MemMang/heap_4.o
 .bss.pxEnd     0x00000000200040ac        0x4 ./Middlewares/Third_Party/FreeRTOS/Source/portable/MemMang/heap_4.o
 .bss.xFreeBytesRemaining
                0x00000000200040b0        0x4 ./Middlewares/Third_Party/FreeRTOS/Source/portable/MemMang/heap_4.o
 .bss.xMinimumEverFreeBytesRemaining
                0x00000000200040b4        0x4 ./Middlewares/Third_Party/FreeRTOS/Source/portable/MemMang/heap_4.o
 .bss.xBlockAllocatedBit
                0x00000000200040b8        0x4 ./Middlewares/Third_Party/FreeRTOS/Source/portable/MemMang/heap_4.o
 .bss.__malloc_free_list
                0x00000000200040bc        0x4 d:/program files/stm32cubeide_1.5.1/stm32cubeide/plugins/com.st.stm32cube.ide.mcu.externaltools.gnu-tools-for-stm32.9-2020-q2-update.win32_2.0.0.202105311346/tools/bin/../lib/gcc/arm-none-eabi/9.3.1/../../../../arm-none-eabi/lib/thumb/v7-m/nofp\libc_nano.a(lib_a-nano-mallocr.o)
                0x00000000200040bc                __malloc_free_list
 *(COMMON)
 COMMON         0x00000000200040c0      0x1e6 ./Core/Src/main.o
                0x00000000200040c0                defaultTaskHandle
                0x00000000200040c4                hspi2
                0x0000000020004144                hdma_spi2_rx
                0x0000000020004188                spi_rtos
                0x0000000020004198                hadxl
                0x00000000200041d8                huart2
                0x000000002000421c                hdma_spi2_tx
                0x0000000020004260                ADXL
                0x0000000020004294                Cobs_UART
 *fill*         0x00000000200042a6        0x2 
 COMMON         0x00000000200042a8       0x48 ./Core/Src/stm32f1xx_hal_timebase_tim.o
                0x00000000200042a8                htim4
 COMMON         0x00000000200042f0        0x4 ./Drivers/STM32F1xx_HAL_Driver/Src/stm32f1xx_hal.o
                0x00000000200042f0                uwTick
 COMMON         0x00000000200042f4        0x9 d:/program files/stm32cubeide_1.5.1/stm32cubeide/plugins/com.st.stm32cube.ide.mcu.externaltools.gnu-tools-for-stm32.9-2020-q2-update.win32_2.0.0.202105311346/tools/bin/../lib/gcc/arm-none-eabi/9.3.1/../../../../arm-none-eabi/lib/thumb/v7-m/nofp\libc_nano.a(lib_a-lock.o)
                0x00000000200042f4                __lock___atexit_recursive_mutex
                0x00000000200042f5                __lock___arc4random_mutex
                0x00000000200042f6                __lock___env_recursive_mutex
                0x00000000200042f7                __lock___sinit_recursive_mutex
                0x00000000200042f8                __lock___malloc_recursive_mutex
                0x00000000200042f9                __lock___at_quick_exit_mutex
                0x00000000200042fa                __lock___dd_hash_mutex
                0x00000000200042fb                __lock___tz_mutex
                0x00000000200042fc                __lock___sfp_recursive_mutex
                0x0000000020004300                . = ALIGN (0x4)
 *fill*         0x00000000200042fd        0x3 
                0x0000000020004300                _ebss = .
                0x0000000020004300                __bss_end__ = _ebss

._user_heap_stack
                0x0000000020004300      0x600 load address 0x0000000008007bb4
                0x0000000020004300                . = ALIGN (0x8)
                [!provide]                        PROVIDE (end = .)
                0x0000000020004300                PROVIDE (_end = .)
                0x0000000020004500                . = (. + _Min_Heap_Size)
 *fill*         0x0000000020004300      0x200 
                0x0000000020004900                . = (. + _Min_Stack_Size)
 *fill*         0x0000000020004500      0x400 
                0x0000000020004900                . = ALIGN (0x8)

/DISCARD/
 libc.a(*)
 libm.a(*)
 libgcc.a(*)

.ARM.attributes
                0x0000000000000000       0x29
 *(.ARM.attributes)
 .ARM.attributes
                0x0000000000000000       0x1d d:/program files/stm32cubeide_1.5.1/stm32cubeide/plugins/com.st.stm32cube.ide.mcu.externaltools.gnu-tools-for-stm32.9-2020-q2-update.win32_2.0.0.202105311346/tools/bin/../lib/gcc/arm-none-eabi/9.3.1/thumb/v7-m/nofp/crti.o
 .ARM.attributes
                0x000000000000001d       0x2d d:/program files/stm32cubeide_1.5.1/stm32cubeide/plugins/com.st.stm32cube.ide.mcu.externaltools.gnu-tools-for-stm32.9-2020-q2-update.win32_2.0.0.202105311346/tools/bin/../lib/gcc/arm-none-eabi/9.3.1/thumb/v7-m/nofp/crtbegin.o
 .ARM.attributes
                0x000000000000004a       0x2d ./Core/Src/freertos.o
 .ARM.attributes
                0x0000000000000077       0x2d ./Core/Src/main.o
 .ARM.attributes
                0x00000000000000a4       0x2d ./Core/Src/stm32f1xx_hal_msp.o
 .ARM.attributes
                0x00000000000000d1       0x2d ./Core/Src/stm32f1xx_hal_timebase_tim.o
 .ARM.attributes
                0x00000000000000fe       0x2d ./Core/Src/stm32f1xx_it.o
 .ARM.attributes
                0x000000000000012b       0x2d ./Core/Src/system_stm32f1xx.o
 .ARM.attributes
                0x0000000000000158       0x21 ./Core/Startup/startup_stm32f103rbtx.o
 .ARM.attributes
                0x0000000000000179       0x2d ./Drivers/STM32F1xx_HAL_Driver/Src/stm32f1xx_hal.o
 .ARM.attributes
                0x00000000000001a6       0x2d ./Drivers/STM32F1xx_HAL_Driver/Src/stm32f1xx_hal_cortex.o
 .ARM.attributes
                0x00000000000001d3       0x2d ./Drivers/STM32F1xx_HAL_Driver/Src/stm32f1xx_hal_dma.o
 .ARM.attributes
                0x0000000000000200       0x2d ./Drivers/STM32F1xx_HAL_Driver/Src/stm32f1xx_hal_gpio.o
 .ARM.attributes
                0x000000000000022d       0x2d ./Drivers/STM32F1xx_HAL_Driver/Src/stm32f1xx_hal_rcc.o
 .ARM.attributes
                0x000000000000025a       0x2d ./Drivers/STM32F1xx_HAL_Driver/Src/stm32f1xx_hal_spi.o
 .ARM.attributes
                0x0000000000000287       0x2d ./Drivers/STM32F1xx_HAL_Driver/Src/stm32f1xx_hal_tim.o
 .ARM.attributes
                0x00000000000002b4       0x2d ./Drivers/STM32F1xx_HAL_Driver/Src/stm32f1xx_hal_tim_ex.o
 .ARM.attributes
                0x00000000000002e1       0x2d ./Drivers/STM32F1xx_HAL_Driver/Src/stm32f1xx_hal_uart.o
 .ARM.attributes
                0x000000000000030e       0x2d ./Library_FREERTOS_HAL/Source/adxl345.o
 .ARM.attributes
                0x000000000000033b       0x2d ./Library_FREERTOS_HAL/Source/adxl345_rtos.o
 .ARM.attributes
                0x0000000000000368       0x2d ./Library_FREERTOS_HAL/Source/exti_freertos.o
 .ARM.attributes
                0x0000000000000395       0x2d ./Library_FREERTOS_HAL/Source/spi_freertos.o
 .ARM.attributes
                0x00000000000003c2       0x2d ./Library_FREERTOS_HAL/Source/uart_freertos.o
 .ARM.attributes
                0x00000000000003ef       0x2d ./Middlewares/Third_Party/FreeRTOS/Source/CMSIS_RTOS/cmsis_os.o
 .ARM.attributes
                0x000000000000041c       0x2d ./Middlewares/Third_Party/FreeRTOS/Source/list.o
 .ARM.attributes
                0x0000000000000449       0x2d ./Middlewares/Third_Party/FreeRTOS/Source/queue.o
 .ARM.attributes
                0x0000000000000476       0x2d ./Middlewares/Third_Party/FreeRTOS/Source/tasks.o
 .ARM.attributes
                0x00000000000004a3       0x2d ./Middlewares/Third_Party/FreeRTOS/Source/portable/GCC/ARM_CM3/port.o
 .ARM.attributes
                0x00000000000004d0       0x2d ./Middlewares/Third_Party/FreeRTOS/Source/portable/MemMang/heap_4.o
 .ARM.attributes
                0x00000000000004fd       0x2d d:/program files/stm32cubeide_1.5.1/stm32cubeide/plugins/com.st.stm32cube.ide.mcu.externaltools.gnu-tools-for-stm32.9-2020-q2-update.win32_2.0.0.202105311346/tools/bin/../lib/gcc/arm-none-eabi/9.3.1/../../../../arm-none-eabi/lib/thumb/v7-m/nofp\libc_nano.a(lib_a-findfp.o)
 .ARM.attributes
                0x000000000000052a       0x2d d:/program files/stm32cubeide_1.5.1/stm32cubeide/plugins/com.st.stm32cube.ide.mcu.externaltools.gnu-tools-for-stm32.9-2020-q2-update.win32_2.0.0.202105311346/tools/bin/../lib/gcc/arm-none-eabi/9.3.1/../../../../arm-none-eabi/lib/thumb/v7-m/nofp\libc_nano.a(lib_a-impure.o)
 .ARM.attributes
                0x0000000000000557       0x2d d:/program files/stm32cubeide_1.5.1/stm32cubeide/plugins/com.st.stm32cube.ide.mcu.externaltools.gnu-tools-for-stm32.9-2020-q2-update.win32_2.0.0.202105311346/tools/bin/../lib/gcc/arm-none-eabi/9.3.1/../../../../arm-none-eabi/lib/thumb/v7-m/nofp\libc_nano.a(lib_a-init.o)
 .ARM.attributes
                0x0000000000000584       0x2d d:/program files/stm32cubeide_1.5.1/stm32cubeide/plugins/com.st.stm32cube.ide.mcu.externaltools.gnu-tools-for-stm32.9-2020-q2-update.win32_2.0.0.202105311346/tools/bin/../lib/gcc/arm-none-eabi/9.3.1/../../../../arm-none-eabi/lib/thumb/v7-m/nofp\libc_nano.a(lib_a-lock.o)
 .ARM.attributes
                0x00000000000005b1       0x2d d:/program files/stm32cubeide_1.5.1/stm32cubeide/plugins/com.st.stm32cube.ide.mcu.externaltools.gnu-tools-for-stm32.9-2020-q2-update.win32_2.0.0.202105311346/tools/bin/../lib/gcc/arm-none-eabi/9.3.1/../../../../arm-none-eabi/lib/thumb/v7-m/nofp\libc_nano.a(lib_a-memcpy-stub.o)
 .ARM.attributes
                0x00000000000005de       0x2d d:/program files/stm32cubeide_1.5.1/stm32cubeide/plugins/com.st.stm32cube.ide.mcu.externaltools.gnu-tools-for-stm32.9-2020-q2-update.win32_2.0.0.202105311346/tools/bin/../lib/gcc/arm-none-eabi/9.3.1/../../../../arm-none-eabi/lib/thumb/v7-m/nofp\libc_nano.a(lib_a-memset.o)
 .ARM.attributes
                0x000000000000060b       0x2d d:/program files/stm32cubeide_1.5.1/stm32cubeide/plugins/com.st.stm32cube.ide.mcu.externaltools.gnu-tools-for-stm32.9-2020-q2-update.win32_2.0.0.202105311346/tools/bin/../lib/gcc/arm-none-eabi/9.3.1/../../../../arm-none-eabi/lib/thumb/v7-m/nofp\libc_nano.a(lib_a-nano-mallocr.o)
 .ARM.attributes
                0x0000000000000638       0x2d d:/program files/stm32cubeide_1.5.1/stm32cubeide/plugins/com.st.stm32cube.ide.mcu.externaltools.gnu-tools-for-stm32.9-2020-q2-update.win32_2.0.0.202105311346/tools/bin/../lib/gcc/arm-none-eabi/9.3.1/../../../../arm-none-eabi/lib/thumb/v7-m/nofp\libc_nano.a(lib_a-reent.o)
 .ARM.attributes
                0x0000000000000665       0x2d d:/program files/stm32cubeide_1.5.1/stm32cubeide/plugins/com.st.stm32cube.ide.mcu.externaltools.gnu-tools-for-stm32.9-2020-q2-update.win32_2.0.0.202105311346/tools/bin/../lib/gcc/arm-none-eabi/9.3.1/../../../../arm-none-eabi/lib/thumb/v7-m/nofp\libc_nano.a(lib_a-mlock.o)
 .ARM.attributes
                0x0000000000000692       0x2d d:/program files/stm32cubeide_1.5.1/stm32cubeide/plugins/com.st.stm32cube.ide.mcu.externaltools.gnu-tools-for-stm32.9-2020-q2-update.win32_2.0.0.202105311346/tools/bin/../lib/gcc/arm-none-eabi/9.3.1/../../../../arm-none-eabi/lib/thumb/v7-m/nofp\libc_nano.a(lib_a-nano-freer.o)
 .ARM.attributes
                0x00000000000006bf       0x1d d:/program files/stm32cubeide_1.5.1/stm32cubeide/plugins/com.st.stm32cube.ide.mcu.externaltools.gnu-tools-for-stm32.9-2020-q2-update.win32_2.0.0.202105311346/tools/bin/../lib/gcc/arm-none-eabi/9.3.1/thumb/v7-m/nofp/crtn.o
OUTPUT(Diplom_First_Step.elf elf32-littlearm)
LOAD linker stubs
LOAD d:/program files/stm32cubeide_1.5.1/stm32cubeide/plugins/com.st.stm32cube.ide.mcu.externaltools.gnu-tools-for-stm32.9-2020-q2-update.win32_2.0.0.202105311346/tools/bin/../lib/gcc/arm-none-eabi/9.3.1/../../../../arm-none-eabi/lib/thumb/v7-m/nofp\libc.a
LOAD d:/program files/stm32cubeide_1.5.1/stm32cubeide/plugins/com.st.stm32cube.ide.mcu.externaltools.gnu-tools-for-stm32.9-2020-q2-update.win32_2.0.0.202105311346/tools/bin/../lib/gcc/arm-none-eabi/9.3.1/../../../../arm-none-eabi/lib/thumb/v7-m/nofp\libm.a
LOAD d:/program files/stm32cubeide_1.5.1/stm32cubeide/plugins/com.st.stm32cube.ide.mcu.externaltools.gnu-tools-for-stm32.9-2020-q2-update.win32_2.0.0.202105311346/tools/bin/../lib/gcc/arm-none-eabi/9.3.1/thumb/v7-m/nofp\libgcc.a

.debug_info     0x0000000000000000    0x1ea9a
 .debug_info    0x0000000000000000      0xc14 ./Core/Src/freertos.o
 .debug_info    0x0000000000000c14     0x2339 ./Core/Src/main.o
 .debug_info    0x0000000000002f4d      0xdeb ./Core/Src/stm32f1xx_hal_msp.o
 .debug_info    0x0000000000003d38      0xa19 ./Core/Src/stm32f1xx_hal_timebase_tim.o
 .debug_info    0x0000000000004751      0xd4f ./Core/Src/stm32f1xx_it.o
 .debug_info    0x00000000000054a0      0x2be ./Core/Src/system_stm32f1xx.o
 .debug_info    0x000000000000575e       0x22 ./Core/Startup/startup_stm32f103rbtx.o
 .debug_info    0x0000000000005780      0x76a ./Drivers/STM32F1xx_HAL_Driver/Src/stm32f1xx_hal.o
 .debug_info    0x0000000000005eea      0xbdc ./Drivers/STM32F1xx_HAL_Driver/Src/stm32f1xx_hal_cortex.o
 .debug_info    0x0000000000006ac6      0x81e ./Drivers/STM32F1xx_HAL_Driver/Src/stm32f1xx_hal_dma.o
 .debug_info    0x00000000000072e4      0x701 ./Drivers/STM32F1xx_HAL_Driver/Src/stm32f1xx_hal_gpio.o
 .debug_info    0x00000000000079e5      0x88e ./Drivers/STM32F1xx_HAL_Driver/Src/stm32f1xx_hal_rcc.o
 .debug_info    0x0000000000008273     0x185d ./Drivers/STM32F1xx_HAL_Driver/Src/stm32f1xx_hal_spi.o
 .debug_info    0x0000000000009ad0     0x2a45 ./Drivers/STM32F1xx_HAL_Driver/Src/stm32f1xx_hal_tim.o
 .debug_info    0x000000000000c515     0x14d5 ./Drivers/STM32F1xx_HAL_Driver/Src/stm32f1xx_hal_tim_ex.o
 .debug_info    0x000000000000d9ea     0x161a ./Drivers/STM32F1xx_HAL_Driver/Src/stm32f1xx_hal_uart.o
 .debug_info    0x000000000000f004     0x1964 ./Library_FREERTOS_HAL/Source/adxl345.o
 .debug_info    0x0000000000010968     0x192f ./Library_FREERTOS_HAL/Source/adxl345_rtos.o
 .debug_info    0x0000000000012297      0xb99 ./Library_FREERTOS_HAL/Source/exti_freertos.o
 .debug_info    0x0000000000012e30     0x1c0a ./Library_FREERTOS_HAL/Source/spi_freertos.o
 .debug_info    0x0000000000014a3a     0x1621 ./Library_FREERTOS_HAL/Source/uart_freertos.o
 .debug_info    0x000000000001605b     0x2027 ./Middlewares/Third_Party/FreeRTOS/Source/CMSIS_RTOS/cmsis_os.o
 .debug_info    0x0000000000018082      0xb7c ./Middlewares/Third_Party/FreeRTOS/Source/list.o
 .debug_info    0x0000000000018bfe     0x2052 ./Middlewares/Third_Party/FreeRTOS/Source/queue.o
 .debug_info    0x000000000001ac50     0x2499 ./Middlewares/Third_Party/FreeRTOS/Source/tasks.o
 .debug_info    0x000000000001d0e9      0xd3a ./Middlewares/Third_Party/FreeRTOS/Source/portable/GCC/ARM_CM3/port.o
 .debug_info    0x000000000001de23      0xc77 ./Middlewares/Third_Party/FreeRTOS/Source/portable/MemMang/heap_4.o

.debug_abbrev   0x0000000000000000     0x40d1
 .debug_abbrev  0x0000000000000000      0x1db ./Core/Src/freertos.o
 .debug_abbrev  0x00000000000001db      0x32e ./Core/Src/main.o
 .debug_abbrev  0x0000000000000509      0x1b5 ./Core/Src/stm32f1xx_hal_msp.o
 .debug_abbrev  0x00000000000006be      0x1bf ./Core/Src/stm32f1xx_hal_timebase_tim.o
 .debug_abbrev  0x000000000000087d      0x187 ./Core/Src/stm32f1xx_it.o
 .debug_abbrev  0x0000000000000a04      0x14e ./Core/Src/system_stm32f1xx.o
 .debug_abbrev  0x0000000000000b52       0x12 ./Core/Startup/startup_stm32f103rbtx.o
 .debug_abbrev  0x0000000000000b64      0x1ed ./Drivers/STM32F1xx_HAL_Driver/Src/stm32f1xx_hal.o
 .debug_abbrev  0x0000000000000d51      0x313 ./Drivers/STM32F1xx_HAL_Driver/Src/stm32f1xx_hal_cortex.o
 .debug_abbrev  0x0000000000001064      0x228 ./Drivers/STM32F1xx_HAL_Driver/Src/stm32f1xx_hal_dma.o
 .debug_abbrev  0x000000000000128c      0x1e8 ./Drivers/STM32F1xx_HAL_Driver/Src/stm32f1xx_hal_gpio.o
 .debug_abbrev  0x0000000000001474      0x273 ./Drivers/STM32F1xx_HAL_Driver/Src/stm32f1xx_hal_rcc.o
 .debug_abbrev  0x00000000000016e7      0x26e ./Drivers/STM32F1xx_HAL_Driver/Src/stm32f1xx_hal_spi.o
 .debug_abbrev  0x0000000000001955      0x25e ./Drivers/STM32F1xx_HAL_Driver/Src/stm32f1xx_hal_tim.o
 .debug_abbrev  0x0000000000001bb3      0x266 ./Drivers/STM32F1xx_HAL_Driver/Src/stm32f1xx_hal_tim_ex.o
 .debug_abbrev  0x0000000000001e19      0x28b ./Drivers/STM32F1xx_HAL_Driver/Src/stm32f1xx_hal_uart.o
 .debug_abbrev  0x00000000000020a4      0x273 ./Library_FREERTOS_HAL/Source/adxl345.o
 .debug_abbrev  0x0000000000002317      0x26c ./Library_FREERTOS_HAL/Source/adxl345_rtos.o
 .debug_abbrev  0x0000000000002583      0x239 ./Library_FREERTOS_HAL/Source/exti_freertos.o
 .debug_abbrev  0x00000000000027bc      0x339 ./Library_FREERTOS_HAL/Source/spi_freertos.o
 .debug_abbrev  0x0000000000002af5      0x2fb ./Library_FREERTOS_HAL/Source/uart_freertos.o
 .debug_abbrev  0x0000000000002df0      0x3c2 ./Middlewares/Third_Party/FreeRTOS/Source/CMSIS_RTOS/cmsis_os.o
 .debug_abbrev  0x00000000000031b2      0x1f7 ./Middlewares/Third_Party/FreeRTOS/Source/list.o
 .debug_abbrev  0x00000000000033a9      0x3a2 ./Middlewares/Third_Party/FreeRTOS/Source/queue.o
 .debug_abbrev  0x000000000000374b      0x380 ./Middlewares/Third_Party/FreeRTOS/Source/tasks.o
 .debug_abbrev  0x0000000000003acb      0x333 ./Middlewares/Third_Party/FreeRTOS/Source/portable/GCC/ARM_CM3/port.o
 .debug_abbrev  0x0000000000003dfe      0x2d3 ./Middlewares/Third_Party/FreeRTOS/Source/portable/MemMang/heap_4.o

.debug_aranges  0x0000000000000000     0x1678
 .debug_aranges
                0x0000000000000000       0x20 ./Core/Src/freertos.o
 .debug_aranges
                0x0000000000000020       0x70 ./Core/Src/main.o
 .debug_aranges
                0x0000000000000090       0x40 ./Core/Src/stm32f1xx_hal_msp.o
 .debug_aranges
                0x00000000000000d0       0x30 ./Core/Src/stm32f1xx_hal_timebase_tim.o
 .debug_aranges
                0x0000000000000100       0x78 ./Core/Src/stm32f1xx_it.o
 .debug_aranges
                0x0000000000000178       0x28 ./Core/Src/system_stm32f1xx.o
 .debug_aranges
                0x00000000000001a0       0x28 ./Core/Startup/startup_stm32f103rbtx.o
 .debug_aranges
                0x00000000000001c8       0xe0 ./Drivers/STM32F1xx_HAL_Driver/Src/stm32f1xx_hal.o
 .debug_aranges
                0x00000000000002a8      0x100 ./Drivers/STM32F1xx_HAL_Driver/Src/stm32f1xx_hal_cortex.o
 .debug_aranges
                0x00000000000003a8       0x80 ./Drivers/STM32F1xx_HAL_Driver/Src/stm32f1xx_hal_dma.o
 .debug_aranges
                0x0000000000000428       0x58 ./Drivers/STM32F1xx_HAL_Driver/Src/stm32f1xx_hal_gpio.o
 .debug_aranges
                0x0000000000000480       0x90 ./Drivers/STM32F1xx_HAL_Driver/Src/stm32f1xx_hal_rcc.o
 .debug_aranges
                0x0000000000000510      0x1e0 ./Drivers/STM32F1xx_HAL_Driver/Src/stm32f1xx_hal_spi.o
 .debug_aranges
                0x00000000000006f0      0x3d0 ./Drivers/STM32F1xx_HAL_Driver/Src/stm32f1xx_hal_tim.o
 .debug_aranges
                0x0000000000000ac0      0x168 ./Drivers/STM32F1xx_HAL_Driver/Src/stm32f1xx_hal_tim_ex.o
 .debug_aranges
                0x0000000000000c28      0x200 ./Drivers/STM32F1xx_HAL_Driver/Src/stm32f1xx_hal_uart.o
 .debug_aranges
                0x0000000000000e28       0xb0 ./Library_FREERTOS_HAL/Source/adxl345.o
 .debug_aranges
                0x0000000000000ed8       0x50 ./Library_FREERTOS_HAL/Source/adxl345_rtos.o
 .debug_aranges
                0x0000000000000f28       0x48 ./Library_FREERTOS_HAL/Source/exti_freertos.o
 .debug_aranges
                0x0000000000000f70       0xd0 ./Library_FREERTOS_HAL/Source/spi_freertos.o
 .debug_aranges
                0x0000000000001040       0x98 ./Library_FREERTOS_HAL/Source/uart_freertos.o
 .debug_aranges
                0x00000000000010d8      0x1d8 ./Middlewares/Third_Party/FreeRTOS/Source/CMSIS_RTOS/cmsis_os.o
 .debug_aranges
                0x00000000000012b0       0x40 ./Middlewares/Third_Party/FreeRTOS/Source/list.o
 .debug_aranges
                0x00000000000012f0      0x118 ./Middlewares/Third_Party/FreeRTOS/Source/queue.o
 .debug_aranges
                0x0000000000001408      0x1a8 ./Middlewares/Third_Party/FreeRTOS/Source/tasks.o
 .debug_aranges
                0x00000000000015b0       0x78 ./Middlewares/Third_Party/FreeRTOS/Source/portable/GCC/ARM_CM3/port.o
 .debug_aranges
                0x0000000000001628       0x50 ./Middlewares/Third_Party/FreeRTOS/Source/portable/MemMang/heap_4.o

.debug_ranges   0x0000000000000000     0x1500
 .debug_ranges  0x0000000000000000       0x10 ./Core/Src/freertos.o
 .debug_ranges  0x0000000000000010       0x60 ./Core/Src/main.o
 .debug_ranges  0x0000000000000070       0x30 ./Core/Src/stm32f1xx_hal_msp.o
 .debug_ranges  0x00000000000000a0       0x20 ./Core/Src/stm32f1xx_hal_timebase_tim.o
 .debug_ranges  0x00000000000000c0       0x68 ./Core/Src/stm32f1xx_it.o
 .debug_ranges  0x0000000000000128       0x18 ./Core/Src/system_stm32f1xx.o
 .debug_ranges  0x0000000000000140       0x20 ./Core/Startup/startup_stm32f103rbtx.o
 .debug_ranges  0x0000000000000160       0xd0 ./Drivers/STM32F1xx_HAL_Driver/Src/stm32f1xx_hal.o
 .debug_ranges  0x0000000000000230       0xf0 ./Drivers/STM32F1xx_HAL_Driver/Src/stm32f1xx_hal_cortex.o
 .debug_ranges  0x0000000000000320       0x70 ./Drivers/STM32F1xx_HAL_Driver/Src/stm32f1xx_hal_dma.o
 .debug_ranges  0x0000000000000390       0x48 ./Drivers/STM32F1xx_HAL_Driver/Src/stm32f1xx_hal_gpio.o
 .debug_ranges  0x00000000000003d8       0x80 ./Drivers/STM32F1xx_HAL_Driver/Src/stm32f1xx_hal_rcc.o
 .debug_ranges  0x0000000000000458      0x1d0 ./Drivers/STM32F1xx_HAL_Driver/Src/stm32f1xx_hal_spi.o
 .debug_ranges  0x0000000000000628      0x3c0 ./Drivers/STM32F1xx_HAL_Driver/Src/stm32f1xx_hal_tim.o
 .debug_ranges  0x00000000000009e8      0x158 ./Drivers/STM32F1xx_HAL_Driver/Src/stm32f1xx_hal_tim_ex.o
 .debug_ranges  0x0000000000000b40      0x220 ./Drivers/STM32F1xx_HAL_Driver/Src/stm32f1xx_hal_uart.o
 .debug_ranges  0x0000000000000d60       0xa0 ./Library_FREERTOS_HAL/Source/adxl345.o
 .debug_ranges  0x0000000000000e00       0x40 ./Library_FREERTOS_HAL/Source/adxl345_rtos.o
 .debug_ranges  0x0000000000000e40       0x38 ./Library_FREERTOS_HAL/Source/exti_freertos.o
 .debug_ranges  0x0000000000000e78       0xc0 ./Library_FREERTOS_HAL/Source/spi_freertos.o
 .debug_ranges  0x0000000000000f38       0x88 ./Library_FREERTOS_HAL/Source/uart_freertos.o
 .debug_ranges  0x0000000000000fc0      0x1c8 ./Middlewares/Third_Party/FreeRTOS/Source/CMSIS_RTOS/cmsis_os.o
 .debug_ranges  0x0000000000001188       0x30 ./Middlewares/Third_Party/FreeRTOS/Source/list.o
 .debug_ranges  0x00000000000011b8      0x108 ./Middlewares/Third_Party/FreeRTOS/Source/queue.o
 .debug_ranges  0x00000000000012c0      0x198 ./Middlewares/Third_Party/FreeRTOS/Source/tasks.o
 .debug_ranges  0x0000000000001458       0x68 ./Middlewares/Third_Party/FreeRTOS/Source/portable/GCC/ARM_CM3/port.o
 .debug_ranges  0x00000000000014c0       0x40 ./Middlewares/Third_Party/FreeRTOS/Source/portable/MemMang/heap_4.o

.debug_macro    0x0000000000000000    0x1aac3
 .debug_macro   0x0000000000000000      0x2c1 ./Core/Src/freertos.o
 .debug_macro   0x00000000000002c1      0xa9c ./Core/Src/freertos.o
 .debug_macro   0x0000000000000d5d      0x174 ./Core/Src/freertos.o
 .debug_macro   0x0000000000000ed1       0x22 ./Core/Src/freertos.o
 .debug_macro   0x0000000000000ef3       0x8e ./Core/Src/freertos.o
 .debug_macro   0x0000000000000f81       0x51 ./Core/Src/freertos.o
 .debug_macro   0x0000000000000fd2      0x103 ./Core/Src/freertos.o
 .debug_macro   0x00000000000010d5       0x6a ./Core/Src/freertos.o
 .debug_macro   0x000000000000113f      0x1df ./Core/Src/freertos.o
 .debug_macro   0x000000000000131e       0xe3 ./Core/Src/freertos.o
 .debug_macro   0x0000000000001401      0x15a ./Core/Src/freertos.o
 .debug_macro   0x000000000000155b       0xd7 ./Core/Src/freertos.o
 .debug_macro   0x0000000000001632       0x10 ./Core/Src/freertos.o
 .debug_macro   0x0000000000001642       0x1f ./Core/Src/freertos.o
 .debug_macro   0x0000000000001661       0x52 ./Core/Src/freertos.o
 .debug_macro   0x00000000000016b3       0x18 ./Core/Src/freertos.o
 .debug_macro   0x00000000000016cb       0x3c ./Core/Src/freertos.o
 .debug_macro   0x0000000000001707       0x34 ./Core/Src/freertos.o
 .debug_macro   0x000000000000173b       0x16 ./Core/Src/freertos.o
 .debug_macro   0x0000000000001751       0x43 ./Core/Src/freertos.o
 .debug_macro   0x0000000000001794       0x34 ./Core/Src/freertos.o
 .debug_macro   0x00000000000017c8       0x10 ./Core/Src/freertos.o
 .debug_macro   0x00000000000017d8       0x58 ./Core/Src/freertos.o
 .debug_macro   0x0000000000001830       0x71 ./Core/Src/freertos.o
 .debug_macro   0x00000000000018a1       0x1c ./Core/Src/freertos.o
 .debug_macro   0x00000000000018bd      0x12a ./Core/Src/freertos.o
 .debug_macro   0x00000000000019e7       0x10 ./Core/Src/freertos.o
 .debug_macro   0x00000000000019f7       0x35 ./Core/Src/freertos.o
 .debug_macro   0x0000000000001a2c      0x4aa ./Core/Src/freertos.o
 .debug_macro   0x0000000000001ed6       0xb5 ./Core/Src/freertos.o
 .debug_macro   0x0000000000001f8b       0x8c ./Core/Src/freertos.o
 .debug_macro   0x0000000000002017      0x227 ./Core/Src/freertos.o
 .debug_macro   0x000000000000223e       0x2e ./Core/Src/freertos.o
 .debug_macro   0x000000000000226c       0x22 ./Core/Src/freertos.o
 .debug_macro   0x000000000000228e       0x1c ./Core/Src/freertos.o
 .debug_macro   0x00000000000022aa       0x22 ./Core/Src/freertos.o
 .debug_macro   0x00000000000022cc       0xc3 ./Core/Src/freertos.o
 .debug_macro   0x000000000000238f      0xd23 ./Core/Src/freertos.o
 .debug_macro   0x00000000000030b2     0xe09e ./Core/Src/freertos.o
 .debug_macro   0x0000000000011150       0x6d ./Core/Src/freertos.o
 .debug_macro   0x00000000000111bd     0x3468 ./Core/Src/freertos.o
 .debug_macro   0x0000000000014625       0x5c ./Core/Src/freertos.o
 .debug_macro   0x0000000000014681      0x5be ./Core/Src/freertos.o
 .debug_macro   0x0000000000014c3f      0x289 ./Core/Src/freertos.o
 .debug_macro   0x0000000000014ec8      0x1cb ./Core/Src/freertos.o
 .debug_macro   0x0000000000015093      0x114 ./Core/Src/freertos.o
 .debug_macro   0x00000000000151a7      0x1b2 ./Core/Src/freertos.o
 .debug_macro   0x0000000000015359       0x27 ./Core/Src/freertos.o
 .debug_macro   0x0000000000015380      0x136 ./Core/Src/freertos.o
 .debug_macro   0x00000000000154b6      0x1bc ./Core/Src/freertos.o
 .debug_macro   0x0000000000015672       0x34 ./Core/Src/freertos.o
 .debug_macro   0x00000000000156a6       0x3c ./Core/Src/freertos.o
 .debug_macro   0x00000000000156e2       0x57 ./Core/Src/freertos.o
 .debug_macro   0x0000000000015739       0x88 ./Core/Src/freertos.o
 .debug_macro   0x00000000000157c1      0x241 ./Core/Src/freertos.o
 .debug_macro   0x0000000000015a02      0x141 ./Core/Src/freertos.o
 .debug_macro   0x0000000000015b43      0x21e ./Core/Src/freertos.o
 .debug_macro   0x0000000000015d61      0x8d1 ./Core/Src/freertos.o
 .debug_macro   0x0000000000016632      0x279 ./Core/Src/freertos.o
 .debug_macro   0x00000000000168ab       0x83 ./Core/Src/freertos.o
 .debug_macro   0x000000000001692e       0x7c ./Core/Src/freertos.o
 .debug_macro   0x00000000000169aa      0x44b ./Core/Src/main.o
 .debug_macro   0x0000000000016df5       0xe3 ./Core/Src/main.o
 .debug_macro   0x0000000000016ed8       0x91 ./Core/Src/main.o
 .debug_macro   0x0000000000016f69       0x8d ./Core/Src/main.o
 .debug_macro   0x0000000000016ff6       0x7e ./Core/Src/main.o
 .debug_macro   0x0000000000017074       0x19 ./Core/Src/main.o
 .debug_macro   0x000000000001708d       0xf2 ./Core/Src/main.o
 .debug_macro   0x000000000001717f      0x148 ./Core/Src/main.o
 .debug_macro   0x00000000000172c7       0x1c ./Core/Src/main.o
 .debug_macro   0x00000000000172e3      0x333 ./Core/Src/main.o
 .debug_macro   0x0000000000017616       0x10 ./Core/Src/main.o
 .debug_macro   0x0000000000017626       0x10 ./Core/Src/main.o
 .debug_macro   0x0000000000017636       0x1c ./Core/Src/main.o
 .debug_macro   0x0000000000017652       0x52 ./Core/Src/main.o
 .debug_macro   0x00000000000176a4       0x22 ./Core/Src/main.o
 .debug_macro   0x00000000000176c6       0x10 ./Core/Src/main.o
 .debug_macro   0x00000000000176d6       0x40 ./Core/Src/main.o
 .debug_macro   0x0000000000017716       0xd5 ./Core/Src/main.o
 .debug_macro   0x00000000000177eb       0x1c ./Core/Src/main.o
 .debug_macro   0x0000000000017807       0x3d ./Core/Src/main.o
 .debug_macro   0x0000000000017844       0x16 ./Core/Src/main.o
 .debug_macro   0x000000000001785a      0x145 ./Core/Src/main.o
 .debug_macro   0x000000000001799f      0x1bc ./Core/Src/stm32f1xx_hal_msp.o
 .debug_macro   0x0000000000017b5b      0x1ad ./Core/Src/stm32f1xx_hal_timebase_tim.o
 .debug_macro   0x0000000000017d08      0x1c6 ./Core/Src/stm32f1xx_it.o
 .debug_macro   0x0000000000017ece      0x1ad ./Core/Src/system_stm32f1xx.o
 .debug_macro   0x000000000001807b      0x1d1 ./Drivers/STM32F1xx_HAL_Driver/Src/stm32f1xx_hal.o
 .debug_macro   0x000000000001824c      0x1ad ./Drivers/STM32F1xx_HAL_Driver/Src/stm32f1xx_hal_cortex.o
 .debug_macro   0x00000000000183f9      0x1ad ./Drivers/STM32F1xx_HAL_Driver/Src/stm32f1xx_hal_dma.o
 .debug_macro   0x00000000000185a6      0x218 ./Drivers/STM32F1xx_HAL_Driver/Src/stm32f1xx_hal_gpio.o
 .debug_macro   0x00000000000187be      0x1bf ./Drivers/STM32F1xx_HAL_Driver/Src/stm32f1xx_hal_rcc.o
 .debug_macro   0x000000000001897d      0x1b5 ./Drivers/STM32F1xx_HAL_Driver/Src/stm32f1xx_hal_spi.o
 .debug_macro   0x0000000000018b32      0x1ae ./Drivers/STM32F1xx_HAL_Driver/Src/stm32f1xx_hal_tim.o
 .debug_macro   0x0000000000018ce0      0x1ad ./Drivers/STM32F1xx_HAL_Driver/Src/stm32f1xx_hal_tim_ex.o
 .debug_macro   0x0000000000018e8d      0x1ae ./Drivers/STM32F1xx_HAL_Driver/Src/stm32f1xx_hal_uart.o
 .debug_macro   0x000000000001903b      0x2e8 ./Library_FREERTOS_HAL/Source/adxl345.o
 .debug_macro   0x0000000000019323      0x34b ./Library_FREERTOS_HAL/Source/adxl345_rtos.o
 .debug_macro   0x000000000001966e      0x177 ./Library_FREERTOS_HAL/Source/exti_freertos.o
 .debug_macro   0x00000000000197e5      0x2d9 ./Library_FREERTOS_HAL/Source/spi_freertos.o
 .debug_macro   0x0000000000019abe      0x2c0 ./Library_FREERTOS_HAL/Source/uart_freertos.o
 .debug_macro   0x0000000000019d7e      0x210 ./Middlewares/Third_Party/FreeRTOS/Source/CMSIS_RTOS/cmsis_os.o
 .debug_macro   0x0000000000019f8e       0x10 ./Middlewares/Third_Party/FreeRTOS/Source/CMSIS_RTOS/cmsis_os.o
 .debug_macro   0x0000000000019f9e       0x20 ./Middlewares/Third_Party/FreeRTOS/Source/CMSIS_RTOS/cmsis_os.o
 .debug_macro   0x0000000000019fbe       0x16 ./Middlewares/Third_Party/FreeRTOS/Source/CMSIS_RTOS/cmsis_os.o
 .debug_macro   0x0000000000019fd4       0xab ./Middlewares/Third_Party/FreeRTOS/Source/CMSIS_RTOS/cmsis_os.o
 .debug_macro   0x000000000001a07f      0x199 ./Middlewares/Third_Party/FreeRTOS/Source/list.o
 .debug_macro   0x000000000001a218      0x224 ./Middlewares/Third_Party/FreeRTOS/Source/queue.o
 .debug_macro   0x000000000001a43c       0x16 ./Middlewares/Third_Party/FreeRTOS/Source/queue.o
 .debug_macro   0x000000000001a452      0x292 ./Middlewares/Third_Party/FreeRTOS/Source/tasks.o
 .debug_macro   0x000000000001a6e4       0x10 ./Middlewares/Third_Party/FreeRTOS/Source/tasks.o
 .debug_macro   0x000000000001a6f4      0x20f ./Middlewares/Third_Party/FreeRTOS/Source/portable/GCC/ARM_CM3/port.o
 .debug_macro   0x000000000001a903      0x1c0 ./Middlewares/Third_Party/FreeRTOS/Source/portable/MemMang/heap_4.o

.debug_line     0x0000000000000000    0x18b4a
 .debug_line    0x0000000000000000      0x8f6 ./Core/Src/freertos.o
 .debug_line    0x00000000000008f6      0xd50 ./Core/Src/main.o